07-19 14:06:24.484 13965 13965 E AndroidRuntime: 	at android.view.ViewGroup.dispatchDraw(ViewGroup.java:4054)
07-19 14:06:24.484 13965 13965 E AndroidRuntime: 	at com.facebook.react.views.view.ReactViewGroup.dispatchDraw(ReactViewGroup.java:665)
07-19 14:06:24.484 13965 13965 E AndroidRuntime: 	at android.view.View.draw(View.java:19317)
07-19 14:06:24.484 13965 13965 E AndroidRuntime: 	at android.view.View.updateDisplayListIfDirty(View.java:18250)
07-19 14:06:24.484 13965 13965 E AndroidRuntime: 	at android.view.View.draw(View.java:19042)
07-19 14:06:24.484 13965 13965 E AndroidRuntime: 	at android.view.ViewGroup.drawChild(ViewGroup.java:4271)
07-19 14:06:24.484 13965 13965 E AndroidRuntime: 	at android.view.ViewGroup.dispatchDraw(ViewGroup.java:4054)
07-19 14:06:24.484 13965 13965 E AndroidRuntime: 	at com.facebook.react.views.view.ReactViewGroup.dispatchDraw(ReactViewGroup.java:665)
07-19 14:06:24.484 13965 13965 E AndroidRuntime: 	at android.view.View.updateDisplayListIfDirty(View.java:18241)
07-19 14:06:24.484 13965 13965 E AndroidRuntime: 	at android.view.View.draw(View.java:19042)
07-19 14:06:24.484 13965 13965 E AndroidRuntime: 	at android.view.ViewGroup.drawChild(ViewGroup.java:4271)
07-19 14:06:24.484 13965 13965 E AndroidRuntime: 	at android.view.ViewGroup.dispatchDraw(ViewGroup.java:4054)
07-19 14:06:24.484 13965 13965 E AndroidRuntime: 	at com.facebook.react.ReactRootView.dispatchDraw(ReactRootView.java:209)
07-19 14:06:24.484 13965 13965 E AndroidRuntime: 	at android.view.View.updateDisplayListIfDirty(View.java:18241)
07-19 14:06:24.484 13965 13965 E AndroidRuntime: 	at android.view.View.draw(View.java:19042)
07-19 14:06:24.484 13965 13965 E AndroidRuntime: 	at android.view.ViewGroup.drawChild(ViewGroup.java:4271)
07-19 14:06:24.484 13965 13965 E AndroidRuntime: 	at android.view.ViewGroup.dispatchDraw(ViewGroup.java:4054)
07-19 14:06:24.484 13965 13965 E AndroidRuntime: 	at android.view.View.updateDisplayListIfDirty(View.java:18241)
07-19 14:06:24.484 13965 13965 E AndroidRuntime: 	at android.view.View.draw(View.java:19042)
07-19 14:06:24.484 13965 13965 E AndroidRuntime: 	at android.view.ViewGroup.drawChild(ViewGroup.java:4271)
07-19 14:06:24.484 13965 13965 E AndroidRuntime: 	at android.view.ViewGroup.dispatchDraw(ViewGroup.java:4054)
07-19 14:06:24.484 13965 13965 E AndroidRuntime: 	at android.view.View.updateDisplayListIfDirty(View.java:18241)
07-19 14:06:24.484 13965 13965 E AndroidRuntime: 	at android.view.View.draw(View.java:19042)
07-19 14:06:24.484 13965 13965 E AndroidRuntime: 	at android.view.ViewGroup.drawChild(ViewGroup.java:4271)
07-19 14:06:24.484 13965 13965 E AndroidRuntime: 	at android.view.ViewGroup.dispatchDraw(ViewGroup.java:4054)
07-19 14:06:24.484 13965 13965 E AndroidRuntime: 	at android.view.View.draw(View.java:19317)
07-19 14:06:24.484 13965 13965 E AndroidRuntime: 	at com.android.internal.policy.DecorView.draw(DecorView.java:912)
07-19 14:06:24.484 13965 13965 E AndroidRuntime: 	at android.view.View.updateDisplayListIfDirty(View.java:18250)
07-19 14:06:24.484 13965 13965 E AndroidRuntime: 	at android.view.ThreadedRenderer.updateViewTreeDisplayList(ThreadedRenderer.java:684)
07-19 14:06:24.484 13965 13965 E AndroidRuntime: 	at android.view.ThreadedRenderer.updateRootDisplayList(ThreadedRenderer.java:690)
07-19 14:06:24.484 13965 13965 E AndroidRuntime: 	at android.view.ThreadedRenderer.draw(ThreadedRenderer.java:804)
07-19 14:06:24.484 13965 13965 E AndroidRuntime: 	at android.view.ViewRootImpl.draw(ViewRootImpl.java:3178)
07-19 14:06:24.484 13965 13965 E AndroidRuntime: 	at android.view.ViewRootImpl.performDraw(ViewRootImpl.java:2976)
07-19 14:06:24.484 13965 13965 E AndroidRuntime: 	at android.view.ViewRootImpl.performTraversals(ViewRootImpl.java:2505)
07-19 14:06:24.484 13965 13965 E AndroidRuntime: 	at android.view.ViewRootImpl.doTraversal(ViewRootImpl.java:1512)
07-19 14:06:24.484 13965 13965 E AndroidRuntime: 	at android.view.ViewRootImpl$TraversalRunnable.run(ViewRootImpl.java:7218)
07-19 14:06:24.484 13965 13965 E AndroidRuntime: 	at android.view.Choreographer$CallbackRecord.run(Choreographer.java:981)
07-19 14:06:24.484 13965 13965 E AndroidRuntime: 	at android.view.Choreographer.doCallbacks(Choreographer.java:790)
07-19 14:06:24.484 13965 13965 E AndroidRuntime: 	at android.view.Choreographer.doFrame(Choreographer.java:721)
07-19 14:06:24.484 13965 13965 E AndroidRuntime: 	at android.view.Choreographer$FrameDisplayEventReceiver.run(Choreographer.java:967)
07-19 14:06:24.484 13965 13965 E AndroidRuntime: 	at android.os.Handler.handleCallback(Handler.java:808)
07-19 14:06:24.484 13965 13965 E AndroidRuntime: 	at android.os.Handler.dispatchMessage(Handler.java:101)
07-19 14:06:24.484 13965 13965 E AndroidRuntime: 	at android.os.Looper.loop(Looper.java:218)
07-19 14:06:24.484 13965 13965 E AndroidRuntime: 	at android.app.ActivityThread.main(ActivityThread.java:7415)
07-19 14:06:24.484 13965 13965 E AndroidRuntime: 	at java.lang.reflect.Method.invoke(Native Method)
07-19 14:06:24.484 13965 13965 E AndroidRuntime: 	at com.android.internal.os.Zygote$MethodAndArgsCaller.run(Zygote.java:245)
07-19 14:06:24.484 13965 13965 E AndroidRuntime: 	at com.android.internal.os.ZygoteInit.main(ZygoteInit.java:921)
07-19 14:06:24.484 13965 13965 E AndroidRuntime: Caused by: java.io.IOException: setPreviewTexture failed
07-19 14:06:24.484 13965 13965 E AndroidRuntime: 	at android.hardware.Camera.setPreviewTexture(Native Method)
07-19 14:06:24.484 13965 13965 E AndroidRuntime: 	at com.google.android.cameraview.Camera1.setUpPreview(Camera1.java:173)
07-19 14:06:24.484 13965 13965 E AndroidRuntime: 	... 66 more
07-19 15:09:26.640 14022 14022 E AndroidRuntime: FATAL EXCEPTION: main
07-19 15:09:26.640 14022 14022 E AndroidRuntime: Process: de.mpg.mpdl.labcam, PID: 14022
07-19 15:09:26.640 14022 14022 E AndroidRuntime: java.lang.RuntimeException: setParameters failed
07-19 15:09:26.640 14022 14022 E AndroidRuntime: 	at android.hardware.Camera.native_setParameters(Native Method)
07-19 15:09:26.640 14022 14022 E AndroidRuntime: 	at android.hardware.Camera.setParameters(Camera.java:1911)
07-19 15:09:26.640 14022 14022 E AndroidRuntime: 	at com.google.android.cameraview.Camera1.setDisplayOrientation(Camera1.java:402)
07-19 15:09:26.640 14022 14022 E AndroidRuntime: 	at com.google.android.cameraview.CameraView$1.onDisplayOrientationChanged(CameraView.java:119)
07-19 15:09:26.640 14022 14022 E AndroidRuntime: 	at com.google.android.cameraview.DisplayOrientationDetector.dispatchOnDisplayOrientationChanged(DisplayOrientationDetector.java:86)
07-19 15:09:26.640 14022 14022 E AndroidRuntime: 	at com.google.android.cameraview.DisplayOrientationDetector$1.onOrientationChanged(DisplayOrientationDetector.java:62)
07-19 15:09:26.640 14022 14022 E AndroidRuntime: 	at android.view.OrientationEventListener$SensorEventListenerImpl.onSensorChanged(OrientationEventListener.java:157)
07-19 15:09:26.640 14022 14022 E AndroidRuntime: 	at android.hardware.SystemSensorManager$SensorEventQueue.dispatchSensorEvent(SystemSensorManager.java:846)
07-19 15:09:26.640 14022 14022 E AndroidRuntime: 	at android.os.MessageQueue.nativePollOnce(Native Method)
07-19 15:09:26.640 14022 14022 E AndroidRuntime: 	at android.os.MessageQueue.next(MessageQueue.java:379)
07-19 15:09:26.640 14022 14022 E AndroidRuntime: 	at android.os.Looper.loop(Looper.java:201)
07-19 15:09:26.640 14022 14022 E AndroidRuntime: 	at android.app.ActivityThread.main(ActivityThread.java:7415)
07-19 15:09:26.640 14022 14022 E AndroidRuntime: 	at java.lang.reflect.Method.invoke(Native Method)
07-19 15:09:26.640 14022 14022 E AndroidRuntime: 	at com.android.internal.os.Zygote$MethodAndArgsCaller.run(Zygote.java:245)
07-19 15:09:26.640 14022 14022 E AndroidRuntime: 	at com.android.internal.os.ZygoteInit.main(ZygoteInit.java:921)
07-19 15:48:43.657 20144 20144 E AndroidRuntime: FATAL EXCEPTION: main
07-19 15:48:43.657 20144 20144 E AndroidRuntime: Process: de.mpg.mpdl.labcam, PID: 20144
07-19 15:48:43.657 20144 20144 E AndroidRuntime: java.lang.RuntimeException: setParameters failed
07-19 15:48:43.657 20144 20144 E AndroidRuntime: 	at android.hardware.Camera.native_setParameters(Native Method)
07-19 15:48:43.657 20144 20144 E AndroidRuntime: 	at android.hardware.Camera.setParameters(Camera.java:1911)
07-19 15:48:43.657 20144 20144 E AndroidRuntime: 	at com.google.android.cameraview.Camera1.setDisplayOrientation(Camera1.java:402)
07-19 15:48:43.657 20144 20144 E AndroidRuntime: 	at com.google.android.cameraview.CameraView$1.onDisplayOrientationChanged(CameraView.java:119)
07-19 15:48:43.657 20144 20144 E AndroidRuntime: 	at com.google.android.cameraview.DisplayOrientationDetector.dispatchOnDisplayOrientationChanged(DisplayOrientationDetector.java:86)
07-19 15:48:43.657 20144 20144 E AndroidRuntime: 	at com.google.android.cameraview.DisplayOrientationDetector$1.onOrientationChanged(DisplayOrientationDetector.java:62)
07-19 15:48:43.657 20144 20144 E AndroidRuntime: 	at android.view.OrientationEventListener$SensorEventListenerImpl.onSensorChanged(OrientationEventListener.java:157)
07-19 15:48:43.657 20144 20144 E AndroidRuntime: 	at android.hardware.SystemSensorManager$SensorEventQueue.dispatchSensorEvent(SystemSensorManager.java:846)
07-19 15:48:43.657 20144 20144 E AndroidRuntime: 	at android.os.MessageQueue.nativePollOnce(Native Method)
07-19 15:48:43.657 20144 20144 E AndroidRuntime: 	at android.os.MessageQueue.next(MessageQueue.java:379)
07-19 15:48:43.657 20144 20144 E AndroidRuntime: 	at android.os.Looper.loop(Looper.java:201)
07-19 15:48:43.657 20144 20144 E AndroidRuntime: 	at android.app.ActivityThread.main(ActivityThread.java:7415)
07-19 15:48:43.657 20144 20144 E AndroidRuntime: 	at java.lang.reflect.Method.invoke(Native Method)
07-19 15:48:43.657 20144 20144 E AndroidRuntime: 	at com.android.internal.os.Zygote$MethodAndArgsCaller.run(Zygote.java:245)
07-19 15:48:43.657 20144 20144 E AndroidRuntime: 	at com.android.internal.os.ZygoteInit.main(ZygoteInit.java:921)
07-19 15:49:00.756 26720 26720 E AndroidRuntime: FATAL EXCEPTION: main
07-19 15:49:00.756 26720 26720 E AndroidRuntime: Process: de.mpg.mpdl.labcam, PID: 26720
07-19 15:49:00.756 26720 26720 E AndroidRuntime: java.lang.RuntimeException: setParameters failed
07-19 15:49:00.756 26720 26720 E AndroidRuntime: 	at android.hardware.Camera.native_setParameters(Native Method)
07-19 15:49:00.756 26720 26720 E AndroidRuntime: 	at android.hardware.Camera.setParameters(Camera.java:1911)
07-19 15:49:00.756 26720 26720 E AndroidRuntime: 	at com.google.android.cameraview.Camera1.setDisplayOrientation(Camera1.java:402)
07-19 15:49:00.756 26720 26720 E AndroidRuntime: 	at com.google.android.cameraview.CameraView$1.onDisplayOrientationChanged(CameraView.java:119)
07-19 15:49:00.756 26720 26720 E AndroidRuntime: 	at com.google.android.cameraview.DisplayOrientationDetector.dispatchOnDisplayOrientationChanged(DisplayOrientationDetector.java:86)
07-19 15:49:00.756 26720 26720 E AndroidRuntime: 	at com.google.android.cameraview.DisplayOrientationDetector$1.onOrientationChanged(DisplayOrientationDetector.java:62)
07-19 15:49:00.756 26720 26720 E AndroidRuntime: 	at android.view.OrientationEventListener$SensorEventListenerImpl.onSensorChanged(OrientationEventListener.java:157)
07-19 15:49:00.756 26720 26720 E AndroidRuntime: 	at android.hardware.SystemSensorManager$SensorEventQueue.dispatchSensorEvent(SystemSensorManager.java:846)
07-19 15:49:00.756 26720 26720 E AndroidRuntime: 	at android.os.MessageQueue.nativePollOnce(Native Method)
07-19 15:49:00.756 26720 26720 E AndroidRuntime: 	at android.os.MessageQueue.next(MessageQueue.java:379)
07-19 15:49:00.756 26720 26720 E AndroidRuntime: 	at android.os.Looper.loop(Looper.java:201)
07-19 15:49:00.756 26720 26720 E AndroidRuntime: 	at android.app.ActivityThread.main(ActivityThread.java:7415)
07-19 15:49:00.756 26720 26720 E AndroidRuntime: 	at java.lang.reflect.Method.invoke(Native Method)
07-19 15:49:00.756 26720 26720 E AndroidRuntime: 	at com.android.internal.os.Zygote$MethodAndArgsCaller.run(Zygote.java:245)
07-19 15:49:00.756 26720 26720 E AndroidRuntime: 	at com.android.internal.os.ZygoteInit.main(ZygoteInit.java:921)
07-19 15:49:34.017 28168 28168 E AndroidRuntime: FATAL EXCEPTION: main
07-19 15:49:34.017 28168 28168 E AndroidRuntime: Process: de.mpg.mpdl.labcam, PID: 28168
07-19 15:49:34.017 28168 28168 E AndroidRuntime: java.lang.RuntimeException: setParameters failed
07-19 15:49:34.017 28168 28168 E AndroidRuntime: 	at android.hardware.Camera.native_setParameters(Native Method)
07-19 15:49:34.017 28168 28168 E AndroidRuntime: 	at android.hardware.Camera.setParameters(Camera.java:1911)
07-19 15:49:34.017 28168 28168 E AndroidRuntime: 	at com.google.android.cameraview.Camera1.setDisplayOrientation(Camera1.java:402)
07-19 15:49:34.017 28168 28168 E AndroidRuntime: 	at com.google.android.cameraview.CameraView$1.onDisplayOrientationChanged(CameraView.java:119)
07-19 15:49:34.017 28168 28168 E AndroidRuntime: 	at com.google.android.cameraview.DisplayOrientationDetector.dispatchOnDisplayOrientationChanged(DisplayOrientationDetector.java:86)
07-19 15:49:34.017 28168 28168 E AndroidRuntime: 	at com.google.android.cameraview.DisplayOrientationDetector$1.onOrientationChanged(DisplayOrientationDetector.java:62)
07-19 15:49:34.017 28168 28168 E AndroidRuntime: 	at android.view.OrientationEventListener$SensorEventListenerImpl.onSensorChanged(OrientationEventListener.java:157)
07-19 15:49:34.017 28168 28168 E AndroidRuntime: 	at android.hardware.SystemSensorManager$SensorEventQueue.dispatchSensorEvent(SystemSensorManager.java:846)
07-19 15:49:34.017 28168 28168 E AndroidRuntime: 	at android.os.MessageQueue.nativePollOnce(Native Method)
07-19 15:49:34.017 28168 28168 E AndroidRuntime: 	at android.os.MessageQueue.next(MessageQueue.java:379)
07-19 15:49:34.017 28168 28168 E AndroidRuntime: 	at android.os.Looper.loop(Looper.java:201)
07-19 15:49:34.017 28168 28168 E AndroidRuntime: 	at android.app.ActivityThread.main(ActivityThread.java:7415)
07-19 15:49:34.017 28168 28168 E AndroidRuntime: 	at java.lang.reflect.Method.invoke(Native Method)
07-19 15:49:34.017 28168 28168 E AndroidRuntime: 	at com.android.internal.os.Zygote$MethodAndArgsCaller.run(Zygote.java:245)
07-19 15:49:34.017 28168 28168 E AndroidRuntime: 	at com.android.internal.os.ZygoteInit.main(ZygoteInit.java:921)
07-19 15:59:20.507 29464 29464 E AndroidRuntime: FATAL EXCEPTION: main
07-19 15:59:20.507 29464 29464 E AndroidRuntime: Process: de.mpg.mpdl.labcam, PID: 29464
07-19 15:59:20.507 29464 29464 E AndroidRuntime: java.lang.RuntimeException: setParameters failed
07-19 15:59:20.507 29464 29464 E AndroidRuntime: 	at android.hardware.Camera.native_setParameters(Native Method)
07-19 15:59:20.507 29464 29464 E AndroidRuntime: 	at android.hardware.Camera.setParameters(Camera.java:1911)
07-19 15:59:20.507 29464 29464 E AndroidRuntime: 	at com.google.android.cameraview.Camera1.setDisplayOrientation(Camera1.java:402)
07-19 15:59:20.507 29464 29464 E AndroidRuntime: 	at com.google.android.cameraview.CameraView$1.onDisplayOrientationChanged(CameraView.java:119)
07-19 15:59:20.507 29464 29464 E AndroidRuntime: 	at com.google.android.cameraview.DisplayOrientationDetector.dispatchOnDisplayOrientationChanged(DisplayOrientationDetector.java:86)
07-19 15:59:20.507 29464 29464 E AndroidRuntime: 	at com.google.android.cameraview.DisplayOrientationDetector$1.onOrientationChanged(DisplayOrientationDetector.java:62)
07-19 15:59:20.507 29464 29464 E AndroidRuntime: 	at android.view.OrientationEventListener$SensorEventListenerImpl.onSensorChanged(OrientationEventListener.java:157)
07-19 15:59:20.507 29464 29464 E AndroidRuntime: 	at android.hardware.SystemSensorManager$SensorEventQueue.dispatchSensorEvent(SystemSensorManager.java:846)
07-19 15:59:20.507 29464 29464 E AndroidRuntime: 	at android.os.MessageQueue.nativePollOnce(Native Method)
07-19 15:59:20.507 29464 29464 E AndroidRuntime: 	at android.os.MessageQueue.next(MessageQueue.java:379)
07-19 15:59:20.507 29464 29464 E AndroidRuntime: 	at android.os.Looper.loop(Looper.java:201)
07-19 15:59:20.507 29464 29464 E AndroidRuntime: 	at android.app.ActivityThread.main(ActivityThread.java:7415)
07-19 15:59:20.507 29464 29464 E AndroidRuntime: 	at java.lang.reflect.Method.invoke(Native Method)
07-19 15:59:20.507 29464 29464 E AndroidRuntime: 	at com.android.internal.os.Zygote$MethodAndArgsCaller.run(Zygote.java:245)
07-19 15:59:20.507 29464 29464 E AndroidRuntime: 	at com.android.internal.os.ZygoteInit.main(ZygoteInit.java:921)
07-19 16:08:31.216 23075 23075 E AndroidRuntime: FATAL EXCEPTION: main
07-19 16:08:31.216 23075 23075 E AndroidRuntime: Process: de.mpg.mpdl.labcam, PID: 23075
07-19 16:08:31.216 23075 23075 E AndroidRuntime: java.lang.RuntimeException: setParameters failed
07-19 16:08:31.216 23075 23075 E AndroidRuntime: 	at android.hardware.Camera.native_setParameters(Native Method)
07-19 16:08:31.216 23075 23075 E AndroidRuntime: 	at android.hardware.Camera.setParameters(Camera.java:1911)
07-19 16:08:31.216 23075 23075 E AndroidRuntime: 	at com.google.android.cameraview.Camera1.setDisplayOrientation(Camera1.java:402)
07-19 16:08:31.216 23075 23075 E AndroidRuntime: 	at com.google.android.cameraview.CameraView$1.onDisplayOrientationChanged(CameraView.java:119)
07-19 16:08:31.216 23075 23075 E AndroidRuntime: 	at com.google.android.cameraview.DisplayOrientationDetector.dispatchOnDisplayOrientationChanged(DisplayOrientationDetector.java:86)
07-19 16:08:31.216 23075 23075 E AndroidRuntime: 	at com.google.android.cameraview.DisplayOrientationDetector$1.onOrientationChanged(DisplayOrientationDetector.java:62)
07-19 16:08:31.216 23075 23075 E AndroidRuntime: 	at android.view.OrientationEventListener$SensorEventListenerImpl.onSensorChanged(OrientationEventListener.java:157)
07-19 16:08:31.216 23075 23075 E AndroidRuntime: 	at android.hardware.SystemSensorManager$SensorEventQueue.dispatchSensorEvent(SystemSensorManager.java:846)
07-19 16:08:31.216 23075 23075 E AndroidRuntime: 	at android.os.MessageQueue.nativePollOnce(Native Method)
07-19 16:08:31.216 23075 23075 E AndroidRuntime: 	at android.os.MessageQueue.next(MessageQueue.java:379)
07-19 16:08:31.216 23075 23075 E AndroidRuntime: 	at android.os.Looper.loop(Looper.java:201)
07-19 16:08:31.216 23075 23075 E AndroidRuntime: 	at android.app.ActivityThread.main(ActivityThread.java:7415)
07-19 16:08:31.216 23075 23075 E AndroidRuntime: 	at java.lang.reflect.Method.invoke(Native Method)
07-19 16:08:31.216 23075 23075 E AndroidRuntime: 	at com.android.internal.os.Zygote$MethodAndArgsCaller.run(Zygote.java:245)
07-19 16:08:31.216 23075 23075 E AndroidRuntime: 	at com.android.internal.os.ZygoteInit.main(ZygoteInit.java:921)
07-19 16:11:27.693 23892 23892 E AndroidRuntime: FATAL EXCEPTION: main
07-19 16:11:27.693 23892 23892 E AndroidRuntime: Process: de.mpg.mpdl.labcam, PID: 23892
07-19 16:11:27.693 23892 23892 E AndroidRuntime: java.lang.RuntimeException: setParameters failed
07-19 16:11:27.693 23892 23892 E AndroidRuntime: 	at android.hardware.Camera.native_setParameters(Native Method)
07-19 16:11:27.693 23892 23892 E AndroidRuntime: 	at android.hardware.Camera.setParameters(Camera.java:1911)
07-19 16:11:27.693 23892 23892 E AndroidRuntime: 	at com.google.android.cameraview.Camera1.setDisplayOrientation(Camera1.java:402)
07-19 16:11:27.693 23892 23892 E AndroidRuntime: 	at com.google.android.cameraview.CameraView$1.onDisplayOrientationChanged(CameraView.java:119)
07-19 16:11:27.693 23892 23892 E AndroidRuntime: 	at com.google.android.cameraview.DisplayOrientationDetector.dispatchOnDisplayOrientationChanged(DisplayOrientationDetector.java:86)
07-19 16:11:27.693 23892 23892 E AndroidRuntime: 	at com.google.android.cameraview.DisplayOrientationDetector$1.onOrientationChanged(DisplayOrientationDetector.java:62)
07-19 16:11:27.693 23892 23892 E AndroidRuntime: 	at android.view.OrientationEventListener$SensorEventListenerImpl.onSensorChanged(OrientationEventListener.java:157)
07-19 16:11:27.693 23892 23892 E AndroidRuntime: 	at android.hardware.SystemSensorManager$SensorEventQueue.dispatchSensorEvent(SystemSensorManager.java:846)
07-19 16:11:27.693 23892 23892 E AndroidRuntime: 	at android.os.MessageQueue.nativePollOnce(Native Method)
07-19 16:11:27.693 23892 23892 E AndroidRuntime: 	at android.os.MessageQueue.next(MessageQueue.java:379)
07-19 16:11:27.693 23892 23892 E AndroidRuntime: 	at android.os.Looper.loop(Looper.java:201)
07-19 16:11:27.693 23892 23892 E AndroidRuntime: 	at android.app.ActivityThread.main(ActivityThread.java:7415)
07-19 16:11:27.693 23892 23892 E AndroidRuntime: 	at java.lang.reflect.Method.invoke(Native Method)
07-19 16:11:27.693 23892 23892 E AndroidRuntime: 	at com.android.internal.os.Zygote$MethodAndArgsCaller.run(Zygote.java:245)
07-19 16:11:27.693 23892 23892 E AndroidRuntime: 	at com.android.internal.os.ZygoteInit.main(ZygoteInit.java:921)
07-19 16:13:12.974 26026 26026 E AndroidRuntime: FATAL EXCEPTION: main
07-19 16:13:12.974 26026 26026 E AndroidRuntime: Process: de.mpg.mpdl.labcam, PID: 26026
07-19 16:13:12.974 26026 26026 E AndroidRuntime: java.lang.RuntimeException: setParameters failed
07-19 16:13:12.974 26026 26026 E AndroidRuntime: 	at android.hardware.Camera.native_setParameters(Native Method)
07-19 16:13:12.974 26026 26026 E AndroidRuntime: 	at android.hardware.Camera.setParameters(Camera.java:1911)
07-19 16:13:12.974 26026 26026 E AndroidRuntime: 	at com.google.android.cameraview.Camera1.setDisplayOrientation(Camera1.java:402)
07-19 16:13:12.974 26026 26026 E AndroidRuntime: 	at com.google.android.cameraview.CameraView$1.onDisplayOrientationChanged(CameraView.java:119)
07-19 16:13:12.974 26026 26026 E AndroidRuntime: 	at com.google.android.cameraview.DisplayOrientationDetector.dispatchOnDisplayOrientationChanged(DisplayOrientationDetector.java:86)
07-19 16:13:12.974 26026 26026 E AndroidRuntime: 	at com.google.android.cameraview.DisplayOrientationDetector$1.onOrientationChanged(DisplayOrientationDetector.java:62)
07-19 16:13:12.974 26026 26026 E AndroidRuntime: 	at android.view.OrientationEventListener$SensorEventListenerImpl.onSensorChanged(OrientationEventListener.java:157)
07-19 16:13:12.974 26026 26026 E AndroidRuntime: 	at android.hardware.SystemSensorManager$SensorEventQueue.dispatchSensorEvent(SystemSensorManager.java:846)
07-19 16:13:12.974 26026 26026 E AndroidRuntime: 	at android.os.MessageQueue.nativePollOnce(Native Method)
07-19 16:13:12.974 26026 26026 E AndroidRuntime: 	at android.os.MessageQueue.next(MessageQueue.java:379)
07-19 16:13:12.974 26026 26026 E AndroidRuntime: 	at android.os.Looper.loop(Looper.java:201)
07-19 16:13:12.974 26026 26026 E AndroidRuntime: 	at android.app.ActivityThread.main(ActivityThread.java:7415)
07-19 16:13:12.974 26026 26026 E AndroidRuntime: 	at java.lang.reflect.Method.invoke(Native Method)
07-19 16:13:12.974 26026 26026 E AndroidRuntime: 	at com.android.internal.os.Zygote$MethodAndArgsCaller.run(Zygote.java:245)
07-19 16:13:12.974 26026 26026 E AndroidRuntime: 	at com.android.internal.os.ZygoteInit.main(ZygoteInit.java:921)
07-19 16:30:05.006  5756  5756 E AndroidRuntime: FATAL EXCEPTION: main
07-19 16:30:05.006  5756  5756 E AndroidRuntime: Process: de.mpg.mpdl.labcam, PID: 5756
07-19 16:30:05.006  5756  5756 E AndroidRuntime: java.lang.IllegalStateException: Tried to start task UploadTask while in foreground, but this is not allowed.
07-19 16:30:05.006  5756  5756 E AndroidRuntime: 	at com.facebook.react.jstasks.HeadlessJsTaskContext.startTask(HeadlessJsTaskContext.java:92)
07-19 16:30:05.006  5756  5756 E AndroidRuntime: 	at com.facebook.react.HeadlessJsTaskService$2.run(HeadlessJsTaskService.java:127)
07-19 16:30:05.006  5756  5756 E AndroidRuntime: 	at android.os.Handler.handleCallback(Handler.java:808)
07-19 16:30:05.006  5756  5756 E AndroidRuntime: 	at android.os.Handler.dispatchMessage(Handler.java:101)
07-19 16:30:05.006  5756  5756 E AndroidRuntime: 	at android.os.Looper.loop(Looper.java:218)
07-19 16:30:05.006  5756  5756 E AndroidRuntime: 	at android.app.ActivityThread.main(ActivityThread.java:7415)
07-19 16:30:05.006  5756  5756 E AndroidRuntime: 	at java.lang.reflect.Method.invoke(Native Method)
07-19 16:30:05.006  5756  5756 E AndroidRuntime: 	at com.android.internal.os.Zygote$MethodAndArgsCaller.run(Zygote.java:245)
07-19 16:30:05.006  5756  5756 E AndroidRuntime: 	at com.android.internal.os.ZygoteInit.main(ZygoteInit.java:921)
07-19 16:30:05.506  6380  6380 E AndroidRuntime: FATAL EXCEPTION: main
07-19 16:30:05.506  6380  6380 E AndroidRuntime: Process: de.mpg.mpdl.labcam, PID: 6380
07-19 16:30:05.506  6380  6380 E AndroidRuntime: java.lang.IllegalStateException: Tried to start task UploadTask while in foreground, but this is not allowed.
07-19 16:30:05.506  6380  6380 E AndroidRuntime: 	at com.facebook.react.jstasks.HeadlessJsTaskContext.startTask(HeadlessJsTaskContext.java:92)
07-19 16:30:05.506  6380  6380 E AndroidRuntime: 	at com.facebook.react.HeadlessJsTaskService$2.run(HeadlessJsTaskService.java:127)
07-19 16:30:05.506  6380  6380 E AndroidRuntime: 	at android.os.Handler.handleCallback(Handler.java:808)
07-19 16:30:05.506  6380  6380 E AndroidRuntime: 	at android.os.Handler.dispatchMessage(Handler.java:101)
07-19 16:30:05.506  6380  6380 E AndroidRuntime: 	at android.os.Looper.loop(Looper.java:218)
07-19 16:30:05.506  6380  6380 E AndroidRuntime: 	at android.app.ActivityThread.main(ActivityThread.java:7415)
07-19 16:30:05.506  6380  6380 E AndroidRuntime: 	at java.lang.reflect.Method.invoke(Native Method)
07-19 16:30:05.506  6380  6380 E AndroidRuntime: 	at com.android.internal.os.Zygote$MethodAndArgsCaller.run(Zygote.java:245)
07-19 16:30:05.506  6380  6380 E AndroidRuntime: 	at com.android.internal.os.ZygoteInit.main(ZygoteInit.java:921)
07-19 16:48:00.018 21060 21060 E AndroidRuntime: FATAL EXCEPTION: main
07-19 16:48:00.018 21060 21060 E AndroidRuntime: Process: de.mpg.mpdl.labcam, PID: 21060
07-19 16:48:00.018 21060 21060 E AndroidRuntime: java.lang.IllegalStateException: Tried to start task UploadTask while in foreground, but this is not allowed.
07-19 16:48:00.018 21060 21060 E AndroidRuntime: 	at com.facebook.react.jstasks.HeadlessJsTaskContext.startTask(HeadlessJsTaskContext.java:92)
07-19 16:48:00.018 21060 21060 E AndroidRuntime: 	at com.facebook.react.HeadlessJsTaskService$2.run(HeadlessJsTaskService.java:127)
07-19 16:48:00.018 21060 21060 E AndroidRuntime: 	at android.os.Handler.handleCallback(Handler.java:808)
07-19 16:48:00.018 21060 21060 E AndroidRuntime: 	at android.os.Handler.dispatchMessage(Handler.java:101)
07-19 16:48:00.018 21060 21060 E AndroidRuntime: 	at android.os.Looper.loop(Looper.java:218)
07-19 16:48:00.018 21060 21060 E AndroidRuntime: 	at android.app.ActivityThread.main(ActivityThread.java:7415)
07-19 16:48:00.018 21060 21060 E AndroidRuntime: 	at java.lang.reflect.Method.invoke(Native Method)
07-19 16:48:00.018 21060 21060 E AndroidRuntime: 	at com.android.internal.os.Zygote$MethodAndArgsCaller.run(Zygote.java:245)
07-19 16:48:00.018 21060 21060 E AndroidRuntime: 	at com.android.internal.os.ZygoteInit.main(ZygoteInit.java:921)
07-19 16:48:29.718 22874 22874 E AndroidRuntime: FATAL EXCEPTION: main
07-19 16:48:29.718 22874 22874 E AndroidRuntime: Process: de.mpg.mpdl.labcam, PID: 22874
07-19 16:48:29.718 22874 22874 E AndroidRuntime: java.lang.IllegalStateException: Tried to start task UploadTask while in foreground, but this is not allowed.
07-19 16:48:29.718 22874 22874 E AndroidRuntime: 	at com.facebook.react.jstasks.HeadlessJsTaskContext.startTask(HeadlessJsTaskContext.java:92)
07-19 16:48:29.718 22874 22874 E AndroidRuntime: 	at com.facebook.react.HeadlessJsTaskService$2.run(HeadlessJsTaskService.java:127)
07-19 16:48:29.718 22874 22874 E AndroidRuntime: 	at android.os.Handler.handleCallback(Handler.java:808)
07-19 16:48:29.718 22874 22874 E AndroidRuntime: 	at android.os.Handler.dispatchMessage(Handler.java:101)
07-19 16:48:29.718 22874 22874 E AndroidRuntime: 	at android.os.Looper.loop(Looper.java:218)
07-19 16:48:29.718 22874 22874 E AndroidRuntime: 	at android.app.ActivityThread.main(ActivityThread.java:7415)
07-19 16:48:29.718 22874 22874 E AndroidRuntime: 	at java.lang.reflect.Method.invoke(Native Method)
07-19 16:48:29.718 22874 22874 E AndroidRuntime: 	at com.android.internal.os.Zygote$MethodAndArgsCaller.run(Zygote.java:245)
07-19 16:48:29.718 22874 22874 E AndroidRuntime: 	at com.android.internal.os.ZygoteInit.main(ZygoteInit.java:921)
07-19 16:48:49.818 23247 23247 E AndroidRuntime: FATAL EXCEPTION: main
07-19 16:48:49.818 23247 23247 E AndroidRuntime: Process: de.mpg.mpdl.labcam, PID: 23247
07-19 16:48:49.818 23247 23247 E AndroidRuntime: java.lang.IllegalStateException: Tried to start task UploadTask while in foreground, but this is not allowed.
07-19 16:48:49.818 23247 23247 E AndroidRuntime: 	at com.facebook.react.jstasks.HeadlessJsTaskContext.startTask(HeadlessJsTaskContext.java:92)
07-19 16:48:49.818 23247 23247 E AndroidRuntime: 	at com.facebook.react.HeadlessJsTaskService$2.run(HeadlessJsTaskService.java:127)
07-19 16:48:49.818 23247 23247 E AndroidRuntime: 	at android.os.Handler.handleCallback(Handler.java:808)
07-19 16:48:49.818 23247 23247 E AndroidRuntime: 	at android.os.Handler.dispatchMessage(Handler.java:101)
07-19 16:48:49.818 23247 23247 E AndroidRuntime: 	at android.os.Looper.loop(Looper.java:218)
07-19 16:48:49.818 23247 23247 E AndroidRuntime: 	at android.app.ActivityThread.main(ActivityThread.java:7415)
07-19 16:48:49.818 23247 23247 E AndroidRuntime: 	at java.lang.reflect.Method.invoke(Native Method)
07-19 16:48:49.818 23247 23247 E AndroidRuntime: 	at com.android.internal.os.Zygote$MethodAndArgsCaller.run(Zygote.java:245)
07-19 16:48:49.818 23247 23247 E AndroidRuntime: 	at com.android.internal.os.ZygoteInit.main(ZygoteInit.java:921)
--------- beginning of system
07-20 09:10:42.697   496   632 W SocketListener: sending broadcast to Pid = 1255, Uid = 1000 
07-20 09:10:42.699  1255  1456 I chatty  : uid=1000(system) NetdConnector expire 36 lines
07-20 09:10:42.701  1255  1316 I chatty  : uid=1000(system) android.fg expire 12 lines
07-20 09:10:42.710  1255  1461 I chatty  : uid=1000(system) WifiStateMachin expire 21 lines
07-20 09:10:42.734   496   632 W SocketListener: sending broadcast to Pid = 1255, Uid = 1000 
07-20 09:10:42.735   496   632 W SocketListener: sending broadcast to Pid = 1255, Uid = 1000 
07-20 09:10:42.781  1255 24310 I chatty  : uid=1000 system_server expire 29 lines
07-20 09:10:43.295  1255  1673 I chatty  : uid=1000(system) NetworkTimeUpda expire 10 lines
07-20 09:10:43.735   496   632 W SocketListener: sending broadcast to Pid = 1255, Uid = 1000 
07-20 09:10:43.905   496   632 W SocketListener: sending broadcast to Pid = 1255, Uid = 1000 
07-20 09:10:43.944  1255  1524 I chatty  : uid=1000(system) hw_wechatbooste expire 2 lines
07-20 09:10:43.955 17216 17216 W ContextImpl: Calling a method in the system process without a qualified user: android.app.ContextImpl.startService:1656 android.content.ContextWrapper.startService:644 android.content.ContextWrapper.startService:644 com.android.settings.wifi.AccessPointConnectedReceiver.onReceive:28 android.app.ActivityThread.handleReceiver:3685 
07-20 09:10:43.960  1255  6481 I chatty  : uid=1000(system) Binder:1255_17 expire 3 lines
07-20 09:10:44.006 17216 17216 W ContextImpl: Calling a method in the system process without a qualified user: android.app.ContextImpl.startService:1656 android.content.ContextWrapper.startService:644 android.content.ContextWrapper.startService:644 com.android.settings.wifi.AccessPointConnectedReceiver.onReceive:28 android.app.ActivityThread.handleReceiver:3685 
07-20 09:10:44.047  1255 24307 I chatty  : uid=1000 system_server expire 5 lines
07-20 09:10:44.108  1255  1477 I chatty  : uid=1000(system) ConnectivityThr expire 3 lines
07-20 09:10:44.115  1927  1927 W ContextImpl: Calling a method in the system process without a qualified user: android.app.ContextImpl.sendBroadcast:1095 android.content.ContextWrapper.sendBroadcast:436 com.huawei.systemmanager.service.InitValueService$ConnectivityBroadcastReceiver.onReceive:88 android.app.LoadedApk$ReceiverDispatcher$Args.lambda$-android_app_LoadedApk$ReceiverDispatcher$Args_57741:1423 android.app.-$Lambda$FilBqgnXJrN9Mgyks1XHeAxzSTk.$m$0:4 
07-20 09:10:44.116  1255  1773 I chatty  : uid=1000(system) Binder:1255_7 expire 2 lines
07-20 09:10:44.122 10725 10725 W ContextImpl: Calling a method in the system process without a qualified user: android.app.ContextImpl.startService:1656 android.content.ContextWrapper.startService:644 android.content.ContextWrapper.startService:644 com.huawei.betaclub.receiver.RouteSystemReceiver.onReceive:17 android.app.ActivityThread.handleReceiver:3685 
07-20 09:10:44.124  1927  1927 W ContextImpl: Calling a method in the system process without a qualified user: android.app.ContextImpl.startService:1656 android.content.ContextWrapper.startService:644 com.huawei.systemmanager.service.InitValueService$ConnectivityBroadcastReceiver.onReceive:99 android.app.LoadedApk$ReceiverDispatcher$Args.lambda$-android_app_LoadedApk$ReceiverDispatcher$Args_57741:1423 android.app.-$Lambda$FilBqgnXJrN9Mgyks1XHeAxzSTk.$m$0:4 
07-20 09:10:44.140  1255  5991 I chatty  : uid=1000(system) Binder:1255_13 expire 1 line
07-20 09:10:44.141  1255  6226 I chatty  : uid=1000(system) Binder:1255_15 expire 27 lines
07-20 09:10:44.141  1255  1672 I chatty  : uid=1000(system) LocationThread expire 2 lines
07-20 09:10:44.163  1255  1438 I chatty  : uid=1000(system) Binder:1255_3 expire 2 lines
07-20 09:10:44.164  1255 24384 I chatty  : uid=1000 system_server expire 1 line
07-20 09:10:44.171  1255  1286 I chatty  : uid=1000(system) Binder:1255_1 expire 13 lines
07-20 09:10:44.173  1255  1304 I chatty  : uid=1000(system) ActivityManager expire 10 lines
07-20 09:10:44.228  1255  1685 I chatty  : uid=1000(system) GpsXtraReceiver expire 1 line
07-20 09:10:46.007  1255  1327 I chatty  : uid=1000(system) PowerManagerSer expire 16 lines
07-20 09:10:48.269  1255  1255 I chatty  : uid=1000 system_server expire 14 lines
07-20 09:10:48.283  1255  1528 I chatty  : uid=1000(system) WifiProStateMac expire 5 lines
07-20 09:10:52.067  1255  1471 I chatty  : uid=1000(system) WifiScanningSer expire 15 lines
07-20 09:10:53.876   496   632 W SocketListener: sending broadcast to Pid = 1255, Uid = 1000 
07-20 09:10:53.877  1255  1456 I chatty  : uid=1000(system) NetdConnector expire 8 lines
07-20 09:10:53.896  1255  1525 I chatty  : uid=1000(system) HwSelfCureEngin expire 4 lines
07-20 09:10:54.783   729   729 I chatty  : uid=1010(wifi) /system/bin/wificond expire 39 lines
07-20 09:10:55.129 10725 24399 W ContextImpl: Calling a method in the system process without a qualified user: android.app.ContextImpl.sendBroadcast:1095 android.content.ContextWrapper.sendBroadcast:436 com.huawei.betaclub.http.https.SecureNetSSLSocketFactory.sendBroadcastCertInvalid:170 com.huawei.betaclub.http.https.SecureNetSSLSocketFactory.checkCertValidilty:250 com.huawei.betaclub.http.HttpUtils.get:368 
07-20 09:10:55.131  1255  2166 I chatty  : uid=1000(system) Binder:1255_B expire 48 lines
07-20 09:10:55.159 10725 10725 W ContextImpl: Calling a method in the system process without a qualified user: android.app.ContextImpl.startService:1656 android.content.ContextWrapper.startService:644 android.content.ContextWrapper.startService:644 com.huawei.betaclub.receiver.RouteReceiver.onReceive:17 android.app.ActivityThread.handleReceiver:3685 
07-20 09:10:55.289  1255  1408 I chatty  : uid=1000(system) android.anim expire 13 lines
07-20 09:10:55.872 10725 24399 W ContextImpl: Calling a method in the system process without a qualified user: android.app.ContextImpl.sendBroadcast:1095 android.content.ContextWrapper.sendBroadcast:436 com.huawei.betaclub.http.https.SecureNetSSLSocketFactory.sendBroadcastCertInvalid:170 com.huawei.betaclub.http.https.SecureNetSSLSocketFactory.checkCertValidilty:250 com.huawei.betaclub.http.HttpUtils.get:368 
07-20 09:10:55.878 10725 10725 W ContextImpl: Calling a method in the system process without a qualified user: android.app.ContextImpl.startService:1656 android.content.ContextWrapper.startService:644 android.content.ContextWrapper.startService:644 com.huawei.betaclub.receiver.RouteReceiver.onReceive:17 android.app.ActivityThread.handleReceiver:3685 
07-20 09:10:56.423 10725 24399 W ContextImpl: Calling a method in the system process without a qualified user: android.app.ContextImpl.sendBroadcast:1095 android.content.ContextWrapper.sendBroadcast:436 com.huawei.betaclub.http.https.SecureNetSSLSocketFactory.sendBroadcastCertInvalid:170 com.huawei.betaclub.http.https.SecureNetSSLSocketFactory.checkCertValidilty:250 com.huawei.betaclub.http.HttpUtils.get:368 
07-20 09:10:56.424  1255  1286 I chatty  : uid=1000(system) Binder:1255_1 expire 29 lines
07-20 09:10:56.428 10725 10725 W ContextImpl: Calling a method in the system process without a qualified user: android.app.ContextImpl.startService:1656 android.content.ContextWrapper.startService:644 android.content.ContextWrapper.startService:644 com.huawei.betaclub.receiver.RouteReceiver.onReceive:17 android.app.ActivityThread.handleReceiver:3685 
07-20 09:10:56.600 21134 24646 W ContextImpl: Calling a method in the system process without a qualified user: android.app.ContextImpl.sendBroadcast:1095 android.content.ContextWrapper.sendBroadcast:436 com.huawei.idaptunnel.util.Utils.sendResultBroadcast:162 com.huawei.idaptunnel.upload.UploadStateMachine.finished:225 com.huawei.idaptunnel.upload.UploadStateMachine.doUploadEndProcess:171 
07-20 09:10:56.610 21134 24645 W ContextImpl: Calling a method in the system process without a qualified user: android.app.ContextImpl.sendBroadcast:1095 android.content.ContextWrapper.sendBroadcast:436 com.huawei.idaptunnel.util.Utils.sendResultBroadcast:162 com.huawei.idaptunnel.upload.UploadStateMachine.finished:225 com.huawei.idaptunnel.upload.UploadStateMachine.doUploadEndProcess:171 
07-20 09:10:56.659 21134 24644 W ContextImpl: Calling a method in the system process without a qualified user: android.app.ContextImpl.sendBroadcast:1095 android.content.ContextWrapper.sendBroadcast:436 com.huawei.idaptunnel.util.Utils.sendResultBroadcast:162 com.huawei.idaptunnel.upload.UploadStateMachine.finished:225 com.huawei.idaptunnel.upload.UploadStateMachine.doUploadEndProcess:171 
07-20 09:10:56.665  1255  1304 I chatty  : uid=1000(system) ActivityManager expire 14 lines
07-20 09:10:56.671 21134 21134 W ContextImpl: Calling a method in the system process without a qualified user: android.app.ContextImpl.stopService:1668 android.content.ContextWrapper.stopService:654 com.huawei.idaptunnel.MainThreadProcess$MainHandler.handleMessage:55 android.os.Handler.dispatchMessage:108 android.os.Looper.loop:218 
07-20 09:10:57.082  1255  1667 I chatty  : uid=1000(system) watchdog expire 2 lines
07-20 09:10:57.097 10725 24399 W ContextImpl: Calling a method in the system process without a qualified user: android.app.ContextImpl.sendBroadcast:1095 android.content.ContextWrapper.sendBroadcast:436 com.huawei.betaclub.http.https.SecureNetSSLSocketFactory.sendBroadcastCertInvalid:170 com.huawei.betaclub.http.https.SecureNetSSLSocketFactory.checkCertValidilty:250 com.huawei.betaclub.http.HttpUtils.get:368 
07-20 09:10:57.105 10725 10725 W ContextImpl: Calling a method in the system process without a qualified user: android.app.ContextImpl.startService:1656 android.content.ContextWrapper.startService:644 android.content.ContextWrapper.startService:644 com.huawei.betaclub.receiver.RouteReceiver.onReceive:17 android.app.ActivityThread.handleReceiver:3685 
07-20 09:10:57.148  1255  1441 I chatty  : uid=1000(system) AlarmManager expire 10 lines
07-20 09:10:57.711 10725 24399 W ContextImpl: Calling a method in the system process without a qualified user: android.app.ContextImpl.sendBroadcast:1095 android.content.ContextWrapper.sendBroadcast:436 com.huawei.betaclub.http.https.SecureNetSSLSocketFactory.sendBroadcastCertInvalid:170 com.huawei.betaclub.http.https.SecureNetSSLSocketFactory.checkCertValidilty:250 com.huawei.betaclub.http.HttpUtils.get:368 
07-20 09:10:57.717 10725 10725 W ContextImpl: Calling a method in the system process without a qualified user: android.app.ContextImpl.startService:1656 android.content.ContextWrapper.startService:644 android.content.ContextWrapper.startService:644 com.huawei.betaclub.receiver.RouteReceiver.onReceive:17 android.app.ActivityThread.handleReceiver:3685 
07-20 09:10:58.359 10725 24399 W ContextImpl: Calling a method in the system process without a qualified user: android.app.ContextImpl.sendBroadcast:1095 android.content.ContextWrapper.sendBroadcast:436 com.huawei.betaclub.http.https.SecureNetSSLSocketFactory.sendBroadcastCertInvalid:170 com.huawei.betaclub.http.https.SecureNetSSLSocketFactory.checkCertValidilty:250 com.huawei.betaclub.http.HttpUtils.get:368 
07-20 09:10:58.366 10725 10725 W ContextImpl: Calling a method in the system process without a qualified user: android.app.ContextImpl.startService:1656 android.content.ContextWrapper.startService:644 android.content.ContextWrapper.startService:644 com.huawei.betaclub.receiver.RouteReceiver.onReceive:17 android.app.ActivityThread.handleReceiver:3685 
07-20 09:10:58.792  1255  1318 I chatty  : uid=1000(system) android.display expire 4 lines
07-20 09:10:58.977 10725 24399 W ContextImpl: Calling a method in the system process without a qualified user: android.app.ContextImpl.sendBroadcast:1095 android.content.ContextWrapper.sendBroadcast:436 com.huawei.betaclub.http.https.SecureNetSSLSocketFactory.sendBroadcastCertInvalid:170 com.huawei.betaclub.http.https.SecureNetSSLSocketFactory.checkCertValidilty:250 com.huawei.betaclub.http.HttpUtils.get:368 
07-20 09:10:58.984 10725 10725 W ContextImpl: Calling a method in the system process without a qualified user: android.app.ContextImpl.startService:1656 android.content.ContextWrapper.startService:644 android.content.ContextWrapper.startService:644 com.huawei.betaclub.receiver.RouteReceiver.onReceive:17 android.app.ActivityThread.handleReceiver:3685 
07-20 09:10:59.532 10725 24399 W ContextImpl: Calling a method in the system process without a qualified user: android.app.ContextImpl.sendBroadcast:1095 android.content.ContextWrapper.sendBroadcast:436 com.huawei.betaclub.http.https.SecureNetSSLSocketFactory.sendBroadcastCertInvalid:170 com.huawei.betaclub.http.https.SecureNetSSLSocketFactory.checkCertValidilty:250 com.huawei.betaclub.http.HttpUtils.get:368 
07-20 09:10:59.540 10725 10725 W ContextImpl: Calling a method in the system process without a qualified user: android.app.ContextImpl.startService:1656 android.content.ContextWrapper.startService:644 android.content.ContextWrapper.startService:644 com.huawei.betaclub.receiver.RouteReceiver.onReceive:17 android.app.ActivityThread.handleReceiver:3685 
07-20 09:11:00.047 10725 24399 W ContextImpl: Calling a method in the system process without a qualified user: android.app.ContextImpl.sendBroadcast:1095 android.content.ContextWrapper.sendBroadcast:436 com.huawei.betaclub.http.https.SecureNetSSLSocketFactory.sendBroadcastCertInvalid:170 com.huawei.betaclub.http.https.SecureNetSSLSocketFactory.checkCertValidilty:250 com.huawei.betaclub.http.HttpUtils.get:368 
07-20 09:11:00.081 10725 10725 W ContextImpl: Calling a method in the system process without a qualified user: android.app.ContextImpl.startService:1656 android.content.ContextWrapper.startService:644 android.content.ContextWrapper.startService:644 com.huawei.betaclub.receiver.RouteReceiver.onReceive:17 android.app.ActivityThread.handleReceiver:3685 
07-20 09:11:00.649 10725 24399 W ContextImpl: Calling a method in the system process without a qualified user: android.app.ContextImpl.sendBroadcast:1095 android.content.ContextWrapper.sendBroadcast:436 com.huawei.betaclub.http.https.SecureNetSSLSocketFactory.sendBroadcastCertInvalid:170 com.huawei.betaclub.http.https.SecureNetSSLSocketFactory.checkCertValidilty:250 com.huawei.betaclub.http.HttpUtils.get:368 
07-20 09:11:00.656 10725 10725 W ContextImpl: Calling a method in the system process without a qualified user: android.app.ContextImpl.startService:1656 android.content.ContextWrapper.startService:644 android.content.ContextWrapper.startService:644 com.huawei.betaclub.receiver.RouteReceiver.onReceive:17 android.app.ActivityThread.handleReceiver:3685 
07-20 09:11:01.210 10725 24399 W ContextImpl: Calling a method in the system process without a qualified user: android.app.ContextImpl.sendBroadcast:1095 android.content.ContextWrapper.sendBroadcast:436 com.huawei.betaclub.http.https.SecureNetSSLSocketFactory.sendBroadcastCertInvalid:170 com.huawei.betaclub.http.https.SecureNetSSLSocketFactory.checkCertValidilty:250 com.huawei.betaclub.http.HttpUtils.get:368 
07-20 09:11:01.216 10725 10725 W ContextImpl: Calling a method in the system process without a qualified user: android.app.ContextImpl.startService:1656 android.content.ContextWrapper.startService:644 android.content.ContextWrapper.startService:644 com.huawei.betaclub.receiver.RouteReceiver.onReceive:17 android.app.ActivityThread.handleReceiver:3685 
07-20 09:11:01.889 10725 24399 W ContextImpl: Calling a method in the system process without a qualified user: android.app.ContextImpl.sendBroadcast:1095 android.content.ContextWrapper.sendBroadcast:436 com.huawei.betaclub.http.https.SecureNetSSLSocketFactory.sendBroadcastCertInvalid:170 com.huawei.betaclub.http.https.SecureNetSSLSocketFactory.checkCertValidilty:250 com.huawei.betaclub.http.HttpUtils.get:368 
07-20 09:11:01.898 10725 10725 W ContextImpl: Calling a method in the system process without a qualified user: android.app.ContextImpl.startService:1656 android.content.ContextWrapper.startService:644 android.content.ContextWrapper.startService:644 com.huawei.betaclub.receiver.RouteReceiver.onReceive:17 android.app.ActivityThread.handleReceiver:3685 
07-20 09:11:02.534 10725 24399 W ContextImpl: Calling a method in the system process without a qualified user: android.app.ContextImpl.sendBroadcast:1095 android.content.ContextWrapper.sendBroadcast:436 com.huawei.betaclub.http.https.SecureNetSSLSocketFactory.sendBroadcastCertInvalid:170 com.huawei.betaclub.http.https.SecureNetSSLSocketFactory.checkCertValidilty:250 com.huawei.betaclub.http.HttpUtils.get:368 
07-20 09:11:02.540 10725 10725 W ContextImpl: Calling a method in the system process without a qualified user: android.app.ContextImpl.startService:1656 android.content.ContextWrapper.startService:644 android.content.ContextWrapper.startService:644 com.huawei.betaclub.receiver.RouteReceiver.onReceive:17 android.app.ActivityThread.handleReceiver:3685 
07-20 09:11:03.154 10725 24399 W ContextImpl: Calling a method in the system process without a qualified user: android.app.ContextImpl.sendBroadcast:1095 android.content.ContextWrapper.sendBroadcast:436 com.huawei.betaclub.http.https.SecureNetSSLSocketFactory.sendBroadcastCertInvalid:170 com.huawei.betaclub.http.https.SecureNetSSLSocketFactory.checkCertValidilty:250 com.huawei.betaclub.http.HttpUtils.get:368 
07-20 09:11:03.161 10725 10725 W ContextImpl: Calling a method in the system process without a qualified user: android.app.ContextImpl.startService:1656 android.content.ContextWrapper.startService:644 android.content.ContextWrapper.startService:644 com.huawei.betaclub.receiver.RouteReceiver.onReceive:17 android.app.ActivityThread.handleReceiver:3685 
07-20 09:11:06.227  1255  1412 I chatty  : uid=1000(system) UEventObserver expire 4 lines
07-20 09:11:06.252  1255  1460 I chatty  : uid=1000(system) WifiService expire 3 lines
07-20 09:11:06.826  1255  1476 I chatty  : uid=1000(system) ConnectivitySer expire 16 lines
07-20 09:11:06.827  1255  1461 I chatty  : uid=1000(system) WifiStateMachin expire 13 lines
07-20 09:11:13.903   496   632 W SocketListener: sending broadcast to Pid = 1255, Uid = 1000 
07-20 09:11:13.929  1255  1304 I chatty  : uid=1000(system) ActivityManager expire 3 lines
07-20 09:11:13.930  1255  6226 I chatty  : uid=1000(system) Binder:1255_15 expire 17 lines
07-20 09:11:13.930  1255  1286 I chatty  : uid=1000(system) Binder:1255_1 expire 17 lines
07-20 09:11:13.931  1255  1739 I chatty  : uid=1000(system) Binder:1255_4 expire 13 lines
07-20 09:11:13.933  1255  1255 I chatty  : uid=1000 system_server expire 16 lines
07-20 09:11:13.939  1255  2166 I chatty  : uid=1000(system) Binder:1255_B expire 26 lines
07-20 09:11:15.860   729   729 I chatty  : uid=1010(wifi) /system/bin/wificond expire 48 lines
07-20 09:11:16.607  1255  1327 I chatty  : uid=1000(system) PowerManagerSer expire 17 lines
07-20 09:11:18.633  1255  1445 I chatty  : uid=1000(system) InputDispatcher expire 13 lines
07-20 09:11:21.737 17637 17637 I PermissionManager: camera remind result:true
07-20 09:11:23.724   496   632 W SocketListener: sending broadcast to Pid = 1255, Uid = 1000 
07-20 09:11:25.888  1255  1442 I chatty  : uid=1000(system) sManagerService expire 2 lines
07-20 09:11:35.888  1255  1301 I chatty  : uid=1000(system) android.bg expire 2 lines
07-20 09:11:36.379  1255  1476 I chatty  : uid=1000(system) ConnectivitySer expire 16 lines
07-20 09:11:36.379  1255  1461 I chatty  : uid=1000(system) WifiStateMachin expire 20 lines
07-20 09:11:36.460  1255  1316 I chatty  : uid=1000(system) android.fg expire 2 lines
07-20 09:11:39.981  1255  8684 I chatty  : uid=1000(system) Binder:1255_1D expire 5 lines
07-20 09:11:41.931  1255  1471 I chatty  : uid=1000(system) WifiScanningSer expire 5 lines
07-20 09:11:43.739   496   632 W SocketListener: sending broadcast to Pid = 1255, Uid = 1000 
07-20 09:11:43.778  1255  1286 I chatty  : uid=1000(system) Binder:1255_1 expire 1 line
07-20 09:11:43.785  1255  7260 I chatty  : uid=1000(system) Binder:1255_1A expire 10 lines
07-20 09:11:44.381   729   729 I chatty  : uid=1010(wifi) /system/bin/wificond expire 48 lines
