07-20 09:34:06.129   729   729 E wificond: Failed to get NL80211_STA_INFO_CNAHLOAD
07-20 09:34:08.735  1255  6173 I chatty  : uid=1000(system) Binder:1255_14 expire 1 line
07-20 09:34:08.812  1255 10281 I chatty  : uid=1000(system) Binder:1255_1F expire 7 lines
07-20 09:34:08.814  1255  8684 I chatty  : uid=1000(system) Binder:1255_1D expire 3 lines
07-20 09:34:08.818  1255  1305 I chatty  : uid=1000(system) android.ui expire 1 line
07-20 09:34:09.322  1255  1255 I chatty  : uid=1000 system_server expire 41 lines
07-20 09:34:10.082  1255  1304 I chatty  : uid=1000(system) ActivityManager expire 5 lines
07-20 09:34:10.178  1255  1301 I chatty  : uid=1000(system) android.bg expire 20 lines
07-20 09:34:14.123   729   729 E wificond: Failed to get NL80211_RATE_INFO_NOISE
07-20 09:34:14.123   729   729 E wificond: Failed to get NL80211_RATE_INFO_SNR
07-20 09:34:14.123   729   729 E wificond: Failed to get NL80211_STA_INFO_CNAHLOAD
07-20 09:34:14.129   729   729 E wificond: Failed to get NL80211_RATE_INFO_NOISE
07-20 09:34:14.129   729   729 E wificond: Failed to get NL80211_RATE_INFO_SNR
07-20 09:34:14.129   729   729 E wificond: Failed to get NL80211_STA_INFO_CNAHLOAD
07-20 09:34:15.801  1255  1412 I chatty  : uid=1000(system) UEventObserver expire 10 lines
07-20 09:34:15.823  1255  1327 I chatty  : uid=1000(system) PowerManagerSer expire 9 lines
07-20 09:34:15.827  1255  1316 I chatty  : uid=1000(system) android.fg expire 11 lines
07-20 09:34:15.829  1255  1460 I chatty  : uid=1000(system) WifiService expire 15 lines
07-20 09:34:22.132   729   729 E wificond: Failed to get NL80211_RATE_INFO_NOISE
07-20 09:34:22.132   729   729 E wificond: Failed to get NL80211_RATE_INFO_SNR
07-20 09:34:22.132   729   729 E wificond: Failed to get NL80211_STA_INFO_CNAHLOAD
07-20 09:34:22.136   729   729 E wificond: Failed to get NL80211_RATE_INFO_NOISE
07-20 09:34:22.136   729   729 E wificond: Failed to get NL80211_RATE_INFO_SNR
07-20 09:34:22.136   729   729 E wificond: Failed to get NL80211_STA_INFO_CNAHLOAD
07-20 09:34:27.160  1255  1667 I chatty  : uid=1000(system) watchdog expire 6 lines
07-20 09:34:29.817   496   631 W SocketListener: sending broadcast to Pid = 1255, Uid = 1000 
07-20 09:34:29.822  1255  1456 I chatty  : uid=1000(system) NetdConnector expire 8 lines
07-20 09:34:29.838  1255  7261 I chatty  : uid=1000(system) Binder:1255_1B expire 9 lines
07-20 09:34:30.143   729   729 E wificond: Failed to get NL80211_RATE_INFO_NOISE
07-20 09:34:30.144   729   729 E wificond: Failed to get NL80211_RATE_INFO_SNR
07-20 09:34:30.144   729   729 E wificond: Failed to get NL80211_STA_INFO_CNAHLOAD
07-20 09:34:30.150   729   729 E wificond: Failed to get NL80211_RATE_INFO_NOISE
07-20 09:34:30.150   729   729 E wificond: Failed to get NL80211_RATE_INFO_SNR
07-20 09:34:30.150   729   729 E wificond: Failed to get NL80211_STA_INFO_CNAHLOAD
07-20 09:34:38.154   729   729 E wificond: Failed to get NL80211_RATE_INFO_NOISE
07-20 09:34:38.154   729   729 E wificond: Failed to get NL80211_RATE_INFO_SNR
07-20 09:34:38.154   729   729 E wificond: Failed to get NL80211_STA_INFO_CNAHLOAD
07-20 09:34:38.158   729   729 E wificond: Failed to get NL80211_RATE_INFO_NOISE
07-20 09:34:38.158   729   729 E wificond: Failed to get NL80211_RATE_INFO_SNR
07-20 09:34:38.159   729   729 E wificond: Failed to get NL80211_STA_INFO_CNAHLOAD
07-20 09:34:46.018  1255  2008 I chatty  : uid=1000(system) Binder:1255_8 expire 5 lines
07-20 09:34:46.030  1255  1255 I chatty  : uid=1000 system_server expire 12 lines
07-20 09:34:46.161   729   729 E wificond: Failed to get NL80211_RATE_INFO_NOISE
07-20 09:34:46.162   729   729 E wificond: Failed to get NL80211_RATE_INFO_SNR
07-20 09:34:46.162   729   729 E wificond: Failed to get NL80211_STA_INFO_CNAHLOAD
07-20 09:34:46.167   729   729 E wificond: Failed to get NL80211_RATE_INFO_NOISE
07-20 09:34:46.167   729   729 E wificond: Failed to get NL80211_RATE_INFO_SNR
07-20 09:34:46.167   729   729 E wificond: Failed to get NL80211_STA_INFO_CNAHLOAD
07-20 09:34:54.172   729   729 E wificond: Failed to get NL80211_RATE_INFO_NOISE
07-20 09:34:54.172   729   729 E wificond: Failed to get NL80211_RATE_INFO_SNR
07-20 09:34:54.172   729   729 E wificond: Failed to get NL80211_STA_INFO_CNAHLOAD
07-20 09:34:54.176   729   729 E wificond: Failed to get NL80211_RATE_INFO_NOISE
07-20 09:34:54.176   729   729 E wificond: Failed to get NL80211_RATE_INFO_SNR
07-20 09:34:54.176   729   729 E wificond: Failed to get NL80211_STA_INFO_CNAHLOAD
07-20 09:35:02.177   729   729 E wificond: Failed to get NL80211_RATE_INFO_NOISE
07-20 09:35:02.177   729   729 E wificond: Failed to get NL80211_RATE_INFO_SNR
07-20 09:35:02.177   729   729 E wificond: Failed to get NL80211_STA_INFO_CNAHLOAD
07-20 09:35:02.181   729   729 E wificond: Failed to get NL80211_RATE_INFO_NOISE
07-20 09:35:02.181   729   729 E wificond: Failed to get NL80211_RATE_INFO_SNR
07-20 09:35:02.181   729   729 E wificond: Failed to get NL80211_STA_INFO_CNAHLOAD
07-20 09:35:10.184   729   729 E wificond: Failed to get NL80211_RATE_INFO_NOISE
07-20 09:35:10.184   729   729 E wificond: Failed to get NL80211_RATE_INFO_SNR
07-20 09:35:10.184   729   729 E wificond: Failed to get NL80211_STA_INFO_CNAHLOAD
07-20 09:35:10.189   729   729 E wificond: Failed to get NL80211_RATE_INFO_NOISE
07-20 09:35:10.189   729   729 E wificond: Failed to get NL80211_RATE_INFO_SNR
07-20 09:35:10.189   729   729 E wificond: Failed to get NL80211_STA_INFO_CNAHLOAD
07-20 09:35:18.195   729   729 E wificond: Failed to get NL80211_RATE_INFO_NOISE
07-20 09:35:18.195   729   729 E wificond: Failed to get NL80211_RATE_INFO_SNR
07-20 09:35:18.195   729   729 E wificond: Failed to get NL80211_STA_INFO_CNAHLOAD
07-20 09:35:18.199   729   729 E wificond: Failed to get NL80211_RATE_INFO_NOISE
07-20 09:35:18.199   729   729 E wificond: Failed to get NL80211_RATE_INFO_SNR
07-20 09:35:18.199   729   729 E wificond: Failed to get NL80211_STA_INFO_CNAHLOAD
07-20 09:35:26.202   729   729 E wificond: Failed to get NL80211_RATE_INFO_NOISE
07-20 09:35:26.203   729   729 E wificond: Failed to get NL80211_RATE_INFO_SNR
07-20 09:35:26.203   729   729 E wificond: Failed to get NL80211_STA_INFO_CNAHLOAD
07-20 09:35:26.208   729   729 E wificond: Failed to get NL80211_RATE_INFO_NOISE
07-20 09:35:26.208   729   729 E wificond: Failed to get NL80211_RATE_INFO_SNR
07-20 09:35:26.208   729   729 E wificond: Failed to get NL80211_STA_INFO_CNAHLOAD
07-20 09:35:34.211   729   729 E wificond: Failed to get NL80211_RATE_INFO_NOISE
07-20 09:35:34.211   729   729 E wificond: Failed to get NL80211_RATE_INFO_SNR
07-20 09:35:34.211   729   729 E wificond: Failed to get NL80211_STA_INFO_CNAHLOAD
07-20 09:35:34.216   729   729 E wificond: Failed to get NL80211_RATE_INFO_NOISE
07-20 09:35:34.216   729   729 E wificond: Failed to get NL80211_RATE_INFO_SNR
07-20 09:35:34.216   729   729 E wificond: Failed to get NL80211_STA_INFO_CNAHLOAD
07-20 09:35:42.212   729   729 E wificond: Failed to get NL80211_RATE_INFO_NOISE
07-20 09:35:42.212   729   729 E wificond: Failed to get NL80211_RATE_INFO_SNR
07-20 09:35:42.213   729   729 E wificond: Failed to get NL80211_STA_INFO_CNAHLOAD
07-20 09:35:42.218   729   729 E wificond: Failed to get NL80211_RATE_INFO_NOISE
07-20 09:35:42.218   729   729 E wificond: Failed to get NL80211_RATE_INFO_SNR
07-20 09:35:42.219   729   729 E wificond: Failed to get NL80211_STA_INFO_CNAHLOAD
07-20 09:35:46.443  1255  6512 I chatty  : uid=1000(system) Binder:1255_18 expire 8 lines
07-20 09:35:46.452  1255  1255 I chatty  : uid=1000 system_server expire 12 lines
07-20 09:35:46.453  1255  1460 I chatty  : uid=1000(system) WifiService expire 12 lines
07-20 09:35:50.218   729   729 E wificond: Failed to get NL80211_RATE_INFO_NOISE
07-20 09:35:50.219   729   729 E wificond: Failed to get NL80211_RATE_INFO_SNR
07-20 09:35:50.219   729   729 E wificond: Failed to get NL80211_STA_INFO_CNAHLOAD
07-20 09:35:50.223   729   729 E wificond: Failed to get NL80211_RATE_INFO_NOISE
07-20 09:35:50.223   729   729 E wificond: Failed to get NL80211_RATE_INFO_SNR
07-20 09:35:50.223   729   729 E wificond: Failed to get NL80211_STA_INFO_CNAHLOAD
07-20 09:35:58.224   729   729 E wificond: Failed to get NL80211_RATE_INFO_NOISE
07-20 09:35:58.225   729   729 E wificond: Failed to get NL80211_RATE_INFO_SNR
07-20 09:35:58.225   729   729 E wificond: Failed to get NL80211_STA_INFO_CNAHLOAD
07-20 09:35:58.230   729   729 E wificond: Failed to get NL80211_RATE_INFO_NOISE
07-20 09:35:58.230   729   729 E wificond: Failed to get NL80211_RATE_INFO_SNR
07-20 09:35:58.230   729   729 E wificond: Failed to get NL80211_STA_INFO_CNAHLOAD
07-20 09:36:06.235   729   729 E wificond: Failed to get NL80211_RATE_INFO_NOISE
07-20 09:36:06.235   729   729 E wificond: Failed to get NL80211_RATE_INFO_SNR
07-20 09:36:06.235   729   729 E wificond: Failed to get NL80211_STA_INFO_CNAHLOAD
07-20 09:36:06.239  1255  1476 I chatty  : uid=1000(system) ConnectivitySer expire 2 lines
07-20 09:36:06.240  1255  1461 I chatty  : uid=1000(system) WifiStateMachin expire 2 lines
07-20 09:36:06.253   729   729 E wificond: Failed to get NL80211_RATE_INFO_NOISE
07-20 09:36:06.253   729   729 E wificond: Failed to get NL80211_RATE_INFO_SNR
07-20 09:36:06.253   729   729 E wificond: Failed to get NL80211_STA_INFO_CNAHLOAD
07-20 09:36:14.243   729   729 E wificond: Failed to get NL80211_RATE_INFO_NOISE
07-20 09:36:14.243   729   729 E wificond: Failed to get NL80211_RATE_INFO_SNR
07-20 09:36:14.243   729   729 E wificond: Failed to get NL80211_STA_INFO_CNAHLOAD
07-20 09:36:14.257   729   729 E wificond: Failed to get NL80211_RATE_INFO_NOISE
07-20 09:36:14.257   729   729 E wificond: Failed to get NL80211_RATE_INFO_SNR
07-20 09:36:14.257   729   729 E wificond: Failed to get NL80211_STA_INFO_CNAHLOAD
07-20 09:36:22.253   729   729 E wificond: Failed to get NL80211_RATE_INFO_NOISE
07-20 09:36:22.253   729   729 E wificond: Failed to get NL80211_RATE_INFO_SNR
07-20 09:36:22.253   729   729 E wificond: Failed to get NL80211_STA_INFO_CNAHLOAD
07-20 09:36:22.258   729   729 E wificond: Failed to get NL80211_RATE_INFO_NOISE
07-20 09:36:22.258   729   729 E wificond: Failed to get NL80211_RATE_INFO_SNR
07-20 09:36:22.258   729   729 E wificond: Failed to get NL80211_STA_INFO_CNAHLOAD
07-20 09:36:26.383   496   631 W SocketListener: sending broadcast to Pid = 1255, Uid = 1000 
07-20 09:36:26.393  1255  1316 I chatty  : uid=1000(system) android.fg expire 10 lines
07-20 09:36:30.263   729   729 E wificond: Failed to get NL80211_RATE_INFO_NOISE
07-20 09:36:30.263   729   729 E wificond: Failed to get NL80211_RATE_INFO_SNR
07-20 09:36:30.263   729   729 E wificond: Failed to get NL80211_STA_INFO_CNAHLOAD
07-20 09:36:30.267   729   729 E wificond: Failed to get NL80211_RATE_INFO_NOISE
07-20 09:36:30.268   729   729 E wificond: Failed to get NL80211_RATE_INFO_SNR
07-20 09:36:30.268   729   729 E wificond: Failed to get NL80211_STA_INFO_CNAHLOAD
07-20 09:36:38.272   729   729 E wificond: Failed to get NL80211_RATE_INFO_NOISE
07-20 09:36:38.272   729   729 E wificond: Failed to get NL80211_RATE_INFO_SNR
07-20 09:36:38.272   729   729 E wificond: Failed to get NL80211_STA_INFO_CNAHLOAD
07-20 09:36:38.276   729   729 E wificond: Failed to get NL80211_RATE_INFO_NOISE
07-20 09:36:38.277   729   729 E wificond: Failed to get NL80211_RATE_INFO_SNR
07-20 09:36:38.277   729   729 E wificond: Failed to get NL80211_STA_INFO_CNAHLOAD
07-20 09:36:42.424   496   631 W SocketListener: sending broadcast to Pid = 1255, Uid = 1000 
07-20 09:36:46.281   729   729 E wificond: Failed to get NL80211_RATE_INFO_NOISE
07-20 09:36:46.281   729   729 E wificond: Failed to get NL80211_RATE_INFO_SNR
07-20 09:36:46.281   729   729 E wificond: Failed to get NL80211_STA_INFO_CNAHLOAD
07-20 09:36:46.286   729   729 E wificond: Failed to get NL80211_RATE_INFO_NOISE
07-20 09:36:46.286   729   729 E wificond: Failed to get NL80211_RATE_INFO_SNR
07-20 09:36:46.286   729   729 E wificond: Failed to get NL80211_STA_INFO_CNAHLOAD
07-20 09:36:46.841  1255  1412 I chatty  : uid=1000(system) UEventObserver expire 2 lines
07-20 09:36:46.861  1255  1255 I chatty  : uid=1000 system_server expire 4 lines
07-20 09:36:52.832   496   631 W SocketListener: sending broadcast to Pid = 1255, Uid = 1000 
07-20 09:36:54.288   729   729 E wificond: Failed to get NL80211_RATE_INFO_NOISE
07-20 09:36:54.288   729   729 E wificond: Failed to get NL80211_RATE_INFO_SNR
07-20 09:36:54.288   729   729 E wificond: Failed to get NL80211_STA_INFO_CNAHLOAD
07-20 09:36:54.294   729   729 E wificond: Failed to get NL80211_RATE_INFO_NOISE
07-20 09:36:54.294   729   729 E wificond: Failed to get NL80211_RATE_INFO_SNR
07-20 09:36:54.294   729   729 E wificond: Failed to get NL80211_STA_INFO_CNAHLOAD
07-20 09:36:58.461  1255  1446 I chatty  : uid=1000(system) InputReader expire 22 lines
07-20 09:36:58.497  1255  1255 I chatty  : uid=1000 system_server expire 25 lines
07-20 09:36:58.500  1255  1304 I chatty  : uid=1000(system) ActivityManager expire 1 line
07-20 09:36:58.508  1255  1327 I chatty  : uid=1000(system) PowerManagerSer expire 63 lines
07-20 09:36:58.514  1255  2112 I chatty  : uid=1000(system) Binder:1255_A expire 27 lines
07-20 09:36:58.519  1255  7261 I chatty  : uid=1000(system) Binder:1255_1B expire 6 lines
07-20 09:36:58.523  1255  1449 I chatty  : uid=1000(system) StorageManagerS expire 2 lines
07-20 09:36:58.524   457   465 I vold    : TrimTask running tasks: 0
07-20 09:36:58.525  1255  1452 I chatty  : uid=1000(system) VoldConnector expire 1 line
07-20 09:36:58.533  1255  1473 I chatty  : uid=1000(system) WifiP2pService expire 5 lines
07-20 09:36:58.533  1255  1461 I chatty  : uid=1000(system) WifiStateMachin expire 5 lines
07-20 09:36:58.543  1255  1545 I chatty  : uid=1000(system) PhotonicModulat expire 7 lines
07-20 09:36:58.544  1255  1318 I chatty  : uid=1000(system) android.display expire 7 lines
07-20 09:36:58.549   729   729 E wificond: Failed to get NL80211_RATE_INFO_NOISE
07-20 09:36:58.549   729   729 E wificond: Failed to get NL80211_RATE_INFO_SNR
07-20 09:36:58.549   729   729 E wificond: Failed to get NL80211_STA_INFO_CNAHLOAD
07-20 09:36:58.550  1255  1471 I chatty  : uid=1000(system) WifiScanningSer expire 2 lines
07-20 09:36:58.573  1255  1305 I chatty  : uid=1000(system) android.ui expire 10 lines
07-20 09:36:58.581  1255  6512 I chatty  : uid=1000(system) Binder:1255_18 expire 11 lines
07-20 09:36:58.595  1255  1408 I chatty  : uid=1000(system) android.anim expire 5 lines
07-20 09:36:58.656  2620  5859 W ContextImpl: Calling a method in the system process without a qualified user: android.app.ContextImpl.bindService:1736 android.content.ContextWrapper.bindService:678 com.huawei.nb.dataservice.dsclient.RemoteServiceConnection.open:90 com.huawei.nb.dataservice.dsclient.DataServiceProxy.connect:105 com.huawei.nb.dataservice.rsclient.internal.RemoteRuleService.start:27 
07-20 09:36:58.670  1255  2008 I chatty  : uid=1000(system) Binder:1255_8 expire 26 lines
07-20 09:36:59.896  1255  2112 I chatty  : uid=1000(system) Binder:1255_A expire 15 lines
07-20 09:36:59.955 17637 17637 I PermissionManager: camera remind result:true
07-20 09:36:59.980  1255  1327 I chatty  : uid=1000(system) PowerManagerSer expire 6 lines
07-20 09:36:59.992  1255  6512 I chatty  : uid=1000(system) Binder:1255_18 expire 19 lines
07-20 09:36:59.993  1255  1773 I chatty  : uid=1000(system) Binder:1255_7 expire 3 lines
07-20 09:36:59.998 17637 17637 I ActivityManager_activity: Resuming ActivityRecord{2d2374b token=android.os.BinderProxy@104a76b {de.mpg.mpdl.labcam/de.mpg.mpdl.labcam.MainActivity}} with isForward=false,forwardBitChanged=false onlyLocalRequest=false
07-20 09:37:00.055  1255  1305 I chatty  : uid=1000(system) android.ui expire 10 lines
07-20 09:37:00.057  1255  1408 I chatty  : uid=1000(system) android.anim expire 4 lines
07-20 09:37:00.057 17637 17637 I ActivityManager_activity: Reporting idle of ActivityRecord{2d2374b token=android.os.BinderProxy@104a76b {de.mpg.mpdl.labcam/de.mpg.mpdl.labcam.MainActivity}} finished=false
07-20 09:37:00.058  1255  1442 I chatty  : uid=1000(system) sManagerService expire 5 lines
07-20 09:37:00.095 32466 32466 V KeyguardDisplayManager: hide
07-20 09:37:00.103  1255  1255 I chatty  : uid=1000 system_server expire 12 lines
07-20 09:37:00.109  1255  1318 I chatty  : uid=1000(system) android.display expire 1 line
07-20 09:37:00.112  1255  1304 I chatty  : uid=1000(system) ActivityManager expire 4 lines
07-20 09:37:00.117  1255  1456 I chatty  : uid=1000(system) NetdConnector expire 4 lines
07-20 09:37:00.213  1255  5013 I chatty  : uid=1000(system) Binder:1255_10 expire 9 lines
07-20 09:37:00.229  1255  1473 I chatty  : uid=1000(system) WifiP2pService expire 5 lines
07-20 09:37:00.283  1255  7261 I chatty  : uid=1000(system) Binder:1255_1B expire 4 lines
07-20 09:37:00.371   496   632 W SocketListener: sending broadcast to Pid = 1255, Uid = 1000 
07-20 09:37:00.373  1255  1471 I chatty  : uid=1000(system) WifiScanningSer expire 5 lines
07-20 09:37:00.374  1255  1316 I chatty  : uid=1000(system) android.fg expire 1 line
07-20 09:37:00.375  1255  1441 I chatty  : uid=1000(system) AlarmManager expire 2 lines
07-20 09:37:00.397  1255  1525 I chatty  : uid=1000(system) HwSelfCureEngin expire 1 line
07-20 09:37:00.404  1255  1528 I chatty  : uid=1000(system) WifiProStateMac expire 4 lines
07-20 09:37:00.631  1255  5013 I chatty  : uid=1000(system) Binder:1255_10 expire 20 lines
07-20 09:37:00.687  1255  8684 I chatty  : uid=1000(system) Binder:1255_1D expire 13 lines
07-20 09:37:00.688  1255  6512 I chatty  : uid=1000(system) Binder:1255_18 expire 15 lines
07-20 09:37:00.690  1255  1305 I chatty  : uid=1000(system) android.ui expire 31 lines
07-20 09:37:00.697  1255  1327 I chatty  : uid=1000(system) PowerManagerSer expire 21 lines
07-20 09:37:01.192  1255  1255 I chatty  : uid=1000 system_server expire 10 lines
07-20 09:37:01.583   729   729 E wificond: Failed to get NL80211_RATE_INFO_NOISE
07-20 09:37:01.583   729   729 E wificond: Failed to get NL80211_RATE_INFO_SNR
07-20 09:37:01.583   729   729 E wificond: Failed to get NL80211_STA_INFO_CNAHLOAD
07-20 09:37:01.586  1255  1476 I chatty  : uid=1000(system) ConnectivitySer expire 14 lines
07-20 09:37:01.591  1255  1461 I chatty  : uid=1000(system) WifiStateMachin expire 15 lines
07-20 09:37:01.661  1255  2112 I chatty  : uid=1000(system) Binder:1255_A expire 7 lines
07-20 09:37:02.274  1255  1445 I chatty  : uid=1000(system) InputDispatcher expire 13 lines
07-20 09:37:02.287   729   729 E wificond: Failed to get NL80211_RATE_INFO_NOISE
07-20 09:37:02.287   729   729 E wificond: Failed to get NL80211_RATE_INFO_SNR
07-20 09:37:02.287   729   729 E wificond: Failed to get NL80211_STA_INFO_CNAHLOAD
07-20 09:37:02.289   729   729 E wificond: Failed to get NL80211_RATE_INFO_NOISE
07-20 09:37:02.289   729   729 E wificond: Failed to get NL80211_RATE_INFO_SNR
07-20 09:37:02.289   729   729 E wificond: Failed to get NL80211_STA_INFO_CNAHLOAD
07-20 09:37:02.399   496   632 W SocketListener: sending broadcast to Pid = 1255, Uid = 1000 
07-20 09:37:02.400  1255  1456 I chatty  : uid=1000(system) NetdConnector expire 6 lines
07-20 09:37:02.402  1255  1316 I chatty  : uid=1000(system) android.fg expire 4 lines
07-20 09:37:02.404  1255  1471 I chatty  : uid=1000(system) WifiScanningSer expire 11 lines
07-20 09:37:02.443  1255  1304 I chatty  : uid=1000(system) ActivityManager expire 3 lines
07-20 09:37:02.444  1255  1525 I chatty  : uid=1000(system) HwSelfCureEngin expire 3 lines
07-20 09:37:04.597   729   729 E wificond: Failed to get NL80211_RATE_INFO_NOISE
07-20 09:37:04.597   729   729 E wificond: Failed to get NL80211_RATE_INFO_SNR
07-20 09:37:04.597   729   729 E wificond: Failed to get NL80211_STA_INFO_CNAHLOAD
07-20 09:37:07.306  1255  1408 I chatty  : uid=1000(system) android.anim expire 7 lines
07-20 09:37:07.612   729   729 E wificond: Failed to get NL80211_RATE_INFO_NOISE
07-20 09:37:07.612   729   729 E wificond: Failed to get NL80211_RATE_INFO_SNR
07-20 09:37:07.613   729   729 E wificond: Failed to get NL80211_STA_INFO_CNAHLOAD
07-20 09:37:09.454   496   632 W SocketListener: sending broadcast to Pid = 1255, Uid = 1000 
07-20 09:37:10.304   729   729 E wificond: Failed to get NL80211_RATE_INFO_NOISE
07-20 09:37:10.304   729   729 E wificond: Failed to get NL80211_RATE_INFO_SNR
07-20 09:37:10.304   729   729 E wificond: Failed to get NL80211_STA_INFO_CNAHLOAD
07-20 09:37:10.307   729   729 E wificond: Failed to get NL80211_RATE_INFO_NOISE
07-20 09:37:10.307   729   729 E wificond: Failed to get NL80211_RATE_INFO_SNR
07-20 09:37:10.307   729   729 E wificond: Failed to get NL80211_STA_INFO_CNAHLOAD
07-20 09:37:10.619   729   729 E wificond: Failed to get NL80211_RATE_INFO_NOISE
07-20 09:37:10.619   729   729 E wificond: Failed to get NL80211_RATE_INFO_SNR
07-20 09:37:10.619   729   729 E wificond: Failed to get NL80211_STA_INFO_CNAHLOAD
07-20 09:37:10.840 17637 17637 I PermissionManager: camera remind result:true
07-20 09:37:10.897  1255  1327 I chatty  : uid=1000(system) PowerManagerSer expire 9 lines
07-20 09:37:11.286  1255  2008 I chatty  : uid=1000(system) Binder:1255_8 expire 3 lines
07-20 09:37:13.634   729   729 E wificond: Failed to get NL80211_RATE_INFO_NOISE
07-20 09:37:13.635   729   729 E wificond: Failed to get NL80211_RATE_INFO_SNR
07-20 09:37:13.635   729   729 E wificond: Failed to get NL80211_STA_INFO_CNAHLOAD
07-20 09:37:13.640  1255  1476 I chatty  : uid=1000(system) ConnectivitySer expire 17 lines
07-20 09:37:13.661  1255  6512 I chatty  : uid=1000(system) Binder:1255_18 expire 9 lines
07-20 09:37:15.236  1255  1441 I chatty  : uid=1000(system) AlarmManager expire 1 line
07-20 09:37:16.648   729   729 E wificond: Failed to get NL80211_RATE_INFO_NOISE
07-20 09:37:16.648   729   729 E wificond: Failed to get NL80211_RATE_INFO_SNR
07-20 09:37:16.648   729   729 E wificond: Failed to get NL80211_STA_INFO_CNAHLOAD
07-20 09:37:17.048  1255  1412 I chatty  : uid=1000(system) UEventObserver expire 2 lines
07-20 09:37:17.069  1255  1460 I chatty  : uid=1000(system) WifiService expire 1 line
07-20 09:37:18.307   729   729 E wificond: Failed to get NL80211_RATE_INFO_NOISE
07-20 09:37:18.307   729   729 E wificond: Failed to get NL80211_RATE_INFO_SNR
07-20 09:37:18.307   729   729 E wificond: Failed to get NL80211_STA_INFO_CNAHLOAD
07-20 09:37:18.308   729   729 E wificond: Failed to get NL80211_RATE_INFO_NOISE
07-20 09:37:18.308   729   729 E wificond: Failed to get NL80211_RATE_INFO_SNR
07-20 09:37:18.308   729   729 E wificond: Failed to get NL80211_STA_INFO_CNAHLOAD
07-20 09:37:18.594  1255  5013 I chatty  : uid=1000(system) Binder:1255_10 expire 5 lines
07-20 09:37:19.674   729   729 E wificond: Failed to get NL80211_RATE_INFO_NOISE
07-20 09:37:19.675   729   729 E wificond: Failed to get NL80211_RATE_INFO_SNR
07-20 09:37:19.675   729   729 E wificond: Failed to get NL80211_STA_INFO_CNAHLOAD
07-20 09:37:21.527   496   632 W SocketListener: sending broadcast to Pid = 1255, Uid = 1000 
07-20 09:37:21.554  1255  1471 I chatty  : uid=1000(system) WifiScanningSer expire 2 lines
07-20 09:37:21.563  1255  1255 I chatty  : uid=1000 system_server expire 1 line
07-20 09:37:22.686   729   729 E wificond: Failed to get NL80211_RATE_INFO_NOISE
07-20 09:37:22.686   729   729 E wificond: Failed to get NL80211_RATE_INFO_SNR
07-20 09:37:22.686   729   729 E wificond: Failed to get NL80211_STA_INFO_CNAHLOAD
07-20 09:37:25.703   729   729 E wificond: Failed to get NL80211_RATE_INFO_NOISE
07-20 09:37:25.703   729   729 E wificond: Failed to get NL80211_RATE_INFO_SNR
07-20 09:37:25.703   729   729 E wificond: Failed to get NL80211_STA_INFO_CNAHLOAD
07-20 09:37:25.706  1255  1476 I chatty  : uid=1000(system) ConnectivitySer expire 8 lines
07-20 09:37:25.706  1255  1461 I chatty  : uid=1000(system) WifiStateMachin expire 13 lines
07-20 09:37:25.715  1255  5013 I chatty  : uid=1000(system) Binder:1255_10 expire 11 lines
07-20 09:37:26.299   729   729 E wificond: Failed to get NL80211_RATE_INFO_NOISE
07-20 09:37:26.299   729   729 E wificond: Failed to get NL80211_RATE_INFO_SNR
07-20 09:37:26.299   729   729 E wificond: Failed to get NL80211_STA_INFO_CNAHLOAD
07-20 09:37:26.302   729   729 E wificond: Failed to get NL80211_RATE_INFO_NOISE
07-20 09:37:26.302   729   729 E wificond: Failed to get NL80211_RATE_INFO_SNR
07-20 09:37:26.302   729   729 E wificond: Failed to get NL80211_STA_INFO_CNAHLOAD
07-20 09:37:27.172  1255  1667 I chatty  : uid=1000(system) watchdog expire 2 lines
07-20 09:37:27.219  1255  1327 I chatty  : uid=1000(system) PowerManagerSer expire 10 lines
07-20 09:37:28.468  1255  1445 I chatty  : uid=1000(system) InputDispatcher expire 6 lines
07-20 09:37:28.720   729   729 E wificond: Failed to get NL80211_RATE_INFO_NOISE
07-20 09:37:28.720   729   729 E wificond: Failed to get NL80211_RATE_INFO_SNR
07-20 09:37:28.720   729   729 E wificond: Failed to get NL80211_STA_INFO_CNAHLOAD
07-20 09:37:29.859  1255  2008 I chatty  : uid=1000(system) Binder:1255_8 expire 3 lines
07-20 09:37:31.737   729   729 E wificond: Failed to get NL80211_RATE_INFO_NOISE
07-20 09:37:31.737   729   729 E wificond: Failed to get NL80211_RATE_INFO_SNR
07-20 09:37:31.737   729   729 E wificond: Failed to get NL80211_STA_INFO_CNAHLOAD
07-20 09:37:31.894  1255  1442 I chatty  : uid=1000(system) sManagerService expire 2 lines
07-20 09:37:32.915  1255  2112 I chatty  : uid=1000(system) Binder:1255_A expire 7 lines
07-20 09:37:34.312   729   729 E wificond: Failed to get NL80211_RATE_INFO_NOISE
07-20 09:37:34.312   729   729 E wificond: Failed to get NL80211_RATE_INFO_SNR
07-20 09:37:34.312   729   729 E wificond: Failed to get NL80211_STA_INFO_CNAHLOAD
07-20 09:37:34.315   729   729 E wificond: Failed to get NL80211_RATE_INFO_NOISE
07-20 09:37:34.315   729   729 E wificond: Failed to get NL80211_RATE_INFO_SNR
07-20 09:37:34.315   729   729 E wificond: Failed to get NL80211_STA_INFO_CNAHLOAD
07-20 09:37:34.741   729   729 E wificond: Failed to get NL80211_RATE_INFO_NOISE
07-20 09:37:34.741   729   729 E wificond: Failed to get NL80211_RATE_INFO_SNR
07-20 09:37:34.741   729   729 E wificond: Failed to get NL80211_STA_INFO_CNAHLOAD
07-20 09:37:37.758   729   729 E wificond: Failed to get NL80211_RATE_INFO_NOISE
07-20 09:37:37.758   729   729 E wificond: Failed to get NL80211_RATE_INFO_SNR
07-20 09:37:37.758   729   729 E wificond: Failed to get NL80211_STA_INFO_CNAHLOAD
07-20 09:37:40.773   729   729 E wificond: Failed to get NL80211_RATE_INFO_NOISE
07-20 09:37:40.773   729   729 E wificond: Failed to get NL80211_RATE_INFO_SNR
07-20 09:37:40.773   729   729 E wificond: Failed to get NL80211_STA_INFO_CNAHLOAD
07-20 09:37:41.884  1255  1255 I chatty  : uid=1000 system_server expire 10 lines
07-20 09:37:41.895  1255  1301 I chatty  : uid=1000(system) android.bg expire 2 lines
07-20 09:37:41.916  1255  6512 I chatty  : uid=1000(system) Binder:1255_18 expire 1 line
07-20 09:37:42.325   729   729 E wificond: Failed to get NL80211_RATE_INFO_NOISE
07-20 09:37:42.325   729   729 E wificond: Failed to get NL80211_RATE_INFO_SNR
07-20 09:37:42.325   729   729 E wificond: Failed to get NL80211_STA_INFO_CNAHLOAD
07-20 09:37:42.327   729   729 E wificond: Failed to get NL80211_RATE_INFO_NOISE
07-20 09:37:42.327   729   729 E wificond: Failed to get NL80211_RATE_INFO_SNR
07-20 09:37:42.327   729   729 E wificond: Failed to get NL80211_STA_INFO_CNAHLOAD
07-20 09:37:43.788   729   729 E wificond: Failed to get NL80211_RATE_INFO_NOISE
07-20 09:37:43.788   729   729 E wificond: Failed to get NL80211_RATE_INFO_SNR
07-20 09:37:43.788   729   729 E wificond: Failed to get NL80211_STA_INFO_CNAHLOAD
07-20 09:37:46.803   729   729 E wificond: Failed to get NL80211_RATE_INFO_NOISE
07-20 09:37:46.804   729   729 E wificond: Failed to get NL80211_RATE_INFO_SNR
07-20 09:37:46.804   729   729 E wificond: Failed to get NL80211_STA_INFO_CNAHLOAD
07-20 09:37:46.806  1255  1476 I chatty  : uid=1000(system) ConnectivitySer expire 14 lines
07-20 09:37:46.828  1255  1471 I chatty  : uid=1000(system) WifiScanningSer expire 10 lines
07-20 09:37:47.255  1255  1412 I chatty  : uid=1000(system) UEventObserver expire 2 lines
07-20 09:37:47.271  1255  5013 I chatty  : uid=1000(system) Binder:1255_10 expire 6 lines
07-20 09:37:47.271  1255  1327 I chatty  : uid=1000(system) PowerManagerSer expire 8 lines
07-20 09:37:47.273  1255  1316 I chatty  : uid=1000(system) android.fg expire 6 lines
07-20 09:37:47.274  1255  1460 I chatty  : uid=1000(system) WifiService expire 1 line
07-20 09:37:48.648   496   632 W SocketListener: sending broadcast to Pid = 1255, Uid = 1000 
07-20 09:37:48.649  1255  1456 I chatty  : uid=1000(system) NetdConnector expire 6 lines
07-20 09:37:48.681  1255  1304 I chatty  : uid=1000(system) ActivityManager expire 4 lines
07-20 09:37:48.683  1255  1528 I chatty  : uid=1000(system) WifiProStateMac expire 2 lines
07-20 09:37:48.684  1255  7261 I chatty  : uid=1000(system) Binder:1255_1B expire 5 lines
07-20 09:37:48.685  1255  1525 I chatty  : uid=1000(system) HwSelfCureEngin expire 2 lines
07-20 09:37:48.685  1255  8684 I chatty  : uid=1000(system) Binder:1255_1D expire 7 lines
07-20 09:37:49.818   729   729 E wificond: Failed to get NL80211_RATE_INFO_NOISE
07-20 09:37:49.818   729   729 E wificond: Failed to get NL80211_RATE_INFO_SNR
07-20 09:37:49.818   729   729 E wificond: Failed to get NL80211_STA_INFO_CNAHLOAD
07-20 09:37:50.325   729   729 E wificond: Failed to get NL80211_RATE_INFO_NOISE
07-20 09:37:50.325   729   729 E wificond: Failed to get NL80211_RATE_INFO_SNR
07-20 09:37:50.325   729   729 E wificond: Failed to get NL80211_STA_INFO_CNAHLOAD
07-20 09:37:50.329   729   729 E wificond: Failed to get NL80211_RATE_INFO_NOISE
07-20 09:37:50.329   729   729 E wificond: Failed to get NL80211_RATE_INFO_SNR
07-20 09:37:50.329   729   729 E wificond: Failed to get NL80211_STA_INFO_CNAHLOAD
07-20 09:37:52.119   496   631 W SocketListener: sending broadcast to Pid = 1255, Uid = 1000 
07-20 09:37:52.833   729   729 E wificond: Failed to get NL80211_RATE_INFO_NOISE
07-20 09:37:52.833   729   729 E wificond: Failed to get NL80211_RATE_INFO_SNR
07-20 09:37:52.833   729   729 E wificond: Failed to get NL80211_STA_INFO_CNAHLOAD
07-20 09:37:55.849   729   729 E wificond: Failed to get NL80211_RATE_INFO_NOISE
07-20 09:37:55.849   729   729 E wificond: Failed to get NL80211_RATE_INFO_SNR
07-20 09:37:55.849   729   729 E wificond: Failed to get NL80211_STA_INFO_CNAHLOAD
07-20 09:37:58.334   729   729 E wificond: Failed to get NL80211_RATE_INFO_NOISE
07-20 09:37:58.334   729   729 E wificond: Failed to get NL80211_RATE_INFO_SNR
07-20 09:37:58.334   729   729 E wificond: Failed to get NL80211_STA_INFO_CNAHLOAD
07-20 09:37:58.336   729   729 E wificond: Failed to get NL80211_RATE_INFO_NOISE
07-20 09:37:58.336   729   729 E wificond: Failed to get NL80211_RATE_INFO_SNR
07-20 09:37:58.336   729   729 E wificond: Failed to get NL80211_STA_INFO_CNAHLOAD
07-20 09:37:58.854   729   729 E wificond: Failed to get NL80211_RATE_INFO_NOISE
07-20 09:37:58.854   729   729 E wificond: Failed to get NL80211_RATE_INFO_SNR
07-20 09:37:58.854   729   729 E wificond: Failed to get NL80211_STA_INFO_CNAHLOAD
07-20 09:37:58.858  1255  1476 I chatty  : uid=1000(system) ConnectivitySer expire 14 lines
07-20 09:38:00.000  1255  1441 I chatty  : uid=1000(system) AlarmManager expire 2 lines
07-20 09:38:00.004  1255  1255 I chatty  : uid=1000 system_server expire 4 lines
07-20 09:38:00.711   496   632 W SocketListener: sending broadcast to Pid = 1255, Uid = 1000 
07-20 09:38:00.738  1255  1773 I chatty  : uid=1000(system) Binder:1255_7 expire 1 line
07-20 09:38:01.868   729   729 E wificond: Failed to get NL80211_RATE_INFO_NOISE
07-20 09:38:01.868   729   729 E wificond: Failed to get NL80211_RATE_INFO_SNR
07-20 09:38:01.868   729   729 E wificond: Failed to get NL80211_STA_INFO_CNAHLOAD
07-20 09:38:01.876  1255  1461 I chatty  : uid=1000(system) WifiStateMachin expire 11 lines
07-20 09:38:01.898  1255  1327 I chatty  : uid=1000(system) PowerManagerSer expire 11 lines
07-20 09:38:04.883   729   729 E wificond: Failed to get NL80211_RATE_INFO_NOISE
07-20 09:38:04.883   729   729 E wificond: Failed to get NL80211_RATE_INFO_SNR
07-20 09:38:04.883   729   729 E wificond: Failed to get NL80211_STA_INFO_CNAHLOAD
07-20 09:38:04.885  1255  1476 I chatty  : uid=1000(system) ConnectivitySer expire 9 lines
07-20 09:38:04.911  1255  1471 I chatty  : uid=1000(system) WifiScanningSer expire 10 lines
07-20 09:38:06.341   729   729 E wificond: Failed to get NL80211_RATE_INFO_NOISE
07-20 09:38:06.341   729   729 E wificond: Failed to get NL80211_RATE_INFO_SNR
07-20 09:38:06.341   729   729 E wificond: Failed to get NL80211_STA_INFO_CNAHLOAD
07-20 09:38:06.343   729   729 E wificond: Failed to get NL80211_RATE_INFO_NOISE
07-20 09:38:06.343   729   729 E wificond: Failed to get NL80211_RATE_INFO_SNR
07-20 09:38:06.343   729   729 E wificond: Failed to get NL80211_STA_INFO_CNAHLOAD
07-20 09:38:06.726   496   632 W SocketListener: sending broadcast to Pid = 1255, Uid = 1000 
07-20 09:38:06.727  1255  1456 I chatty  : uid=1000(system) NetdConnector expire 8 lines
07-20 09:38:06.731  1255  1316 I chatty  : uid=1000(system) android.fg expire 8 lines
07-20 09:38:06.762  1255  1528 I chatty  : uid=1000(system) WifiProStateMac expire 2 lines
07-20 09:38:06.763  1255  1525 I chatty  : uid=1000(system) HwSelfCureEngin expire 2 lines
07-20 09:38:06.763  1255  5013 I chatty  : uid=1000(system) Binder:1255_10 expire 13 lines
07-20 09:38:06.764  1255  1255 I chatty  : uid=1000 system_server expire 10 lines
07-20 09:38:06.765  1255  1304 I chatty  : uid=1000(system) ActivityManager expire 5 lines
07-20 09:38:06.766  1255  1773 I chatty  : uid=1000(system) Binder:1255_7 expire 10 lines
07-20 09:38:06.767  1255  7261 I chatty  : uid=1000(system) Binder:1255_1B expire 10 lines
07-20 09:38:06.770  1255  8684 I chatty  : uid=1000(system) Binder:1255_1D expire 2 lines
07-20 09:38:07.897   729   729 E wificond: Failed to get NL80211_RATE_INFO_NOISE
07-20 09:38:07.897   729   729 E wificond: Failed to get NL80211_RATE_INFO_SNR
07-20 09:38:07.897   729   729 E wificond: Failed to get NL80211_STA_INFO_CNAHLOAD
07-20 09:38:10.913   729   729 E wificond: Failed to get NL80211_RATE_INFO_NOISE
07-20 09:38:10.913   729   729 E wificond: Failed to get NL80211_RATE_INFO_SNR
07-20 09:38:10.913   729   729 E wificond: Failed to get NL80211_STA_INFO_CNAHLOAD
07-20 09:38:13.927   729   729 E wificond: Failed to get NL80211_RATE_INFO_NOISE
07-20 09:38:13.928   729   729 E wificond: Failed to get NL80211_RATE_INFO_SNR
07-20 09:38:13.928   729   729 E wificond: Failed to get NL80211_STA_INFO_CNAHLOAD
07-20 09:38:14.346   729   729 E wificond: Failed to get NL80211_RATE_INFO_NOISE
07-20 09:38:14.346   729   729 E wificond: Failed to get NL80211_RATE_INFO_SNR
07-20 09:38:14.346   729   729 E wificond: Failed to get NL80211_STA_INFO_CNAHLOAD
07-20 09:38:14.348   729   729 E wificond: Failed to get NL80211_RATE_INFO_NOISE
07-20 09:38:14.349   729   729 E wificond: Failed to get NL80211_RATE_INFO_SNR
07-20 09:38:14.349   729   729 E wificond: Failed to get NL80211_STA_INFO_CNAHLOAD
07-20 09:38:16.943   729   729 E wificond: Failed to get NL80211_RATE_INFO_NOISE
07-20 09:38:16.943   729   729 E wificond: Failed to get NL80211_RATE_INFO_SNR
07-20 09:38:16.943   729   729 E wificond: Failed to get NL80211_STA_INFO_CNAHLOAD
07-20 09:38:17.476  1255  1412 I chatty  : uid=1000(system) UEventObserver expire 4 lines
07-20 09:38:17.495  1255  1460 I chatty  : uid=1000(system) WifiService expire 3 lines
07-20 09:38:19.959   729   729 E wificond: Failed to get NL80211_RATE_INFO_NOISE
07-20 09:38:19.959   729   729 E wificond: Failed to get NL80211_RATE_INFO_SNR
07-20 09:38:19.959   729   729 E wificond: Failed to get NL80211_STA_INFO_CNAHLOAD
07-20 09:38:20.258  1255  1327 I chatty  : uid=1000(system) PowerManagerSer expire 11 lines
07-20 09:38:22.364   729   729 E wificond: Failed to get NL80211_RATE_INFO_NOISE
07-20 09:38:22.364   729   729 E wificond: Failed to get NL80211_RATE_INFO_SNR
07-20 09:38:22.364   729   729 E wificond: Failed to get NL80211_STA_INFO_CNAHLOAD
07-20 09:38:22.367   729   729 E wificond: Failed to get NL80211_RATE_INFO_NOISE
07-20 09:38:22.367   729   729 E wificond: Failed to get NL80211_RATE_INFO_SNR
07-20 09:38:22.367   729   729 E wificond: Failed to get NL80211_STA_INFO_CNAHLOAD
07-20 09:38:22.964   729   729 E wificond: Failed to get NL80211_RATE_INFO_NOISE
07-20 09:38:22.964   729   729 E wificond: Failed to get NL80211_RATE_INFO_SNR
07-20 09:38:22.964   729   729 E wificond: Failed to get NL80211_STA_INFO_CNAHLOAD
07-20 09:38:24.899  1255  1441 I chatty  : uid=1000(system) AlarmManager expire 10 lines
07-20 09:38:25.972   729   729 E wificond: Failed to get NL80211_RATE_INFO_NOISE
07-20 09:38:25.972   729   729 E wificond: Failed to get NL80211_RATE_INFO_SNR
07-20 09:38:25.972   729   729 E wificond: Failed to get NL80211_STA_INFO_CNAHLOAD
07-20 09:38:26.744   496   632 W SocketListener: sending broadcast to Pid = 1255, Uid = 1000 
07-20 09:38:27.173  1255  1667 I chatty  : uid=1000(system) watchdog expire 2 lines
07-20 09:38:28.988   729   729 E wificond: Failed to get NL80211_RATE_INFO_NOISE
07-20 09:38:28.988   729   729 E wificond: Failed to get NL80211_RATE_INFO_SNR
07-20 09:38:28.988   729   729 E wificond: Failed to get NL80211_STA_INFO_CNAHLOAD
07-20 09:38:30.373   729   729 E wificond: Failed to get NL80211_RATE_INFO_NOISE
07-20 09:38:30.373   729   729 E wificond: Failed to get NL80211_RATE_INFO_SNR
07-20 09:38:30.373   729   729 E wificond: Failed to get NL80211_STA_INFO_CNAHLOAD
07-20 09:38:30.379  1255  1461 I chatty  : uid=1000(system) WifiStateMachin expire 7 lines
07-20 09:38:30.380   729   729 E wificond: Failed to get NL80211_RATE_INFO_NOISE
07-20 09:38:30.381   729   729 E wificond: Failed to get NL80211_RATE_INFO_SNR
07-20 09:38:30.381   729   729 E wificond: Failed to get NL80211_STA_INFO_CNAHLOAD
07-20 09:38:32.004   729   729 E wificond: Failed to get NL80211_RATE_INFO_NOISE
07-20 09:38:32.004   729   729 E wificond: Failed to get NL80211_RATE_INFO_SNR
07-20 09:38:32.004   729   729 E wificond: Failed to get NL80211_STA_INFO_CNAHLOAD
07-20 09:38:35.023   729   729 E wificond: Failed to get NL80211_RATE_INFO_NOISE
07-20 09:38:35.023   729   729 E wificond: Failed to get NL80211_RATE_INFO_SNR
07-20 09:38:35.023   729   729 E wificond: Failed to get NL80211_STA_INFO_CNAHLOAD
07-20 09:38:38.032   729   729 E wificond: Failed to get NL80211_RATE_INFO_NOISE
07-20 09:38:38.033   729   729 E wificond: Failed to get NL80211_RATE_INFO_SNR
07-20 09:38:38.033   729   729 E wificond: Failed to get NL80211_STA_INFO_CNAHLOAD
07-20 09:38:38.367   729   729 E wificond: Failed to get NL80211_RATE_INFO_NOISE
07-20 09:38:38.367   729   729 E wificond: Failed to get NL80211_RATE_INFO_SNR
07-20 09:38:38.367   729   729 E wificond: Failed to get NL80211_STA_INFO_CNAHLOAD
07-20 09:38:38.370   729   729 E wificond: Failed to get NL80211_RATE_INFO_NOISE
07-20 09:38:38.370   729   729 E wificond: Failed to get NL80211_RATE_INFO_SNR
07-20 09:38:38.370   729   729 E wificond: Failed to get NL80211_STA_INFO_CNAHLOAD
07-20 09:38:41.047   729   729 E wificond: Failed to get NL80211_RATE_INFO_NOISE
07-20 09:38:41.047   729   729 E wificond: Failed to get NL80211_RATE_INFO_SNR
07-20 09:38:41.047   729   729 E wificond: Failed to get NL80211_STA_INFO_CNAHLOAD
07-20 09:38:42.698  1255  1327 I chatty  : uid=1000(system) PowerManagerSer expire 10 lines
07-20 09:38:44.061   729   729 E wificond: Failed to get NL80211_RATE_INFO_NOISE
07-20 09:38:44.061   729   729 E wificond: Failed to get NL80211_RATE_INFO_SNR
07-20 09:38:44.061   729   729 E wificond: Failed to get NL80211_STA_INFO_CNAHLOAD
07-20 09:38:46.381   729   729 E wificond: Failed to get NL80211_RATE_INFO_NOISE
07-20 09:38:46.381   729   729 E wificond: Failed to get NL80211_RATE_INFO_SNR
07-20 09:38:46.381   729   729 E wificond: Failed to get NL80211_STA_INFO_CNAHLOAD
07-20 09:38:46.383   729   729 E wificond: Failed to get NL80211_RATE_INFO_NOISE
07-20 09:38:46.383   729   729 E wificond: Failed to get NL80211_RATE_INFO_SNR
07-20 09:38:46.383   729   729 E wificond: Failed to get NL80211_STA_INFO_CNAHLOAD
07-20 09:38:47.066   729   729 E wificond: Failed to get NL80211_RATE_INFO_NOISE
07-20 09:38:47.066   729   729 E wificond: Failed to get NL80211_RATE_INFO_SNR
07-20 09:38:47.066   729   729 E wificond: Failed to get NL80211_STA_INFO_CNAHLOAD
07-20 09:38:47.688  1255  1255 I chatty  : uid=1000 system_server expire 13 lines
07-20 09:38:50.084   729   729 E wificond: Failed to get NL80211_RATE_INFO_NOISE
07-20 09:38:50.084   729   729 E wificond: Failed to get NL80211_RATE_INFO_SNR
07-20 09:38:50.084   729   729 E wificond: Failed to get NL80211_STA_INFO_CNAHLOAD
07-20 09:38:53.101   729   729 E wificond: Failed to get NL80211_RATE_INFO_NOISE
07-20 09:38:53.101   729   729 E wificond: Failed to get NL80211_RATE_INFO_SNR
07-20 09:38:53.101   729   729 E wificond: Failed to get NL80211_STA_INFO_CNAHLOAD
07-20 09:38:54.387   729   729 E wificond: Failed to get NL80211_RATE_INFO_NOISE
07-20 09:38:54.387   729   729 E wificond: Failed to get NL80211_RATE_INFO_SNR
07-20 09:38:54.387   729   729 E wificond: Failed to get NL80211_STA_INFO_CNAHLOAD
07-20 09:38:54.389   729   729 E wificond: Failed to get NL80211_RATE_INFO_NOISE
07-20 09:38:54.389   729   729 E wificond: Failed to get NL80211_RATE_INFO_SNR
07-20 09:38:54.389   729   729 E wificond: Failed to get NL80211_STA_INFO_CNAHLOAD
07-20 09:38:55.631   496   631 W SocketListener: sending broadcast to Pid = 1255, Uid = 1000 
07-20 09:38:56.117   729   729 E wificond: Failed to get NL80211_RATE_INFO_NOISE
07-20 09:38:56.117   729   729 E wificond: Failed to get NL80211_RATE_INFO_SNR
07-20 09:38:56.117   729   729 E wificond: Failed to get NL80211_STA_INFO_CNAHLOAD
07-20 09:38:58.658  1255  5013 I chatty  : uid=1000(system) Binder:1255_10 expire 1 line
07-20 09:38:59.133   729   729 E wificond: Failed to get NL80211_RATE_INFO_NOISE
07-20 09:38:59.133   729   729 E wificond: Failed to get NL80211_RATE_INFO_SNR
07-20 09:38:59.133   729   729 E wificond: Failed to get NL80211_STA_INFO_CNAHLOAD
07-20 09:39:00.002  1255  1255 I chatty  : uid=1000 system_server expire 3 lines
07-20 09:39:00.112  1255  7261 I chatty  : uid=1000(system) Binder:1255_1B expire 1 line
07-20 09:39:01.058  1255  1327 I chatty  : uid=1000(system) PowerManagerSer expire 3 lines
07-20 09:39:02.151   729   729 E wificond: Failed to get NL80211_RATE_INFO_NOISE
07-20 09:39:02.151   729   729 E wificond: Failed to get NL80211_RATE_INFO_SNR
07-20 09:39:02.151   729   729 E wificond: Failed to get NL80211_STA_INFO_CNAHLOAD
07-20 09:39:02.387   729   729 E wificond: Failed to get NL80211_RATE_INFO_NOISE
07-20 09:39:02.387   729   729 E wificond: Failed to get NL80211_RATE_INFO_SNR
07-20 09:39:02.388   729   729 E wificond: Failed to get NL80211_STA_INFO_CNAHLOAD
07-20 09:39:02.391   729   729 E wificond: Failed to get NL80211_RATE_INFO_NOISE
07-20 09:39:02.391   729   729 E wificond: Failed to get NL80211_RATE_INFO_SNR
07-20 09:39:02.391   729   729 E wificond: Failed to get NL80211_STA_INFO_CNAHLOAD
07-20 09:39:03.703  1255  1301 I chatty  : uid=1000(system) android.bg expire 1 line
07-20 09:39:04.930  1255  1471 I chatty  : uid=1000(system) WifiScanningSer expire 10 lines
07-20 09:39:05.159   729   729 E wificond: Failed to get NL80211_RATE_INFO_NOISE
07-20 09:39:05.159   729   729 E wificond: Failed to get NL80211_RATE_INFO_SNR
07-20 09:39:05.159   729   729 E wificond: Failed to get NL80211_STA_INFO_CNAHLOAD
07-20 09:39:06.747   496   632 W SocketListener: sending broadcast to Pid = 1255, Uid = 1000 
07-20 09:39:06.751  1255  1316 I chatty  : uid=1000(system) android.fg expire 10 lines
07-20 09:39:06.764  1255  1525 I chatty  : uid=1000(system) HwSelfCureEngin expire 2 lines
07-20 09:39:06.765  1255  1255 I chatty  : uid=1000 system_server expire 10 lines
07-20 09:39:06.765  1255  1304 I chatty  : uid=1000(system) ActivityManager expire 5 lines
07-20 09:39:06.766  1255  1528 I chatty  : uid=1000(system) WifiProStateMac expire 2 lines
07-20 09:39:06.770  1255  5013 I chatty  : uid=1000(system) Binder:1255_10 expire 12 lines
07-20 09:39:06.772  1255  7261 I chatty  : uid=1000(system) Binder:1255_1B expire 19 lines
07-20 09:39:06.772  1255  1773 I chatty  : uid=1000(system) Binder:1255_7 expire 10 lines
07-20 09:39:07.178  1255  1327 I chatty  : uid=1000(system) PowerManagerSer expire 10 lines
07-20 09:39:08.172   729   729 E wificond: Failed to get NL80211_RATE_INFO_NOISE
07-20 09:39:08.173   729   729 E wificond: Failed to get NL80211_RATE_INFO_SNR
07-20 09:39:08.173   729   729 E wificond: Failed to get NL80211_STA_INFO_CNAHLOAD
07-20 09:39:10.403   729   729 E wificond: Failed to get NL80211_RATE_INFO_NOISE
07-20 09:39:10.403   729   729 E wificond: Failed to get NL80211_RATE_INFO_SNR
07-20 09:39:10.403   729   729 E wificond: Failed to get NL80211_STA_INFO_CNAHLOAD
07-20 09:39:10.405   729   729 E wificond: Failed to get NL80211_RATE_INFO_NOISE
07-20 09:39:10.405   729   729 E wificond: Failed to get NL80211_RATE_INFO_SNR
07-20 09:39:10.405   729   729 E wificond: Failed to get NL80211_STA_INFO_CNAHLOAD
07-20 09:39:10.808   496   631 W SocketListener: sending broadcast to Pid = 1255, Uid = 1000 
07-20 09:39:10.809  1255  1456 I chatty  : uid=1000(system) NetdConnector expire 6 lines
07-20 09:39:11.177   729   729 E wificond: Failed to get NL80211_RATE_INFO_NOISE
07-20 09:39:11.178   729   729 E wificond: Failed to get NL80211_RATE_INFO_SNR
07-20 09:39:11.178   729   729 E wificond: Failed to get NL80211_STA_INFO_CNAHLOAD
07-20 09:39:14.191   729   729 E wificond: Failed to get NL80211_RATE_INFO_NOISE
07-20 09:39:14.192   729   729 E wificond: Failed to get NL80211_RATE_INFO_SNR
07-20 09:39:14.192   729   729 E wificond: Failed to get NL80211_STA_INFO_CNAHLOAD
07-20 09:39:17.207   729   729 E wificond: Failed to get NL80211_RATE_INFO_NOISE
07-20 09:39:17.207   729   729 E wificond: Failed to get NL80211_RATE_INFO_SNR
07-20 09:39:17.207   729   729 E wificond: Failed to get NL80211_STA_INFO_CNAHLOAD
07-20 09:39:17.628  1255  1460 I chatty  : uid=1000(system) WifiService expire 2 lines
07-20 09:39:17.878  1255  1412 I chatty  : uid=1000(system) UEventObserver expire 2 lines
07-20 09:39:18.412   729   729 E wificond: Failed to get NL80211_RATE_INFO_NOISE
07-20 09:39:18.412   729   729 E wificond: Failed to get NL80211_RATE_INFO_SNR
07-20 09:39:18.412   729   729 E wificond: Failed to get NL80211_STA_INFO_CNAHLOAD
07-20 09:39:18.415   729   729 E wificond: Failed to get NL80211_RATE_INFO_NOISE
07-20 09:39:18.415   729   729 E wificond: Failed to get NL80211_RATE_INFO_SNR
07-20 09:39:18.415   729   729 E wificond: Failed to get NL80211_STA_INFO_CNAHLOAD
07-20 09:39:20.221   729   729 E wificond: Failed to get NL80211_RATE_INFO_NOISE
07-20 09:39:20.221   729   729 E wificond: Failed to get NL80211_RATE_INFO_SNR
07-20 09:39:20.221   729   729 E wificond: Failed to get NL80211_STA_INFO_CNAHLOAD
07-20 09:39:23.236   729   729 E wificond: Failed to get NL80211_RATE_INFO_NOISE
07-20 09:39:23.236   729   729 E wificond: Failed to get NL80211_RATE_INFO_SNR
07-20 09:39:23.236   729   729 E wificond: Failed to get NL80211_STA_INFO_CNAHLOAD
07-20 09:39:23.498  1255  1327 I chatty  : uid=1000(system) PowerManagerSer expire 8 lines
07-20 09:39:24.650  1255  1445 I chatty  : uid=1000(system) InputDispatcher expire 16 lines
07-20 09:39:24.782  1255  1408 I chatty  : uid=1000(system) android.anim expire 6 lines
07-20 09:39:26.254   729   729 E wificond: Failed to get NL80211_RATE_INFO_NOISE
07-20 09:39:26.254   729   729 E wificond: Failed to get NL80211_RATE_INFO_SNR
07-20 09:39:26.254   729   729 E wificond: Failed to get NL80211_STA_INFO_CNAHLOAD
07-20 09:39:26.412   729   729 E wificond: Failed to get NL80211_RATE_INFO_NOISE
07-20 09:39:26.412   729   729 E wificond: Failed to get NL80211_RATE_INFO_SNR
07-20 09:39:26.412   729   729 E wificond: Failed to get NL80211_STA_INFO_CNAHLOAD
07-20 09:39:26.415   729   729 E wificond: Failed to get NL80211_RATE_INFO_NOISE
07-20 09:39:26.415   729   729 E wificond: Failed to get NL80211_RATE_INFO_SNR
07-20 09:39:26.415   729   729 E wificond: Failed to get NL80211_STA_INFO_CNAHLOAD
07-20 09:39:26.857  1255  1441 I chatty  : uid=1000(system) AlarmManager expire 4 lines
07-20 09:39:26.903  1255  5013 I chatty  : uid=1000(system) Binder:1255_10 expire 8 lines
07-20 09:39:26.928  1255  7261 I chatty  : uid=1000(system) Binder:1255_1B expire 18 lines
07-20 09:39:26.942   496   631 W SocketListener: sending broadcast to Pid = 1255, Uid = 1000 
07-20 09:39:27.176  1255  1667 I chatty  : uid=1000(system) watchdog expire 1 line
07-20 09:39:28.146 17637 17637 I PermissionManager: camera remind result:true
07-20 09:39:29.264   729   729 E wificond: Failed to get NL80211_RATE_INFO_NOISE
07-20 09:39:29.264   729   729 E wificond: Failed to get NL80211_RATE_INFO_SNR
07-20 09:39:29.264   729   729 E wificond: Failed to get NL80211_STA_INFO_CNAHLOAD
07-20 09:39:29.266  1255  1476 I chatty  : uid=1000(system) ConnectivitySer expire 21 lines
07-20 09:39:29.269  1255  1461 I chatty  : uid=1000(system) WifiStateMachin expire 7 lines
07-20 09:39:32.277   729   729 E wificond: Failed to get NL80211_RATE_INFO_NOISE
07-20 09:39:32.278   729   729 E wificond: Failed to get NL80211_RATE_INFO_SNR
07-20 09:39:32.278   729   729 E wificond: Failed to get NL80211_STA_INFO_CNAHLOAD
07-20 09:39:32.701  1255  1442 I chatty  : uid=1000(system) sManagerService expire 4 lines
07-20 09:39:32.742  1255  2008 I chatty  : uid=1000(system) Binder:1255_8 expire 10 lines
07-20 09:39:34.116   496   632 W SocketListener: sending broadcast to Pid = 1255, Uid = 1000 
07-20 09:39:34.144  1255  8684 I chatty  : uid=1000(system) Binder:1255_1D expire 9 lines
