07-20 09:11:47.203  1255  1327 I chatty  : uid=1000(system) PowerManagerSer expire 21 lines
07-20 09:11:57.085  1255  1667 I chatty  : uid=1000(system) watchdog expire 2 lines
07-20 09:11:59.999  1255  1441 I chatty  : uid=1000(system) AlarmManager expire 4 lines
07-20 09:12:00.001  1255  1304 I chatty  : uid=1000(system) ActivityManager expire 3 lines
07-20 09:12:00.003  1255  1255 I chatty  : uid=1000 system_server expire 12 lines
07-20 09:12:06.646  1255  1412 I chatty  : uid=1000(system) UEventObserver expire 6 lines
07-20 09:12:06.664  1255  1316 I chatty  : uid=1000(system) android.fg expire 6 lines
07-20 09:12:06.664  1255  1460 I chatty  : uid=1000(system) WifiService expire 4 lines
07-20 09:12:07.125  1255  1471 I chatty  : uid=1000(system) WifiScanningSer expire 10 lines
07-20 09:12:08.934   496   632 W SocketListener: sending broadcast to Pid = 1255, Uid = 1000 
07-20 09:12:08.935  1255  1456 I chatty  : uid=1000(system) NetdConnector expire 4 lines
07-20 09:12:08.966  1255  1525 I chatty  : uid=1000(system) HwSelfCureEngin expire 2 lines
07-20 09:12:08.967  1255  8684 I chatty  : uid=1000(system) Binder:1255_1D expire 10 lines
07-20 09:12:08.969  1255  6226 I chatty  : uid=1000(system) Binder:1255_15 expire 24 lines
07-20 09:12:08.972  1255  1528 I chatty  : uid=1000(system) WifiProStateMac expire 2 lines
07-20 09:12:08.973  1255  1286 I chatty  : uid=1000(system) Binder:1255_1 expire 10 lines
07-20 09:12:10.112   729   729 I chatty  : uid=1010(wifi) /system/bin/wificond expire 33 lines
07-20 09:12:19.159  1255  1476 I chatty  : uid=1000(system) ConnectivitySer expire 11 lines
07-20 09:12:25.963  1255  1327 I chatty  : uid=1000(system) PowerManagerSer expire 11 lines
07-20 09:12:28.937   496   632 W SocketListener: sending broadcast to Pid = 1255, Uid = 1000 
07-20 09:12:28.964  1255  1255 I chatty  : uid=1000 system_server expire 10 lines
07-20 09:12:31.202   729   729 I chatty  : uid=1010(wifi) /system/bin/wificond expire 66 lines
07-20 09:12:31.207  1255  1461 I chatty  : uid=1000(system) WifiStateMachin expire 14 lines
07-20 09:12:34.300  1255  1438 I chatty  : uid=1000(system) Binder:1255_3 expire 6 lines
07-20 09:12:34.301  1255  1445 I chatty  : uid=1000(system) InputDispatcher expire 13 lines
07-20 09:12:34.396  1255  1408 I chatty  : uid=1000(system) android.anim expire 6 lines
07-20 09:12:35.553  1255  1305 I chatty  : uid=1000(system) android.ui expire 10 lines
07-20 09:12:38.304  1255  7260 I chatty  : uid=1000(system) Binder:1255_1A expire 13 lines
07-20 09:12:38.308 17637 17637 I PermissionManager: camera remind result:true
07-20 09:12:40.467  1255  6226 I chatty  : uid=1000(system) Binder:1255_15 expire 21 lines
07-20 09:12:40.490  1255  1309 I chatty  : uid=1000(system) batterystats-sy expire 2 lines
07-20 09:12:43.516  1255  1442 I chatty  : uid=1000(system) sManagerService expire 2 lines
07-20 09:12:44.314  1255  1327 I chatty  : uid=1000(system) PowerManagerSer expire 15 lines
07-20 09:12:45.678  1255  1286 I chatty  : uid=1000(system) Binder:1255_1 expire 13 lines
07-20 09:12:49.951  1255  8684 I chatty  : uid=1000(system) Binder:1255_1D expire 9 lines
07-20 09:12:53.521  1255  1255 I chatty  : uid=1000 system_server expire 19 lines
07-20 09:12:53.569  1255  1301 I chatty  : uid=1000(system) android.bg expire 2 lines
07-20 09:12:57.087  1255  1667 I chatty  : uid=1000(system) watchdog expire 3 lines
07-20 09:12:59.999  1255  1441 I chatty  : uid=1000(system) AlarmManager expire 15 lines
07-20 09:13:00.001  1255  1304 I chatty  : uid=1000(system) ActivityManager expire 6 lines
07-20 09:13:03.012  1255  1457 I chatty  : uid=1000(system) NetworkStats expire 12 lines
07-20 09:13:03.022  1255  1456 I chatty  : uid=1000(system) NetdConnector expire 8 lines
07-20 09:13:04.369  1255  1476 I chatty  : uid=1000(system) ConnectivitySer expire 14 lines
07-20 09:13:04.380  1255  1471 I chatty  : uid=1000(system) WifiScanningSer expire 10 lines
07-20 09:13:06.189   496   632 W SocketListener: sending broadcast to Pid = 1255, Uid = 1000 
07-20 09:13:06.194  1255  1316 I chatty  : uid=1000(system) android.fg expire 5 lines
07-20 09:13:06.216  1255  1525 I chatty  : uid=1000(system) HwSelfCureEngin expire 2 lines
07-20 09:13:06.217  1255  1528 I chatty  : uid=1000(system) WifiProStateMac expire 2 lines
07-20 09:13:06.230  1255  1255 I chatty  : uid=1000 system_server expire 13 lines
07-20 09:13:07.062  1255  1412 I chatty  : uid=1000(system) UEventObserver expire 4 lines
07-20 09:13:07.082  1255  1460 I chatty  : uid=1000(system) WifiService expire 3 lines
07-20 09:13:07.381   729   729 I chatty  : uid=1010(wifi) /system/bin/wificond expire 57 lines
07-20 09:13:12.875  1255  1327 I chatty  : uid=1000(system) PowerManagerSer expire 22 lines
07-20 09:13:25.701  1255  1286 I chatty  : uid=1000(system) Binder:1255_1 expire 11 lines
07-20 09:13:37.524  1255  1476 I chatty  : uid=1000(system) ConnectivitySer expire 14 lines
07-20 09:13:39.357   496   632 W SocketListener: sending broadcast to Pid = 1255, Uid = 1000 
07-20 09:13:39.367  1255  1255 I chatty  : uid=1000 system_server expire 4 lines
07-20 09:13:40.534   729   729 I chatty  : uid=1010(wifi) /system/bin/wificond expire 54 lines
07-20 09:13:47.421  1255  1441 I chatty  : uid=1000(system) AlarmManager expire 6 lines
07-20 09:13:47.465  1255  6226 I chatty  : uid=1000(system) Binder:1255_15 expire 16 lines
07-20 09:13:49.584  1255  1461 I chatty  : uid=1000(system) WifiStateMachin expire 12 lines
07-20 09:13:53.674  1255  1327 I chatty  : uid=1000(system) PowerManagerSer expire 10 lines
07-20 09:14:07.490  1255  1412 I chatty  : uid=1000(system) UEventObserver expire 6 lines
07-20 09:14:07.506  1255  1255 I chatty  : uid=1000 system_server expire 13 lines
07-20 09:14:07.506  1255  1316 I chatty  : uid=1000(system) android.fg expire 10 lines
07-20 09:14:07.507  1255  1460 I chatty  : uid=1000(system) WifiService expire 5 lines
07-20 09:14:07.672  1255  1476 I chatty  : uid=1000(system) ConnectivitySer expire 14 lines
07-20 09:14:07.690  1255  1471 I chatty  : uid=1000(system) WifiScanningSer expire 10 lines
07-20 09:14:09.506   496   632 W SocketListener: sending broadcast to Pid = 1255, Uid = 1000 
07-20 09:14:09.508  1255  1456 I chatty  : uid=1000(system) NetdConnector expire 10 lines
07-20 09:14:09.526  1255  1304 I chatty  : uid=1000(system) ActivityManager expire 8 lines
07-20 09:14:09.528  1255  1286 I chatty  : uid=1000(system) Binder:1255_1 expire 1 line
07-20 09:14:09.528  1255  7260 I chatty  : uid=1000(system) Binder:1255_1A expire 10 lines
07-20 09:14:09.529  1255  1525 I chatty  : uid=1000(system) HwSelfCureEngin expire 2 lines
07-20 09:14:09.530  1255  1528 I chatty  : uid=1000(system) WifiProStateMac expire 2 lines
07-20 09:14:09.531  1255  8684 I chatty  : uid=1000(system) Binder:1255_1D expire 10 lines
07-20 09:14:10.685   729   729 I chatty  : uid=1010(wifi) /system/bin/wificond expire 21 lines
07-20 09:14:12.034  1255  1327 I chatty  : uid=1000(system) PowerManagerSer expire 10 lines
07-20 09:14:23.416   496   631 W SocketListener: sending broadcast to Pid = 1255, Uid = 1000 
07-20 09:14:24.513   729   729 I chatty  : uid=1010(wifi) /system/bin/wificond expire 24 lines
07-20 09:14:27.091  1255  1667 I chatty  : uid=1000(system) watchdog expire 5 lines
07-20 09:14:30.395  1255  1327 I chatty  : uid=1000(system) PowerManagerSer expire 21 lines
07-20 09:14:35.121   496   631 W SocketListener: sending broadcast to Pid = 1255, Uid = 1000 
07-20 09:14:37.827   729   729 I chatty  : uid=1010(wifi) /system/bin/wificond expire 30 lines
07-20 09:14:52.533  1255  1438 I chatty  : uid=1000(system) Binder:1255_3 expire 2 lines
07-20 09:14:52.535  1255  1305 I chatty  : uid=1000(system) android.ui expire 1 line
07-20 09:14:53.037  1255  1255 I chatty  : uid=1000 system_server expire 10 lines
07-20 09:14:53.047   496   631 W SocketListener: sending broadcast to Pid = 1255, Uid = 1000 
07-20 09:14:53.052  1255  1316 I chatty  : uid=1000(system) android.fg expire 10 lines
07-20 09:14:55.864   496   631 W SocketListener: sending broadcast to Pid = 1255, Uid = 1000 
07-20 09:14:55.901   729   729 I chatty  : uid=1010(wifi) /system/bin/wificond expire 27 lines
07-20 09:14:59.999  1255  1441 I chatty  : uid=1000(system) AlarmManager expire 2 lines
07-20 09:15:00.090  1255  7260 I chatty  : uid=1000(system) Binder:1255_1A expire 3 lines
07-20 09:15:07.905  1255  6173 I chatty  : uid=1000(system) Binder:1255_14 expire 15 lines
07-20 09:15:09.154  1255  1327 I chatty  : uid=1000(system) PowerManagerSer expire 20 lines
07-20 09:15:10.903   496   631 W SocketListener: sending broadcast to Pid = 1255, Uid = 1000 
07-20 09:15:10.904  1255  1456 I chatty  : uid=1000(system) NetdConnector expire 14 lines
07-20 09:15:10.910  1255  1739 I chatty  : uid=1000(system) Binder:1255_4 expire 21 lines
07-20 09:15:10.971   729   729 I chatty  : uid=1010(wifi) /system/bin/wificond expire 24 lines
07-20 09:15:17.624  1255  1255 I chatty  : uid=1000 system_server expire 5 lines
07-20 09:15:17.624  1255  1316 I chatty  : uid=1000(system) android.fg expire 12 lines
07-20 09:15:20.015  1255  1476 I chatty  : uid=1000(system) ConnectivitySer expire 14 lines
07-20 09:15:21.839   496   632 W SocketListener: sending broadcast to Pid = 1255, Uid = 1000 
07-20 09:15:23.028   729   729 I chatty  : uid=1010(wifi) /system/bin/wificond expire 42 lines
07-20 09:15:23.037  1255  1461 I chatty  : uid=1000(system) WifiStateMachin expire 11 lines
07-20 09:15:32.534   496   631 W SocketListener: sending broadcast to Pid = 1255, Uid = 1000 
07-20 09:15:32.540  1255  1304 I chatty  : uid=1000(system) ActivityManager expire 4 lines
07-20 09:15:38.104  1255  1412 I chatty  : uid=1000(system) UEventObserver expire 4 lines
07-20 09:15:38.116  1255  1255 I chatty  : uid=1000 system_server expire 13 lines
07-20 09:15:38.117  1255  1460 I chatty  : uid=1000(system) WifiService expire 3 lines
07-20 09:15:44.133  1255  1476 I chatty  : uid=1000(system) ConnectivitySer expire 8 lines
07-20 09:15:44.156  1255  1471 I chatty  : uid=1000(system) WifiScanningSer expire 10 lines
07-20 09:15:45.874  1255  1327 I chatty  : uid=1000(system) PowerManagerSer expire 10 lines
07-20 09:15:45.964   496   632 W SocketListener: sending broadcast to Pid = 1255, Uid = 1000 
07-20 09:15:45.988  1255  7260 I chatty  : uid=1000(system) Binder:1255_1A expire 11 lines
07-20 09:15:45.991  1255  1525 I chatty  : uid=1000(system) HwSelfCureEngin expire 2 lines
07-20 09:15:45.992  1255  4718 I chatty  : uid=1000(system) Binder:1255_F expire 4 lines
07-20 09:15:45.996  1255  1528 I chatty  : uid=1000(system) WifiProStateMac expire 2 lines
07-20 09:15:47.146   729   729 I chatty  : uid=1010(wifi) /system/bin/wificond expire 33 lines
07-20 09:16:00.000  1255  1441 I chatty  : uid=1000(system) AlarmManager expire 15 lines
07-20 09:16:03.605  1255  1445 I chatty  : uid=1000(system) InputDispatcher expire 13 lines
07-20 09:16:03.721  1255  1408 I chatty  : uid=1000(system) android.anim expire 7 lines
07-20 09:16:04.755  1255  1305 I chatty  : uid=1000(system) android.ui expire 20 lines
07-20 09:16:05.262  1255  6173 I chatty  : uid=1000(system) Binder:1255_14 expire 11 lines
07-20 09:16:05.996   496   632 W SocketListener: sending broadcast to Pid = 1255, Uid = 1000 
07-20 09:16:06.024  1255  1739 I chatty  : uid=1000(system) Binder:1255_4 expire 10 lines
07-20 09:16:06.025  1255  6226 I chatty  : uid=1000(system) Binder:1255_15 expire 7 lines
07-20 09:16:06.274  1255  1327 I chatty  : uid=1000(system) PowerManagerSer expire 21 lines
07-20 09:16:07.423 17637 17637 I PermissionManager: camera remind result:true
07-20 09:16:08.236   729   729 I chatty  : uid=1010(wifi) /system/bin/wificond expire 55 lines
07-20 09:16:11.993  1255  1442 I chatty  : uid=1000(system) sManagerService expire 2 lines
07-20 09:16:14.273  1255  1461 I chatty  : uid=1000(system) WifiStateMachin expire 17 lines
07-20 09:16:17.635  1255  1255 I chatty  : uid=1000 system_server expire 21 lines
07-20 09:16:18.434  1255  5013 I chatty  : uid=1000(system) Binder:1255_10 expire 14 lines
07-20 09:16:21.126  1255  7260 I chatty  : uid=1000(system) Binder:1255_1A expire 7 lines
07-20 09:16:21.994  1255  1301 I chatty  : uid=1000(system) android.bg expire 2 lines
07-20 09:16:37.323   496   632 W SocketListener: sending broadcast to Pid = 1255, Uid = 1000 
07-20 09:16:37.323   496   632 I chatty  : uid=0(root) /system/bin/netd identical 1 line
07-20 09:16:37.324   496   632 W SocketListener: sending broadcast to Pid = 1255, Uid = 1000 
07-20 09:16:37.334   496   632 W SocketListener: sending broadcast to Pid = 1255, Uid = 1000 
07-20 09:16:37.337  1255  1456 I chatty  : uid=1000(system) NetdConnector expire 10 lines
07-20 09:16:37.338   729   729 I chatty  : uid=1010(wifi) /system/bin/wificond expire 42 lines
07-20 09:16:37.340  1255  1316 I chatty  : uid=1000(system) android.fg expire 10 lines
07-20 09:16:37.346  1255  1476 I chatty  : uid=1000(system) ConnectivitySer expire 10 lines
07-20 09:16:37.359  1255  1463 I chatty  : uid=1000(system) HwWifiCHRStateM expire 1 line
07-20 09:16:37.362  1255  4718 I chatty  : uid=1000(system) Binder:1255_F expire 11 lines
07-20 09:16:37.367  1255  1524 I chatty  : uid=1000(system) hw_wechatbooste expire 1 line
07-20 09:16:37.372  1255  1304 I chatty  : uid=1000(system) ActivityManager expire 9 lines
07-20 09:16:37.384 17216 17216 W ContextImpl: Calling a method in the system process without a qualified user: android.app.ContextImpl.startService:1656 android.content.ContextWrapper.startService:644 android.content.ContextWrapper.startService:644 com.android.settings.wifi.AccessPointConnectedReceiver.onReceive:28 android.app.ActivityThread.handleReceiver:3685 
07-20 09:16:37.390  1255 10281 I chatty  : uid=1000(system) Binder:1255_1F expire 23 lines
07-20 09:16:38.519  1255  1412 I chatty  : uid=1000(system) UEventObserver expire 6 lines
07-20 09:16:38.530  1255  1460 I chatty  : uid=1000(system) WifiService expire 4 lines
07-20 09:16:39.560   496   632 W SocketListener: sending broadcast to Pid = 1255, Uid = 1000 
07-20 09:16:42.994  1255  1327 I chatty  : uid=1000(system) PowerManagerSer expire 10 lines
07-20 09:16:44.191  1255  1471 I chatty  : uid=1000(system) WifiScanningSer expire 5 lines
07-20 09:16:46.001   496   632 W SocketListener: sending broadcast to Pid = 1255, Uid = 1000 
07-20 09:16:46.033  1255  1525 I chatty  : uid=1000(system) HwSelfCureEngin expire 1 line
07-20 09:16:46.034  1255  1528 I chatty  : uid=1000(system) WifiProStateMac expire 1 line
07-20 09:16:46.039  1255  6173 I chatty  : uid=1000(system) Binder:1255_14 expire 4 lines
07-20 09:16:50.427  1255  1461 I chatty  : uid=1000(system) WifiStateMachin expire 10 lines
07-20 09:16:54.711   496   631 W SocketListener: sending broadcast to Pid = 1255, Uid = 1000 
07-20 09:16:56.448   729   729 I chatty  : uid=1010(wifi) /system/bin/wificond expire 84 lines
07-20 09:16:57.098  1255  1667 I chatty  : uid=1000(system) watchdog expire 3 lines
07-20 09:17:00.605  1255  1309 I chatty  : uid=1000(system) batterystats-sy expire 2 lines
07-20 09:17:03.393  1255  1327 I chatty  : uid=1000(system) PowerManagerSer expire 33 lines
07-20 09:17:08.749  1255  1255 I chatty  : uid=1000 system_server expire 13 lines
07-20 09:17:20.555  1255  4718 I chatty  : uid=1000(system) Binder:1255_F expire 10 lines
07-20 09:17:28.901  1255  1529 I chatty  : uid=1000(system) StatisticsCHRMs expire 4 lines
07-20 09:17:38.949  1255  1316 I chatty  : uid=1000(system) android.fg expire 7 lines
07-20 09:17:43.710   496   631 W SocketListener: sending broadcast to Pid = 1255, Uid = 1000 
07-20 09:17:43.712  1255  1456 I chatty  : uid=1000(system) NetdConnector expire 4 lines
07-20 09:17:44.653   729   729 I chatty  : uid=1010(wifi) /system/bin/wificond expire 27 lines
07-20 09:17:50.695  1255 10281 I chatty  : uid=1000(system) Binder:1255_1F expire 4 lines
07-20 09:17:53.703  1255  1476 I chatty  : uid=1000(system) ConnectivitySer expire 4 lines
07-20 09:17:58.223   727   833 E /system/bin/storaged: open file /data/storaged/storaged.txt failed!2
07-20 09:17:58.224   727   833 E /system/bin/storaged: write(append)  diskstat data failed!ts:1532071078,read bytes:1724456960, write bytes: 3392610304
07-20 09:17:58.242   727   833 E /system/bin/storaged: curr_io_stats:  size: 254
07-20 09:17:58.247   727   833 E /system/bin/storaged: open file /data/storaged/storaged.txt failed!2
07-20 09:17:58.247   727   833 E /system/bin/storaged: write(append)  uid data failed!
07-20 09:17:58.903   496   631 W SocketListener: sending broadcast to Pid = 1255, Uid = 1000 
07-20 09:17:59.734   729   729 I chatty  : uid=1010(wifi) /system/bin/wificond expire 33 lines
07-20 09:18:00.004  1255  1255 I chatty  : uid=1000 system_server expire 41 lines
07-20 09:18:03.031  1255  1441 I chatty  : uid=1000(system) AlarmManager expire 10 lines
07-20 09:18:03.032  1255  1304 I chatty  : uid=1000(system) ActivityManager expire 5 lines
07-20 09:18:03.048  1255  1301 I chatty  : uid=1000(system) android.bg expire 2 lines
07-20 09:18:03.058  1255  4718 I chatty  : uid=1000(system) Binder:1255_F expire 23 lines
07-20 09:18:03.067   496   631 W SocketListener: sending broadcast to Pid = 1255, Uid = 1000 
07-20 09:18:03.069  1255  1456 I chatty  : uid=1000(system) NetdConnector expire 6 lines
07-20 09:18:03.073  1255  7260 I chatty  : uid=1000(system) Binder:1255_1A expire 10 lines
07-20 09:18:03.073  1255  1316 I chatty  : uid=1000(system) android.fg expire 9 lines
07-20 09:18:03.085  1255  5013 I chatty  : uid=1000(system) Binder:1255_10 expire 10 lines
07-20 09:18:03.093  1255  6173 I chatty  : uid=1000(system) Binder:1255_14 expire 16 lines
07-20 09:18:03.719  1692  3396 W ContextImpl: Calling a method in the system process without a qualified user: android.app.ContextImpl.sendBroadcast:1095 com.huawei.android.chr.statistics.TelStatusService.updateStatisticDB:628 com.huawei.android.chr.statistics.TelStatusService.triggerStatsReport:545 com.huawei.android.chr.statistics.TelStatusService.triggerAllStatsReport:554 com.huawei.android.chr.statistics.TelStatusManager.triggerAllStatsReport:328 
07-20 09:18:04.196  1255  1461 I chatty  : uid=1000(system) WifiStateMachin expire 8 lines
07-20 09:18:04.203  1255  1471 I chatty  : uid=1000(system) WifiScanningSer expire 5 lines
07-20 09:18:04.593  1255  1327 I chatty  : uid=1000(system) PowerManagerSer expire 10 lines
07-20 09:18:06.038   496   632 W SocketListener: sending broadcast to Pid = 1255, Uid = 1000 
07-20 09:18:06.076  1255  1525 I chatty  : uid=1000(system) HwSelfCureEngin expire 1 line
07-20 09:18:06.079  1255  1528 I chatty  : uid=1000(system) WifiProStateMac expire 1 line
07-20 09:18:09.146  1255  1412 I chatty  : uid=1000(system) UEventObserver expire 2 lines
07-20 09:18:09.166  1255  1460 I chatty  : uid=1000(system) WifiService expire 2 lines
07-20 09:18:18.808   496   631 W SocketListener: sending broadcast to Pid = 1255, Uid = 1000 
07-20 09:18:20.817   729   729 I chatty  : uid=1010(wifi) /system/bin/wificond expire 39 lines
07-20 09:18:20.828  1255  5013 I chatty  : uid=1000(system) Binder:1255_10 expire 14 lines
07-20 09:18:20.913  1255  1327 I chatty  : uid=1000(system) PowerManagerSer expire 12 lines
07-20 09:18:23.848  1255  7260 I chatty  : uid=1000(system) Binder:1255_1A expire 11 lines
07-20 09:18:26.852  1255  1476 I chatty  : uid=1000(system) ConnectivitySer expire 14 lines
07-20 09:18:26.852  1255  1461 I chatty  : uid=1000(system) WifiStateMachin expire 13 lines
07-20 09:18:27.102  1255  1667 I chatty  : uid=1000(system) watchdog expire 4 lines
07-20 09:18:35.904  1255  6173 I chatty  : uid=1000(system) Binder:1255_14 expire 12 lines
07-20 09:18:36.308  1255  1301 I chatty  : uid=1000(system) android.bg expire 13 lines
07-20 09:18:39.198   496   631 W SocketListener: sending broadcast to Pid = 1255, Uid = 1000 
07-20 09:18:39.199  1255  1456 I chatty  : uid=1000(system) NetdConnector expire 14 lines
07-20 09:18:39.202  1255  1316 I chatty  : uid=1000(system) android.fg expire 18 lines
07-20 09:18:39.204  1255  1304 I chatty  : uid=1000(system) ActivityManager expire 11 lines
07-20 09:18:39.354  1255  1412 I chatty  : uid=1000(system) UEventObserver expire 4 lines
07-20 09:18:39.369  1255  1255 I chatty  : uid=1000 system_server expire 26 lines
07-20 09:18:39.372  1255  1460 I chatty  : uid=1000(system) WifiService expire 4 lines
07-20 09:18:41.916   729   729 I chatty  : uid=1010(wifi) /system/bin/wificond expire 30 lines
07-20 09:18:43.353  1255  1327 I chatty  : uid=1000(system) PowerManagerSer expire 10 lines
07-20 09:18:44.890 21134  8505 W ContextImpl: Calling a method in the system process without a qualified user: android.app.ContextImpl.sendBroadcast:1095 android.content.ContextWrapper.sendBroadcast:436 com.huawei.idaptunnel.util.Utils.sendResultBroadcast:162 com.huawei.idaptunnel.upload.UploadStateMachine.finished:225 com.huawei.idaptunnel.upload.UploadStateMachine.doUploadEndProcess:171 
07-20 09:18:44.897 21134 21134 W ContextImpl: Calling a method in the system process without a qualified user: android.app.ContextImpl.stopService:1668 android.content.ContextWrapper.stopService:654 com.huawei.idaptunnel.MainThreadProcess$MainHandler.handleMessage:55 android.os.Handler.dispatchMessage:108 android.os.Looper.loop:218 
07-20 09:18:44.954  1255  5013 I chatty  : uid=1000(system) Binder:1255_10 expire 6 lines
07-20 09:18:45.896  1255 10281 I chatty  : uid=1000(system) Binder:1255_1F expire 19 lines
07-20 09:18:56.292  1255  1445 I chatty  : uid=1000(system) InputDispatcher expire 13 lines
07-20 09:18:56.404  1255  1408 I chatty  : uid=1000(system) android.anim expire 6 lines
07-20 09:18:59.678  1255  4718 I chatty  : uid=1000(system) Binder:1255_F expire 15 lines
07-20 09:18:59.703 17637 17637 I PermissionManager: camera remind result:true
07-20 09:19:00.000  1255  1441 I chatty  : uid=1000(system) AlarmManager expire 14 lines
07-20 09:19:00.016   729   729 I chatty  : uid=1010(wifi) /system/bin/wificond expire 54 lines
07-20 09:19:03.751  1255  1327 I chatty  : uid=1000(system) PowerManagerSer expire 17 lines
07-20 09:19:05.725  1255  1442 I chatty  : uid=1000(system) sManagerService expire 2 lines
07-20 09:19:06.046  1255  1476 I chatty  : uid=1000(system) ConnectivitySer expire 13 lines
07-20 09:19:06.062  1255  1471 I chatty  : uid=1000(system) WifiScanningSer expire 10 lines
07-20 09:19:06.733  1255 10281 I chatty  : uid=1000(system) Binder:1255_1F expire 21 lines
07-20 09:19:07.888   496   632 W SocketListener: sending broadcast to Pid = 1255, Uid = 1000 
07-20 09:19:07.925  1255  1525 I chatty  : uid=1000(system) HwSelfCureEngin expire 2 lines
07-20 09:19:07.926  1255  1528 I chatty  : uid=1000(system) WifiProStateMac expire 2 lines
07-20 09:19:09.583  1255  6173 I chatty  : uid=1000(system) Binder:1255_14 expire 13 lines
07-20 09:19:15.009  1255  1255 I chatty  : uid=1000 system_server expire 27 lines
07-20 09:19:15.069  1255  1301 I chatty  : uid=1000(system) android.bg expire 10 lines
07-20 09:19:17.491  1255  1461 I chatty  : uid=1000(system) WifiStateMachin expire 10 lines
07-20 09:19:27.895   496   632 W SocketListener: sending broadcast to Pid = 1255, Uid = 1000 
07-20 09:19:30.039   496   631 W SocketListener: sending broadcast to Pid = 1255, Uid = 1000 
07-20 09:19:30.132   729   729 I chatty  : uid=1010(wifi) /system/bin/wificond expire 27 lines
07-20 09:19:34.353  1255  1327 I chatty  : uid=1000(system) PowerManagerSer expire 10 lines
07-20 09:19:39.771  1255  1412 I chatty  : uid=1000(system) UEventObserver expire 2 lines
07-20 09:19:42.523   496   631 W SocketListener: sending broadcast to Pid = 1255, Uid = 1000 
07-20 09:19:42.532  1255 10281 I chatty  : uid=1000(system) Binder:1255_1F expire 19 lines
07-20 09:19:45.203   729   729 I chatty  : uid=1010(wifi) /system/bin/wificond expire 27 lines
07-20 09:19:48.231  1255  7260 I chatty  : uid=1000(system) Binder:1255_1A expire 14 lines
07-20 09:19:52.711  1255  1327 I chatty  : uid=1000(system) PowerManagerSer expire 17 lines
07-20 09:19:57.262  1255  1461 I chatty  : uid=1000(system) WifiStateMachin expire 7 lines
07-20 09:19:57.879   496   631 W SocketListener: sending broadcast to Pid = 1255, Uid = 1000 
07-20 09:20:00.003  1255  1255 I chatty  : uid=1000 system_server expire 12 lines
07-20 09:20:00.276   729   729 I chatty  : uid=1010(wifi) /system/bin/wificond expire 30 lines
07-20 09:20:01.600   496   631 W SocketListener: sending broadcast to Pid = 1255, Uid = 1000 
07-20 09:20:01.605  1255  1316 I chatty  : uid=1000(system) android.fg expire 12 lines
07-20 09:20:05.965  1255 10281 I chatty  : uid=1000(system) Binder:1255_1F expire 6 lines
07-20 09:20:06.086  1255  1471 I chatty  : uid=1000(system) WifiScanningSer expire 5 lines
07-20 09:20:06.302  1255  1476 I chatty  : uid=1000(system) ConnectivitySer expire 7 lines
07-20 09:20:07.909   496   632 W SocketListener: sending broadcast to Pid = 1255, Uid = 1000 
07-20 09:20:07.910  1255  1456 I chatty  : uid=1000(system) NetdConnector expire 6 lines
07-20 09:20:07.930  1255  1304 I chatty  : uid=1000(system) ActivityManager expire 3 lines
07-20 09:20:07.931  1255  1528 I chatty  : uid=1000(system) WifiProStateMac expire 1 line
07-20 09:20:07.931  1255  1525 I chatty  : uid=1000(system) HwSelfCureEngin expire 1 line
07-20 09:20:07.931  1255  4718 I chatty  : uid=1000(system) Binder:1255_F expire 8 lines
07-20 09:20:07.934  1255  5013 I chatty  : uid=1000(system) Binder:1255_10 expire 12 lines
07-20 09:20:09.974  1255  1412 I chatty  : uid=1000(system) UEventObserver expire 2 lines
07-20 09:20:09.997  1255  1460 I chatty  : uid=1000(system) WifiService expire 2 lines
07-20 09:20:16.953   496   631 W SocketListener: sending broadcast to Pid = 1255, Uid = 1000 
07-20 09:20:17.391  1255  1445 I chatty  : uid=1000(system) InputDispatcher expire 238 lines
07-20 09:20:18.351   729   729 I chatty  : uid=1010(wifi) /system/bin/wificond expire 42 lines
07-20 09:20:20.730   496   631 W SocketListener: sending broadcast to Pid = 1255, Uid = 1000 
07-20 09:20:22.760  1255  1438 I chatty  : uid=1000(system) Binder:1255_3 expire 9 lines
07-20 09:20:22.772  1255  1442 I chatty  : uid=1000(system) sManagerService expire 15 lines
07-20 09:20:23.311  1255  1327 I chatty  : uid=1000(system) PowerManagerSer expire 14 lines
07-20 09:20:24.030  1255  8684 I chatty  : uid=1000(system) Binder:1255_1D expire 7 lines
07-20 09:20:27.106  1255  1667 I chatty  : uid=1000(system) watchdog expire 3 lines
07-20 09:20:34.628  1255  1445 I chatty  : uid=1000(system) InputDispatcher expire 128 lines
07-20 09:20:37.243  1255 10281 I chatty  : uid=1000(system) Binder:1255_1F expire 17 lines
07-20 09:20:39.416  1255  1476 I chatty  : uid=1000(system) ConnectivitySer expire 28 lines
07-20 09:20:39.440  1255  1461 I chatty  : uid=1000(system) WifiStateMachin expire 17 lines
07-20 09:20:39.451  1255  1471 I chatty  : uid=1000(system) WifiScanningSer expire 15 lines
07-20 09:20:40.183  1255  1412 I chatty  : uid=1000(system) UEventObserver expire 6 lines
07-20 09:20:40.201  1255  1316 I chatty  : uid=1000(system) android.fg expire 12 lines
07-20 09:20:40.201  1255  1255 I chatty  : uid=1000 system_server expire 18 lines
07-20 09:20:40.202  1255  1460 I chatty  : uid=1000(system) WifiService expire 4 lines
07-20 09:20:41.256   496   632 W SocketListener: sending broadcast to Pid = 1255, Uid = 1000 
07-20 09:20:41.262  1255  1456 I chatty  : uid=1000(system) NetdConnector expire 12 lines
07-20 09:20:41.278  1255  1525 I chatty  : uid=1000(system) HwSelfCureEngin expire 4 lines
07-20 09:20:41.279  1255  1304 I chatty  : uid=1000(system) ActivityManager expire 8 lines
07-20 09:20:41.282  1255  1528 I chatty  : uid=1000(system) WifiProStateMac expire 4 lines
07-20 09:20:42.447   729   729 I chatty  : uid=1010(wifi) /system/bin/wificond expire 45 lines
07-20 09:20:46.008  1255  5013 I chatty  : uid=1000(system) Binder:1255_10 expire 5 lines
07-20 09:20:49.832  1255  1327 I chatty  : uid=1000(system) PowerManagerSer expire 10 lines
07-20 09:20:50.260   496   632 W SocketListener: sending broadcast to Pid = 1255, Uid = 1000 
07-20 09:20:50.288  1255  2166 I chatty  : uid=1000(system) Binder:1255_B expire 5 lines
07-20 09:20:50.291  1255  1286 I chatty  : uid=1000(system) Binder:1255_1 expire 2 lines
07-20 09:20:50.291  1255  6226 I chatty  : uid=1000(system) Binder:1255_15 expire 10 lines
07-20 09:20:54.685  1255  1301 I chatty  : uid=1000(system) android.bg expire 4 lines
07-20 09:21:00.001  1255  1441 I chatty  : uid=1000(system) AlarmManager expire 4 lines
07-20 09:21:00.125  1255  1739 I chatty  : uid=1000(system) Binder:1255_4 expire 9 lines
07-20 09:21:07.576   496   631 W SocketListener: sending broadcast to Pid = 1255, Uid = 1000 
07-20 09:21:09.545   729   729 I chatty  : uid=1010(wifi) /system/bin/wificond expire 27 lines
07-20 09:21:10.231  1255  1327 I chatty  : uid=1000(system) PowerManagerSer expire 10 lines
07-20 09:21:12.209   496   631 W SocketListener: sending broadcast to Pid = 1255, Uid = 1000 
07-20 09:21:15.571  1255  1476 I chatty  : uid=1000(system) ConnectivitySer expire 26 lines
07-20 09:21:17.411   496   632 W SocketListener: sending broadcast to Pid = 1255, Uid = 1000 
07-20 09:21:17.435  1255  1255 I chatty  : uid=1000 system_server expire 16 lines
07-20 09:21:17.444  1255  6173 I chatty  : uid=1000(system) Binder:1255_14 expire 7 lines
07-20 09:21:18.593  1255  1461 I chatty  : uid=1000(system) WifiStateMachin expire 16 lines
07-20 09:21:20.955  1255  1445 I chatty  : uid=1000(system) InputDispatcher expire 3 lines
07-20 09:21:21.625  1255  1471 I chatty  : uid=1000(system) WifiScanningSer expire 10 lines
07-20 09:21:23.441   496   632 W SocketListener: sending broadcast to Pid = 1255, Uid = 1000 
07-20 09:21:23.445  1255  1316 I chatty  : uid=1000(system) android.fg expire 3 lines
07-20 09:21:23.476  1255  6226 I chatty  : uid=1000(system) Binder:1255_15 expire 11 lines
07-20 09:21:24.568  1255  1442 I chatty  : uid=1000(system) sManagerService expire 2 lines
07-20 09:21:24.611   729   729 I chatty  : uid=1010(wifi) /system/bin/wificond expire 39 lines
07-20 09:21:26.031  1255  5991 I chatty  : uid=1000(system) Binder:1255_13 expire 11 lines
07-20 09:21:26.551  1255  1327 I chatty  : uid=1000(system) PowerManagerSer expire 10 lines
07-20 09:21:40.613  1255  7260 I chatty  : uid=1000(system) Binder:1255_1A expire 12 lines
07-20 09:21:43.474   496   632 W SocketListener: sending broadcast to Pid = 1255, Uid = 1000 
07-20 09:21:43.476  1255  1456 I chatty  : uid=1000(system) NetdConnector expire 12 lines
07-20 09:21:43.508  1255  1304 I chatty  : uid=1000(system) ActivityManager expire 11 lines
07-20 09:21:43.511  1255  1525 I chatty  : uid=1000(system) HwSelfCureEngin expire 2 lines
07-20 09:21:43.515  1255  1528 I chatty  : uid=1000(system) WifiProStateMac expire 2 lines
07-20 09:21:44.911  1255  1327 I chatty  : uid=1000(system) PowerManagerSer expire 10 lines
07-20 09:21:45.697   729   729 I chatty  : uid=1010(wifi) /system/bin/wificond expire 30 lines
07-20 09:21:45.724  1255  5013 I chatty  : uid=1000(system) Binder:1255_10 expire 2 lines
07-20 09:21:51.737  1255  1476 I chatty  : uid=1000(system) ConnectivitySer expire 10 lines
07-20 09:21:51.738  1255  1461 I chatty  : uid=1000(system) WifiStateMachin expire 10 lines
07-20 09:21:54.767  1255  1739 I chatty  : uid=1000(system) Binder:1255_4 expire 10 lines
07-20 09:21:57.113  1255  1667 I chatty  : uid=1000(system) watchdog expire 3 lines
07-20 09:21:59.999  1255  1441 I chatty  : uid=1000(system) AlarmManager expire 13 lines
07-20 09:22:00.002  1255  1255 I chatty  : uid=1000 system_server expire 11 lines
07-20 09:22:02.488   496   631 W SocketListener: sending broadcast to Pid = 1255, Uid = 1000 
07-20 09:22:02.492  1255  1316 I chatty  : uid=1000(system) android.fg expire 12 lines
07-20 09:22:03.800   729   729 I chatty  : uid=1010(wifi) /system/bin/wificond expire 39 lines
07-20 09:22:04.508   496   631 W SocketListener: sending broadcast to Pid = 1255, Uid = 1000 
07-20 09:22:05.311  1255  1327 I chatty  : uid=1000(system) PowerManagerSer expire 20 lines
07-20 09:22:10.805  1255  1412 I chatty  : uid=1000(system) UEventObserver expire 8 lines
07-20 09:22:10.822  1255  2166 I chatty  : uid=1000(system) Binder:1255_B expire 11 lines
07-20 09:22:10.834  1255  1460 I chatty  : uid=1000(system) WifiService expire 4 lines
07-20 09:22:21.685  1255  1471 I chatty  : uid=1000(system) WifiScanningSer expire 5 lines
07-20 09:22:23.496   496   632 W SocketListener: sending broadcast to Pid = 1255, Uid = 1000 
07-20 09:22:23.508  1255  1255 I chatty  : uid=1000 system_server expire 12 lines
07-20 09:22:23.528  1255  6226 I chatty  : uid=1000(system) Binder:1255_15 expire 1 line
07-20 09:22:24.924   729   729 I chatty  : uid=1010(wifi) /system/bin/wificond expire 69 lines
07-20 09:22:27.974  1255  1739 I chatty  : uid=1000(system) Binder:1255_4 expire 16 lines
07-20 09:22:28.151   496   631 W SocketListener: sending broadcast to Pid = 1255, Uid = 1000 
07-20 09:22:29.627  1255  1461 I chatty  : uid=1000(system) WifiStateMachin expire 15 lines
07-20 09:22:41.039  1255  1327 I chatty  : uid=1000(system) PowerManagerSer expire 18 lines
07-20 09:22:41.048  1255  1316 I chatty  : uid=1000(system) android.fg expire 15 lines
07-20 09:22:42.080  1255  1309 I chatty  : uid=1000(system) batterystats-sy expire 2 lines
07-20 09:22:46.112  1255  7260 I chatty  : uid=1000(system) Binder:1255_1A expire 14 lines
07-20 09:23:02.652   496   631 W SocketListener: sending broadcast to Pid = 1255, Uid = 1000 
07-20 09:23:02.671  1255  1304 I chatty  : uid=1000(system) ActivityManager expire 2 lines
07-20 09:23:03.122  1255  1255 I chatty  : uid=1000 system_server expire 22 lines
07-20 09:23:04.180   729   729 I chatty  : uid=1010(wifi) /system/bin/wificond expire 27 lines
07-20 09:23:06.131  1255  2166 I chatty  : uid=1000(system) Binder:1255_B expire 10 lines
07-20 09:23:11.248  1255  1460 I chatty  : uid=1000(system) WifiService expire 6 lines
07-20 09:23:12.631  1255  1327 I chatty  : uid=1000(system) PowerManagerSer expire 10 lines
07-20 09:23:13.223  1255  1476 I chatty  : uid=1000(system) ConnectivitySer expire 10 lines
07-20 09:23:18.839   496   631 W SocketListener: sending broadcast to Pid = 1255, Uid = 1000 
07-20 09:23:18.840  1255  1456 I chatty  : uid=1000(system) NetdConnector expire 10 lines
07-20 09:23:18.847  1255  1304 I chatty  : uid=1000(system) ActivityManager expire 8 lines
07-20 09:23:18.850  1255  1739 I chatty  : uid=1000(system) Binder:1255_4 expire 10 lines
07-20 09:23:19.252   729   729 I chatty  : uid=1010(wifi) /system/bin/wificond expire 45 lines
07-20 09:23:24.340   496   631 W SocketListener: sending broadcast to Pid = 1255, Uid = 1000 
07-20 09:23:26.142  1255  2166 I chatty  : uid=1000(system) Binder:1255_B expire 10 lines
07-20 09:23:27.124  1255  1667 I chatty  : uid=1000(system) watchdog expire 4 lines
07-20 09:23:28.959 21134 25901 W ContextImpl: Calling a method in the system process without a qualified user: android.app.ContextImpl.sendBroadcast:1095 android.content.ContextWrapper.sendBroadcast:436 com.huawei.idaptunnel.util.Utils.sendResultBroadcast:162 com.huawei.idaptunnel.upload.UploadStateMachine.finished:225 com.huawei.idaptunnel.upload.UploadStateMachine.doUploadEndProcess:171 
07-20 09:23:28.959 21134 25899 W ContextImpl: Calling a method in the system process without a qualified user: android.app.ContextImpl.sendBroadcast:1095 android.content.ContextWrapper.sendBroadcast:436 com.huawei.idaptunnel.util.Utils.sendResultBroadcast:162 com.huawei.idaptunnel.upload.UploadStateMachine.finished:225 com.huawei.idaptunnel.upload.UploadStateMachine.doUploadEndProcess:171 
07-20 09:23:28.960 21134 25900 W ContextImpl: Calling a method in the system process without a qualified user: android.app.ContextImpl.sendBroadcast:1095 android.content.ContextWrapper.sendBroadcast:436 com.huawei.idaptunnel.util.Utils.sendResultBroadcast:162 com.huawei.idaptunnel.upload.UploadStateMachine.finished:225 com.huawei.idaptunnel.upload.UploadStateMachine.doUploadEndProcess:171 
07-20 09:23:28.994 21134 21134 W ContextImpl: Calling a method in the system process without a qualified user: android.app.ContextImpl.stopService:1668 android.content.ContextWrapper.stopService:654 com.huawei.idaptunnel.MainThreadProcess$MainHandler.handleMessage:55 android.os.Handler.dispatchMessage:108 android.os.Looper.loop:218 
07-20 09:23:28.996 21134 21134 W ContextImpl: Calling a method in the system process without a qualified user: android.app.ContextImpl.stopService:1668 android.content.ContextWrapper.stopService:654 com.huawei.idaptunnel.MainThreadProcess$MainHandler.handleMessage:55 android.os.Handler.dispatchMessage:108 android.os.Looper.loop:218 
07-20 09:23:28.999 21134 21134 W ContextImpl: Calling a method in the system process without a qualified user: android.app.ContextImpl.stopService:1668 android.content.ContextWrapper.stopService:654 com.huawei.idaptunnel.MainThreadProcess$MainHandler.handleMessage:55 android.os.Handler.dispatchMessage:108 android.os.Looper.loop:218 
07-20 09:23:30.991  1255  1327 I chatty  : uid=1000(system) PowerManagerSer expire 11 lines
07-20 09:23:33.668  1255  6226 I chatty  : uid=1000(system) Binder:1255_15 expire 8 lines
07-20 09:23:41.436  1255  1412 I chatty  : uid=1000(system) UEventObserver expire 6 lines
07-20 09:23:41.672  1255  1441 I chatty  : uid=1000(system) AlarmManager expire 4 lines
07-20 09:23:41.691  1255  1471 I chatty  : uid=1000(system) WifiScanningSer expire 5 lines
07-20 09:23:43.363  1255  1461 I chatty  : uid=1000(system) WifiStateMachin expire 8 lines
07-20 09:23:43.507   496   632 W SocketListener: sending broadcast to Pid = 1255, Uid = 1000 
07-20 09:23:43.543  1255  1739 I chatty  : uid=1000(system) Binder:1255_4 expire 3 lines
07-20 09:23:43.543  1255  5013 I chatty  : uid=1000(system) Binder:1255_10 expire 3 lines
07-20 09:23:43.544  1255  1528 I chatty  : uid=1000(system) WifiProStateMac expire 1 line
07-20 09:23:43.544  1255  1255 I chatty  : uid=1000 system_server expire 12 lines
07-20 09:23:43.546  1255  1525 I chatty  : uid=1000(system) HwSelfCureEngin expire 1 line
07-20 09:23:44.312   496   631 W SocketListener: sending broadcast to Pid = 1255, Uid = 1000 
07-20 09:23:44.316  1255  1316 I chatty  : uid=1000(system) android.fg expire 12 lines
07-20 09:23:46.381   729   729 I chatty  : uid=1010(wifi) /system/bin/wificond expire 72 lines
07-20 09:23:51.391  1255  1327 I chatty  : uid=1000(system) PowerManagerSer expire 21 lines
07-20 09:24:01.477  1255  2166 I chatty  : uid=1000(system) Binder:1255_B expire 6 lines
07-20 09:24:05.682  1255  7260 I chatty  : uid=1000(system) Binder:1255_1A expire 10 lines
07-20 09:24:10.512  1255  1476 I chatty  : uid=1000(system) ConnectivitySer expire 3 lines
07-20 09:24:25.750   496   631 W SocketListener: sending broadcast to Pid = 1255, Uid = 1000 
07-20 09:24:28.608   729   729 I chatty  : uid=1010(wifi) /system/bin/wificond expire 27 lines
07-20 09:24:30.151  1255  1327 I chatty  : uid=1000(system) PowerManagerSer expire 10 lines
07-20 09:24:40.823   496   631 W SocketListener: sending broadcast to Pid = 1255, Uid = 1000 
07-20 09:24:40.825  1255  1456 I chatty  : uid=1000(system) NetdConnector expire 2 lines
07-20 09:24:40.834  1255  7260 I chatty  : uid=1000(system) Binder:1255_1A expire 4 lines
07-20 09:24:41.855  1255  1255 I chatty  : uid=1000 system_server expire 4 lines
07-20 09:24:43.690   729   729 I chatty  : uid=1010(wifi) /system/bin/wificond expire 42 lines
07-20 09:24:48.511  1255  1327 I chatty  : uid=1000(system) PowerManagerSer expire 10 lines
07-20 09:25:00.000  1255  1441 I chatty  : uid=1000(system) AlarmManager expire 10 lines
07-20 09:25:00.002  1255  1304 I chatty  : uid=1000(system) ActivityManager expire 9 lines
07-20 09:25:00.002  1255  1255 I chatty  : uid=1000 system_server expire 11 lines
07-20 09:25:00.111  1255  7260 I chatty  : uid=1000(system) Binder:1255_1A expire 5 lines
07-20 09:25:04.794  1255  1476 I chatty  : uid=1000(system) ConnectivitySer expire 7 lines
07-20 09:25:04.800  1255  1461 I chatty  : uid=1000(system) WifiStateMachin expire 10 lines
07-20 09:25:04.811  1255  5013 I chatty  : uid=1000(system) Binder:1255_10 expire 10 lines
07-20 09:25:04.812  1255  2166 I chatty  : uid=1000(system) Binder:1255_B expire 10 lines
07-20 09:25:05.054   496   631 W SocketListener: sending broadcast to Pid = 1255, Uid = 1000 
07-20 09:25:05.055  1255  1456 I chatty  : uid=1000(system) NetdConnector expire 10 lines
07-20 09:25:05.058  1255  1316 I chatty  : uid=1000(system) android.fg expire 12 lines
07-20 09:25:07.830   729   729 I chatty  : uid=1010(wifi) /system/bin/wificond expire 27 lines
07-20 09:25:08.911  1255  1327 I chatty  : uid=1000(system) PowerManagerSer expire 11 lines
07-20 09:25:12.053  1255  1412 I chatty  : uid=1000(system) UEventObserver expire 8 lines
07-20 09:25:12.068  1255  1460 I chatty  : uid=1000(system) WifiService expire 6 lines
07-20 09:25:22.615   496   631 W SocketListener: sending broadcast to Pid = 1255, Uid = 1000 
07-20 09:25:22.918   729   729 I chatty  : uid=1010(wifi) /system/bin/wificond expire 33 lines
07-20 09:25:27.129  1255  1667 I chatty  : uid=1000(system) watchdog expire 4 lines
07-20 09:25:27.272  1255  1327 I chatty  : uid=1000(system) PowerManagerSer expire 10 lines
07-20 09:25:41.727   496   631 W SocketListener: sending broadcast to Pid = 1255, Uid = 1000 
07-20 09:25:41.727   729   729 I chatty  : uid=1010(wifi) /system/bin/wificond expire 78 lines
07-20 09:25:42.276  1255  1255 I chatty  : uid=1000 system_server expire 20 lines
07-20 09:25:45.632  1255  1327 I chatty  : uid=1000(system) PowerManagerSer expire 30 lines
07-20 09:26:12.481  1255  6226 I chatty  : uid=1000(system) Binder:1255_15 expire 18 lines
07-20 09:26:12.485  1255  1316 I chatty  : uid=1000(system) android.fg expire 10 lines
07-20 09:26:21.707  1255  1471 I chatty  : uid=1000(system) WifiScanningSer expire 5 lines
07-20 09:26:21.774  1255  5013 I chatty  : uid=1000(system) Binder:1255_10 expire 8 lines
07-20 09:26:23.531   496   632 W SocketListener: sending broadcast to Pid = 1255, Uid = 1000 
07-20 09:26:23.571  1255  1525 I chatty  : uid=1000(system) HwSelfCureEngin expire 1 line
07-20 09:26:23.571  1255  1528 I chatty  : uid=1000(system) WifiProStateMac expire 1 line
07-20 09:26:26.189   729   729 I chatty  : uid=1010(wifi) /system/bin/wificond expire 33 lines
07-20 09:26:29.208  1255  1461 I chatty  : uid=1000(system) WifiStateMachin expire 2 lines
07-20 09:26:30.121  1255  2166 I chatty  : uid=1000(system) Binder:1255_B expire 10 lines
07-20 09:26:42.695  1255  1327 I chatty  : uid=1000(system) PowerManagerSer expire 10 lines
07-20 09:26:45.111   496   631 W SocketListener: sending broadcast to Pid = 1255, Uid = 1000 
07-20 09:26:45.122  1255  6226 I chatty  : uid=1000(system) Binder:1255_15 expire 1 line
07-20 09:26:45.783   729   729 I chatty  : uid=1010(wifi) /system/bin/wificond expire 36 lines
07-20 09:26:47.473   496   631 W SocketListener: sending broadcast to Pid = 1255, Uid = 1000 
07-20 09:26:47.474  1255  1456 I chatty  : uid=1000(system) NetdConnector expire 4 lines
07-20 09:26:59.373  1255  1476 I chatty  : uid=1000(system) ConnectivitySer expire 5 lines
07-20 09:26:59.373  1255  1461 I chatty  : uid=1000(system) WifiStateMachin expire 5 lines
07-20 09:26:59.385  1255  7260 I chatty  : uid=1000(system) Binder:1255_1A expire 5 lines
07-20 09:27:00.003  1255  1441 I chatty  : uid=1000(system) AlarmManager expire 2 lines
07-20 09:27:00.012  1255  1304 I chatty  : uid=1000(system) ActivityManager expire 2 lines
07-20 09:27:00.013  1255  1255 I chatty  : uid=1000 system_server expire 37 lines
07-20 09:27:00.098  1255  2166 I chatty  : uid=1000(system) Binder:1255_B expire 21 lines
07-20 09:27:01.111  1255  1327 I chatty  : uid=1000(system) PowerManagerSer expire 21 lines
07-20 09:27:02.711   496   631 W SocketListener: sending broadcast to Pid = 1255, Uid = 1000 
07-20 09:27:02.715  1255  1316 I chatty  : uid=1000(system) android.fg expire 11 lines
07-20 09:27:05.388   729   729 I chatty  : uid=1010(wifi) /system/bin/wificond expire 75 lines
07-20 09:27:08.421  1255  5013 I chatty  : uid=1000(system) Binder:1255_10 expire 4 lines
07-20 09:27:12.891  1255  1412 I chatty  : uid=1000(system) UEventObserver expire 6 lines
07-20 09:27:12.902  1255  1460 I chatty  : uid=1000(system) WifiService expire 5 lines
07-20 09:27:14.459  1255  1739 I chatty  : uid=1000(system) Binder:1255_4 expire 7 lines
07-20 09:27:27.136  1255  1667 I chatty  : uid=1000(system) watchdog expire 2 lines
07-20 09:27:29.511  1255  1476 I chatty  : uid=1000(system) ConnectivitySer expire 16 lines
07-20 09:27:29.511  1255  1461 I chatty  : uid=1000(system) WifiStateMachin expire 14 lines
07-20 09:27:29.522  1255  6226 I chatty  : uid=1000(system) Binder:1255_15 expire 13 lines
07-20 09:27:35.550  1255  7260 I chatty  : uid=1000(system) Binder:1255_1A expire 8 lines
07-20 09:27:39.872  1255  1327 I chatty  : uid=1000(system) PowerManagerSer expire 10 lines
07-20 09:27:47.615  1255  1471 I chatty  : uid=1000(system) WifiScanningSer expire 10 lines
07-20 09:27:49.432   496   632 W SocketListener: sending broadcast to Pid = 1255, Uid = 1000 
07-20 09:27:49.434  1255  1456 I chatty  : uid=1000(system) NetdConnector expire 16 lines
07-20 09:27:49.473  1255  1304 I chatty  : uid=1000(system) ActivityManager expire 10 lines
07-20 09:27:49.479  1255  1525 I chatty  : uid=1000(system) HwSelfCureEngin expire 5 lines
07-20 09:27:49.480  1255  1528 I chatty  : uid=1000(system) WifiProStateMac expire 5 lines
07-20 09:27:49.522  1255  1438 I chatty  : uid=1000(system) Binder:1255_3 expire 2 lines
07-20 09:27:49.526  1255  1305 I chatty  : uid=1000(system) android.ui expire 7 lines
07-20 09:27:49.534  1255  2687 I chatty  : uid=1000(system) Binder:1255_D expire 2 lines
07-20 09:27:49.542  1255  2112 I chatty  : uid=1000(system) Binder:1255_A expire 3 lines
07-20 09:27:49.546  1255  1773 I chatty  : uid=1000(system) Binder:1255_7 expire 2 lines
07-20 09:27:49.546  1255  7261 I chatty  : uid=1000(system) Binder:1255_1B expire 2 lines
07-20 09:27:49.550  1255  7259 I chatty  : uid=1000(system) Binder:1255_19 expire 4 lines
07-20 09:27:49.568  1255  6481 I chatty  : uid=1000(system) Binder:1255_17 expire 10 lines
07-20 09:27:49.572  1255  1287 I chatty  : uid=1000(system) Binder:1255_2 expire 3 lines
07-20 09:27:49.576  1255 10160 I chatty  : uid=1000(system) Binder:1255_1C expire 14 lines
07-20 09:27:49.820   729   729 I chatty  : uid=1010(wifi) /system/bin/wificond expire 27 lines
07-20 09:27:55.129   496   631 W SocketListener: sending broadcast to Pid = 1255, Uid = 1000 
07-20 09:27:58.231  1255  1327 I chatty  : uid=1000(system) PowerManagerSer expire 16 lines
07-20 09:27:59.650  1255  1476 I chatty  : uid=1000(system) ConnectivitySer expire 42 lines
07-20 09:27:59.999  1255  1441 I chatty  : uid=1000(system) AlarmManager expire 6 lines
07-20 09:28:00.003  1255  1255 I chatty  : uid=1000 system_server expire 14 lines
07-20 09:28:04.491   496   632 W SocketListener: sending broadcast to Pid = 1255, Uid = 1000 
07-20 09:28:04.514  1255  1304 I chatty  : uid=1000(system) ActivityManager expire 6 lines
07-20 09:28:05.675   729   729 I chatty  : uid=1010(wifi) /system/bin/wificond expire 27 lines
07-20 09:28:05.683  1255  1461 I chatty  : uid=1000(system) WifiStateMachin expire 12 lines
07-20 09:28:06.325  1255  6226 I chatty  : uid=1000(system) Binder:1255_15 expire 8 lines
07-20 09:28:08.708  1255  1471 I chatty  : uid=1000(system) WifiScanningSer expire 10 lines
07-20 09:28:10.538   496   632 W SocketListener: sending broadcast to Pid = 1255, Uid = 1000 
07-20 09:28:10.542  1255  1316 I chatty  : uid=1000(system) android.fg expire 10 lines
07-20 09:28:10.564  1255  1255 I chatty  : uid=1000 system_server expire 10 lines
07-20 09:28:10.564  1255  2166 I chatty  : uid=1000(system) Binder:1255_B expire 7 lines
07-20 09:28:19.579   496   632 W SocketListener: sending broadcast to Pid = 1255, Uid = 1000 
07-20 09:28:19.767   496   631 W SocketListener: sending broadcast to Pid = 1255, Uid = 1000 
07-20 09:28:20.740   729   729 I chatty  : uid=1010(wifi) /system/bin/wificond expire 9 lines
07-20 09:28:23.752   729   729 E wificond: Failed to get NL80211_RATE_INFO_NOISE
07-20 09:28:23.752   729   729 E wificond: Failed to get NL80211_RATE_INFO_SNR
07-20 09:28:23.752   729   729 E wificond: Failed to get NL80211_STA_INFO_CNAHLOAD
07-20 09:28:25.682   496   631 W SocketListener: sending broadcast to Pid = 1255, Uid = 1000 
07-20 09:28:26.763   729   729 E wificond: Failed to get NL80211_RATE_INFO_NOISE
07-20 09:28:26.763   729   729 E wificond: Failed to get NL80211_RATE_INFO_SNR
07-20 09:28:26.763   729   729 E wificond: Failed to get NL80211_STA_INFO_CNAHLOAD
07-20 09:28:26.791  1255  1327 I chatty  : uid=1000(system) PowerManagerSer expire 7 lines
07-20 09:28:27.138  1255  1667 I chatty  : uid=1000(system) watchdog expire 1 line
07-20 09:28:29.774   729   729 E wificond: Failed to get NL80211_RATE_INFO_NOISE
07-20 09:28:29.774   729   729 E wificond: Failed to get NL80211_RATE_INFO_SNR
07-20 09:28:29.774   729   729 E wificond: Failed to get NL80211_STA_INFO_CNAHLOAD
07-20 09:28:29.845   729   729 E wificond: Failed to get NL80211_RATE_INFO_NOISE
07-20 09:28:29.845   729   729 E wificond: Failed to get NL80211_RATE_INFO_SNR
07-20 09:28:29.845   729   729 E wificond: Failed to get NL80211_STA_INFO_CNAHLOAD
07-20 09:28:29.846   729   729 E wificond: Failed to get NL80211_RATE_INFO_NOISE
07-20 09:28:29.846   729   729 E wificond: Failed to get NL80211_RATE_INFO_SNR
07-20 09:28:29.846   729   729 E wificond: Failed to get NL80211_STA_INFO_CNAHLOAD
07-20 09:28:32.789   729   729 E wificond: Failed to get NL80211_RATE_INFO_NOISE
07-20 09:28:32.789   729   729 E wificond: Failed to get NL80211_RATE_INFO_SNR
07-20 09:28:32.789   729   729 E wificond: Failed to get NL80211_STA_INFO_CNAHLOAD
