07-20 09:28:35.805   729   729 E wificond: Failed to get NL80211_RATE_INFO_NOISE
07-20 09:28:35.805   729   729 E wificond: Failed to get NL80211_RATE_INFO_SNR
07-20 09:28:35.805   729   729 E wificond: Failed to get NL80211_STA_INFO_CNAHLOAD
07-20 09:28:37.745  1255  1441 I chatty  : uid=1000(system) AlarmManager expire 2 lines
07-20 09:28:37.763  1255  1461 I chatty  : uid=1000(system) WifiStateMachin expire 5 lines
07-20 09:28:37.772  1255  1471 I chatty  : uid=1000(system) WifiScanningSer expire 5 lines
07-20 09:28:37.855   729   729 E wificond: Failed to get NL80211_RATE_INFO_NOISE
07-20 09:28:37.856   729   729 E wificond: Failed to get NL80211_RATE_INFO_SNR
07-20 09:28:37.856   729   729 E wificond: Failed to get NL80211_STA_INFO_CNAHLOAD
07-20 09:28:37.857   729   729 E wificond: Failed to get NL80211_RATE_INFO_NOISE
07-20 09:28:37.858   729   729 E wificond: Failed to get NL80211_RATE_INFO_SNR
07-20 09:28:37.858   729   729 E wificond: Failed to get NL80211_STA_INFO_CNAHLOAD
07-20 09:28:38.810   729   729 E wificond: Failed to get NL80211_RATE_INFO_NOISE
07-20 09:28:38.810   729   729 E wificond: Failed to get NL80211_RATE_INFO_SNR
07-20 09:28:38.810   729   729 E wificond: Failed to get NL80211_STA_INFO_CNAHLOAD
07-20 09:28:39.595   496   632 W SocketListener: sending broadcast to Pid = 1255, Uid = 1000 
07-20 09:28:39.599  1255  1316 I chatty  : uid=1000(system) android.fg expire 1 line
07-20 09:28:39.632  1255  1255 I chatty  : uid=1000 system_server expire 12 lines
07-20 09:28:39.654  1255  6481 I chatty  : uid=1000(system) Binder:1255_17 expire 11 lines
07-20 09:28:41.071  1255  1327 I chatty  : uid=1000(system) PowerManagerSer expire 11 lines
07-20 09:28:41.822   729   729 E wificond: Failed to get NL80211_RATE_INFO_NOISE
07-20 09:28:41.822   729   729 E wificond: Failed to get NL80211_RATE_INFO_SNR
07-20 09:28:41.822   729   729 E wificond: Failed to get NL80211_STA_INFO_CNAHLOAD
07-20 09:28:43.507  1255  1412 I chatty  : uid=1000(system) UEventObserver expire 6 lines
07-20 09:28:43.519  1255  1316 I chatty  : uid=1000(system) android.fg expire 10 lines
07-20 09:28:43.520  1255  1460 I chatty  : uid=1000(system) WifiService expire 4 lines
07-20 09:28:44.831   729   729 E wificond: Failed to get NL80211_RATE_INFO_NOISE
07-20 09:28:44.831   729   729 E wificond: Failed to get NL80211_RATE_INFO_SNR
07-20 09:28:44.831   729   729 E wificond: Failed to get NL80211_STA_INFO_CNAHLOAD
07-20 09:28:44.834  1255  1476 I chatty  : uid=1000(system) ConnectivitySer expire 11 lines
07-20 09:28:44.834  1255  1461 I chatty  : uid=1000(system) WifiStateMachin expire 10 lines
07-20 09:28:44.843  1255  2166 I chatty  : uid=1000(system) Binder:1255_B expire 9 lines
07-20 09:28:45.856   729   729 E wificond: Failed to get NL80211_RATE_INFO_NOISE
07-20 09:28:45.856   729   729 E wificond: Failed to get NL80211_RATE_INFO_SNR
07-20 09:28:45.856   729   729 E wificond: Failed to get NL80211_STA_INFO_CNAHLOAD
07-20 09:28:45.864   729   729 E wificond: Failed to get NL80211_RATE_INFO_NOISE
07-20 09:28:45.864   729   729 E wificond: Failed to get NL80211_RATE_INFO_SNR
07-20 09:28:45.864   729   729 E wificond: Failed to get NL80211_STA_INFO_CNAHLOAD
07-20 09:28:47.849   729   729 E wificond: Failed to get NL80211_RATE_INFO_NOISE
07-20 09:28:47.849   729   729 E wificond: Failed to get NL80211_RATE_INFO_SNR
07-20 09:28:47.849   729   729 E wificond: Failed to get NL80211_STA_INFO_CNAHLOAD
07-20 09:28:50.864   729   729 E wificond: Failed to get NL80211_RATE_INFO_NOISE
07-20 09:28:50.864   729   729 E wificond: Failed to get NL80211_RATE_INFO_SNR
07-20 09:28:50.864   729   729 E wificond: Failed to get NL80211_STA_INFO_CNAHLOAD
07-20 09:28:50.877  1255 10160 I chatty  : uid=1000(system) Binder:1255_1C expire 10 lines
07-20 09:28:53.863   729   729 E wificond: Failed to get NL80211_RATE_INFO_NOISE
07-20 09:28:53.863   729   729 E wificond: Failed to get NL80211_RATE_INFO_SNR
07-20 09:28:53.863   729   729 E wificond: Failed to get NL80211_STA_INFO_CNAHLOAD
07-20 09:28:53.871   729   729 E wificond: Failed to get NL80211_RATE_INFO_NOISE
07-20 09:28:53.871   729   729 E wificond: Failed to get NL80211_RATE_INFO_SNR
07-20 09:28:53.871   729   729 E wificond: Failed to get NL80211_STA_INFO_CNAHLOAD
07-20 09:28:53.882   729   729 E wificond: Failed to get NL80211_RATE_INFO_NOISE
07-20 09:28:53.882   729   729 E wificond: Failed to get NL80211_RATE_INFO_SNR
07-20 09:28:53.882   729   729 E wificond: Failed to get NL80211_STA_INFO_CNAHLOAD
07-20 09:28:56.823   496   631 W SocketListener: sending broadcast to Pid = 1255, Uid = 1000 
07-20 09:28:56.825  1255  1456 I chatty  : uid=1000(system) NetdConnector expire 8 lines
07-20 09:28:56.832  1255  1304 I chatty  : uid=1000(system) ActivityManager expire 7 lines
07-20 09:28:56.835  1255  6226 I chatty  : uid=1000(system) Binder:1255_15 expire 8 lines
07-20 09:28:56.896   729   729 E wificond: Failed to get NL80211_RATE_INFO_NOISE
07-20 09:28:56.896   729   729 E wificond: Failed to get NL80211_RATE_INFO_SNR
07-20 09:28:56.896   729   729 E wificond: Failed to get NL80211_STA_INFO_CNAHLOAD
07-20 09:28:57.139  1255  1667 I chatty  : uid=1000(system) watchdog expire 3 lines
07-20 09:28:59.911   729   729 E wificond: Failed to get NL80211_RATE_INFO_NOISE
07-20 09:28:59.911   729   729 E wificond: Failed to get NL80211_RATE_INFO_SNR
07-20 09:28:59.911   729   729 E wificond: Failed to get NL80211_STA_INFO_CNAHLOAD
07-20 09:29:00.000  1255  1441 I chatty  : uid=1000(system) AlarmManager expire 6 lines
07-20 09:29:01.471  1255  1327 I chatty  : uid=1000(system) PowerManagerSer expire 11 lines
07-20 09:29:01.865   729   729 E wificond: Failed to get NL80211_RATE_INFO_NOISE
07-20 09:29:01.865   729   729 E wificond: Failed to get NL80211_RATE_INFO_SNR
07-20 09:29:01.865   729   729 E wificond: Failed to get NL80211_STA_INFO_CNAHLOAD
07-20 09:29:01.867   729   729 E wificond: Failed to get NL80211_RATE_INFO_NOISE
07-20 09:29:01.867   729   729 E wificond: Failed to get NL80211_RATE_INFO_SNR
07-20 09:29:01.867   729   729 E wificond: Failed to get NL80211_STA_INFO_CNAHLOAD
07-20 09:29:02.930   729   729 E wificond: Failed to get NL80211_RATE_INFO_NOISE
07-20 09:29:02.930   729   729 E wificond: Failed to get NL80211_RATE_INFO_SNR
07-20 09:29:02.930   729   729 E wificond: Failed to get NL80211_STA_INFO_CNAHLOAD
07-20 09:29:05.945   729   729 E wificond: Failed to get NL80211_RATE_INFO_NOISE
07-20 09:29:05.945   729   729 E wificond: Failed to get NL80211_RATE_INFO_SNR
07-20 09:29:05.945   729   729 E wificond: Failed to get NL80211_STA_INFO_CNAHLOAD
07-20 09:29:08.961   729   729 E wificond: Failed to get NL80211_RATE_INFO_NOISE
07-20 09:29:08.961   729   729 E wificond: Failed to get NL80211_RATE_INFO_SNR
07-20 09:29:08.961   729   729 E wificond: Failed to get NL80211_STA_INFO_CNAHLOAD
07-20 09:29:09.865   729   729 E wificond: Failed to get NL80211_RATE_INFO_NOISE
07-20 09:29:09.865   729   729 E wificond: Failed to get NL80211_RATE_INFO_SNR
07-20 09:29:09.865   729   729 E wificond: Failed to get NL80211_STA_INFO_CNAHLOAD
07-20 09:29:09.868   729   729 E wificond: Failed to get NL80211_RATE_INFO_NOISE
07-20 09:29:09.868   729   729 E wificond: Failed to get NL80211_RATE_INFO_SNR
07-20 09:29:09.868   729   729 E wificond: Failed to get NL80211_STA_INFO_CNAHLOAD
07-20 09:29:11.977   729   729 E wificond: Failed to get NL80211_RATE_INFO_NOISE
07-20 09:29:11.977   729   729 E wificond: Failed to get NL80211_RATE_INFO_SNR
07-20 09:29:11.977   729   729 E wificond: Failed to get NL80211_STA_INFO_CNAHLOAD
07-20 09:29:11.979  1255  1476 I chatty  : uid=1000(system) ConnectivitySer expire 16 lines
07-20 09:29:11.999  1255  1471 I chatty  : uid=1000(system) WifiScanningSer expire 10 lines
07-20 09:29:13.830   496   632 W SocketListener: sending broadcast to Pid = 1255, Uid = 1000 
07-20 09:29:13.855  1255  1255 I chatty  : uid=1000 system_server expire 13 lines
07-20 09:29:13.856  1255  1528 I chatty  : uid=1000(system) WifiProStateMac expire 3 lines
07-20 09:29:13.856  1255  1525 I chatty  : uid=1000(system) HwSelfCureEngin expire 3 lines
07-20 09:29:13.927  1255  1739 I chatty  : uid=1000(system) Binder:1255_4 expire 2 lines
07-20 09:29:13.929  1255  1305 I chatty  : uid=1000(system) android.ui expire 1 line
07-20 09:29:14.987   729   729 E wificond: Failed to get NL80211_RATE_INFO_NOISE
07-20 09:29:14.988   729   729 E wificond: Failed to get NL80211_RATE_INFO_SNR
07-20 09:29:14.988   729   729 E wificond: Failed to get NL80211_STA_INFO_CNAHLOAD
07-20 09:29:17.878   729   729 E wificond: Failed to get NL80211_RATE_INFO_NOISE
07-20 09:29:17.878   729   729 E wificond: Failed to get NL80211_RATE_INFO_SNR
07-20 09:29:17.878   729   729 E wificond: Failed to get NL80211_STA_INFO_CNAHLOAD
07-20 09:29:17.882   729   729 E wificond: Failed to get NL80211_RATE_INFO_NOISE
07-20 09:29:17.882   729   729 E wificond: Failed to get NL80211_RATE_INFO_SNR
07-20 09:29:17.882   729   729 E wificond: Failed to get NL80211_STA_INFO_CNAHLOAD
07-20 09:29:17.991   729   729 E wificond: Failed to get NL80211_RATE_INFO_NOISE
07-20 09:29:17.991   729   729 E wificond: Failed to get NL80211_RATE_INFO_SNR
07-20 09:29:17.991   729   729 E wificond: Failed to get NL80211_STA_INFO_CNAHLOAD
07-20 09:29:19.831  1255  1327 I chatty  : uid=1000(system) PowerManagerSer expire 10 lines
07-20 09:29:21.007   729   729 E wificond: Failed to get NL80211_RATE_INFO_NOISE
07-20 09:29:21.007   729   729 E wificond: Failed to get NL80211_RATE_INFO_SNR
07-20 09:29:21.008   729   729 E wificond: Failed to get NL80211_STA_INFO_CNAHLOAD
07-20 09:29:24.020   729   729 E wificond: Failed to get NL80211_RATE_INFO_NOISE
07-20 09:29:24.020   729   729 E wificond: Failed to get NL80211_RATE_INFO_SNR
07-20 09:29:24.020   729   729 E wificond: Failed to get NL80211_STA_INFO_CNAHLOAD
07-20 09:29:25.887   729   729 E wificond: Failed to get NL80211_RATE_INFO_NOISE
07-20 09:29:25.887   729   729 E wificond: Failed to get NL80211_RATE_INFO_SNR
07-20 09:29:25.887   729   729 E wificond: Failed to get NL80211_STA_INFO_CNAHLOAD
07-20 09:29:25.891   729   729 E wificond: Failed to get NL80211_RATE_INFO_NOISE
07-20 09:29:25.891   729   729 E wificond: Failed to get NL80211_RATE_INFO_SNR
07-20 09:29:25.891   729   729 E wificond: Failed to get NL80211_STA_INFO_CNAHLOAD
07-20 09:29:26.378  1255  7259 I chatty  : uid=1000(system) Binder:1255_19 expire 7 lines
07-20 09:29:27.034   729   729 E wificond: Failed to get NL80211_RATE_INFO_NOISE
07-20 09:29:27.034   729   729 E wificond: Failed to get NL80211_RATE_INFO_SNR
07-20 09:29:27.034   729   729 E wificond: Failed to get NL80211_STA_INFO_CNAHLOAD
07-20 09:29:30.050   729   729 E wificond: Failed to get NL80211_RATE_INFO_NOISE
07-20 09:29:30.050   729   729 E wificond: Failed to get NL80211_RATE_INFO_SNR
07-20 09:29:30.050   729   729 E wificond: Failed to get NL80211_STA_INFO_CNAHLOAD
07-20 09:29:32.009  1255  1461 I chatty  : uid=1000(system) WifiStateMachin expire 12 lines
07-20 09:29:33.058   729   729 E wificond: Failed to get NL80211_RATE_INFO_NOISE
07-20 09:29:33.058   729   729 E wificond: Failed to get NL80211_RATE_INFO_SNR
07-20 09:29:33.058   729   729 E wificond: Failed to get NL80211_STA_INFO_CNAHLOAD
07-20 09:29:33.852   496   632 W SocketListener: sending broadcast to Pid = 1255, Uid = 1000 
07-20 09:29:33.874  1255 10160 I chatty  : uid=1000(system) Binder:1255_1C expire 7 lines
07-20 09:29:33.877  1255  1287 I chatty  : uid=1000(system) Binder:1255_2 expire 5 lines
07-20 09:29:33.901   729   729 E wificond: Failed to get NL80211_RATE_INFO_NOISE
07-20 09:29:33.901   729   729 E wificond: Failed to get NL80211_RATE_INFO_SNR
07-20 09:29:33.901   729   729 E wificond: Failed to get NL80211_STA_INFO_CNAHLOAD
07-20 09:29:33.903   729   729 E wificond: Failed to get NL80211_RATE_INFO_NOISE
07-20 09:29:33.903   729   729 E wificond: Failed to get NL80211_RATE_INFO_SNR
07-20 09:29:33.903   729   729 E wificond: Failed to get NL80211_STA_INFO_CNAHLOAD
07-20 09:29:36.074   729   729 E wificond: Failed to get NL80211_RATE_INFO_NOISE
07-20 09:29:36.074   729   729 E wificond: Failed to get NL80211_RATE_INFO_SNR
07-20 09:29:36.074   729   729 E wificond: Failed to get NL80211_STA_INFO_CNAHLOAD
07-20 09:29:39.088   729   729 E wificond: Failed to get NL80211_RATE_INFO_NOISE
07-20 09:29:39.089   729   729 E wificond: Failed to get NL80211_RATE_INFO_SNR
07-20 09:29:39.089   729   729 E wificond: Failed to get NL80211_STA_INFO_CNAHLOAD
07-20 09:29:40.235  1255  1327 I chatty  : uid=1000(system) PowerManagerSer expire 10 lines
07-20 09:29:41.895   729   729 E wificond: Failed to get NL80211_RATE_INFO_NOISE
07-20 09:29:41.895   729   729 E wificond: Failed to get NL80211_RATE_INFO_SNR
07-20 09:29:41.895   729   729 E wificond: Failed to get NL80211_STA_INFO_CNAHLOAD
07-20 09:29:41.897   729   729 E wificond: Failed to get NL80211_RATE_INFO_NOISE
07-20 09:29:41.897   729   729 E wificond: Failed to get NL80211_RATE_INFO_SNR
07-20 09:29:41.897   729   729 E wificond: Failed to get NL80211_STA_INFO_CNAHLOAD
07-20 09:29:42.094   729   729 E wificond: Failed to get NL80211_RATE_INFO_NOISE
07-20 09:29:42.094   729   729 E wificond: Failed to get NL80211_RATE_INFO_SNR
07-20 09:29:42.094   729   729 E wificond: Failed to get NL80211_STA_INFO_CNAHLOAD
07-20 09:29:45.105   729   729 E wificond: Failed to get NL80211_RATE_INFO_NOISE
07-20 09:29:45.105   729   729 E wificond: Failed to get NL80211_RATE_INFO_SNR
07-20 09:29:45.105   729   729 E wificond: Failed to get NL80211_STA_INFO_CNAHLOAD
07-20 09:29:48.120   729   729 E wificond: Failed to get NL80211_RATE_INFO_NOISE
07-20 09:29:48.120   729   729 E wificond: Failed to get NL80211_RATE_INFO_SNR
07-20 09:29:48.120   729   729 E wificond: Failed to get NL80211_STA_INFO_CNAHLOAD
07-20 09:29:49.907   729   729 E wificond: Failed to get NL80211_RATE_INFO_NOISE
07-20 09:29:49.907   729   729 E wificond: Failed to get NL80211_RATE_INFO_SNR
07-20 09:29:49.907   729   729 E wificond: Failed to get NL80211_STA_INFO_CNAHLOAD
07-20 09:29:49.909   729   729 E wificond: Failed to get NL80211_RATE_INFO_NOISE
07-20 09:29:49.909   729   729 E wificond: Failed to get NL80211_RATE_INFO_SNR
07-20 09:29:49.909   729   729 E wificond: Failed to get NL80211_STA_INFO_CNAHLOAD
07-20 09:29:51.135   729   729 E wificond: Failed to get NL80211_RATE_INFO_NOISE
07-20 09:29:51.137   729   729 E wificond: Failed to get NL80211_RATE_INFO_SNR
07-20 09:29:51.137   729   729 E wificond: Failed to get NL80211_STA_INFO_CNAHLOAD
07-20 09:29:54.155   729   729 E wificond: Failed to get NL80211_RATE_INFO_NOISE
07-20 09:29:54.155   729   729 E wificond: Failed to get NL80211_RATE_INFO_SNR
07-20 09:29:54.155   729   729 E wificond: Failed to get NL80211_STA_INFO_CNAHLOAD
07-20 09:29:54.158  1255  1476 I chatty  : uid=1000(system) ConnectivitySer expire 9 lines
07-20 09:29:54.189  1255  1471 I chatty  : uid=1000(system) WifiScanningSer expire 5 lines
07-20 09:29:56.019   496   632 W SocketListener: sending broadcast to Pid = 1255, Uid = 1000 
07-20 09:29:56.049  1255  1255 I chatty  : uid=1000 system_server expire 4 lines
07-20 09:29:57.171   729   729 E wificond: Failed to get NL80211_RATE_INFO_NOISE
07-20 09:29:57.171   729   729 E wificond: Failed to get NL80211_RATE_INFO_SNR
07-20 09:29:57.171   729   729 E wificond: Failed to get NL80211_STA_INFO_CNAHLOAD
07-20 09:29:57.174  1255  1461 I chatty  : uid=1000(system) WifiStateMachin expire 1 line
07-20 09:29:57.900   729   729 E wificond: Failed to get NL80211_RATE_INFO_NOISE
07-20 09:29:57.900   729   729 E wificond: Failed to get NL80211_RATE_INFO_SNR
07-20 09:29:57.900   729   729 E wificond: Failed to get NL80211_STA_INFO_CNAHLOAD
07-20 09:29:57.902   729   729 E wificond: Failed to get NL80211_RATE_INFO_NOISE
07-20 09:29:57.902   729   729 E wificond: Failed to get NL80211_RATE_INFO_SNR
07-20 09:29:57.902   729   729 E wificond: Failed to get NL80211_STA_INFO_CNAHLOAD
07-20 09:29:58.591  1255  1327 I chatty  : uid=1000(system) PowerManagerSer expire 10 lines
07-20 09:30:00.102  1255  7259 I chatty  : uid=1000(system) Binder:1255_19 expire 8 lines
07-20 09:30:00.189   729   729 E wificond: Failed to get NL80211_RATE_INFO_NOISE
07-20 09:30:00.189   729   729 E wificond: Failed to get NL80211_RATE_INFO_SNR
07-20 09:30:00.189   729   729 E wificond: Failed to get NL80211_STA_INFO_CNAHLOAD
07-20 09:30:03.203   729   729 E wificond: Failed to get NL80211_RATE_INFO_NOISE
07-20 09:30:03.203   729   729 E wificond: Failed to get NL80211_RATE_INFO_SNR
07-20 09:30:03.203   729   729 E wificond: Failed to get NL80211_STA_INFO_CNAHLOAD
07-20 09:30:05.916   729   729 E wificond: Failed to get NL80211_RATE_INFO_NOISE
07-20 09:30:05.916   729   729 E wificond: Failed to get NL80211_RATE_INFO_SNR
07-20 09:30:05.916   729   729 E wificond: Failed to get NL80211_STA_INFO_CNAHLOAD
07-20 09:30:05.918   729   729 E wificond: Failed to get NL80211_RATE_INFO_NOISE
07-20 09:30:05.918   729   729 E wificond: Failed to get NL80211_RATE_INFO_SNR
07-20 09:30:05.918   729   729 E wificond: Failed to get NL80211_STA_INFO_CNAHLOAD
07-20 09:30:06.208   729   729 E wificond: Failed to get NL80211_RATE_INFO_NOISE
07-20 09:30:06.208   729   729 E wificond: Failed to get NL80211_RATE_INFO_SNR
07-20 09:30:06.208   729   729 E wificond: Failed to get NL80211_STA_INFO_CNAHLOAD
07-20 09:30:06.397  1255  1287 I chatty  : uid=1000(system) Binder:1255_2 expire 12 lines
07-20 09:30:09.225   729   729 E wificond: Failed to get NL80211_RATE_INFO_NOISE
07-20 09:30:09.225   729   729 E wificond: Failed to get NL80211_RATE_INFO_SNR
07-20 09:30:09.225   729   729 E wificond: Failed to get NL80211_STA_INFO_CNAHLOAD
07-20 09:30:12.239   729   729 E wificond: Failed to get NL80211_RATE_INFO_NOISE
07-20 09:30:12.239   729   729 E wificond: Failed to get NL80211_RATE_INFO_SNR
07-20 09:30:12.239   729   729 E wificond: Failed to get NL80211_STA_INFO_CNAHLOAD
07-20 09:30:13.923   729   729 E wificond: Failed to get NL80211_RATE_INFO_NOISE
07-20 09:30:13.924   729   729 E wificond: Failed to get NL80211_RATE_INFO_SNR
07-20 09:30:13.924   729   729 E wificond: Failed to get NL80211_STA_INFO_CNAHLOAD
07-20 09:30:13.926   729   729 E wificond: Failed to get NL80211_RATE_INFO_NOISE
07-20 09:30:13.926   729   729 E wificond: Failed to get NL80211_RATE_INFO_SNR
07-20 09:30:13.926   729   729 E wificond: Failed to get NL80211_STA_INFO_CNAHLOAD
07-20 09:30:14.134  1255  1412 I chatty  : uid=1000(system) UEventObserver expire 6 lines
07-20 09:30:14.151  1255  1255 I chatty  : uid=1000 system_server expire 13 lines
07-20 09:30:14.157  1255  1316 I chatty  : uid=1000(system) android.fg expire 11 lines
07-20 09:30:14.157  1255  1460 I chatty  : uid=1000(system) WifiService expire 5 lines
07-20 09:30:14.176  1255  1441 I chatty  : uid=1000(system) AlarmManager expire 6 lines
07-20 09:30:14.202  1255  1461 I chatty  : uid=1000(system) WifiStateMachin expire 10 lines
07-20 09:30:14.210  1255  1471 I chatty  : uid=1000(system) WifiScanningSer expire 10 lines
07-20 09:30:15.248   729   729 E wificond: Failed to get NL80211_RATE_INFO_NOISE
07-20 09:30:15.248   729   729 E wificond: Failed to get NL80211_RATE_INFO_SNR
07-20 09:30:15.248   729   729 E wificond: Failed to get NL80211_STA_INFO_CNAHLOAD
07-20 09:30:16.040   496   632 W SocketListener: sending broadcast to Pid = 1255, Uid = 1000 
07-20 09:30:16.041  1255  1456 I chatty  : uid=1000(system) NetdConnector expire 8 lines
07-20 09:30:16.066  1255  1304 I chatty  : uid=1000(system) ActivityManager expire 5 lines
07-20 09:30:16.071  1255 10160 I chatty  : uid=1000(system) Binder:1255_1C expire 12 lines
07-20 09:30:16.072  1255  6226 I chatty  : uid=1000(system) Binder:1255_15 expire 3 lines
07-20 09:30:16.076  1255  1525 I chatty  : uid=1000(system) HwSelfCureEngin expire 3 lines
07-20 09:30:16.078  1255  1528 I chatty  : uid=1000(system) WifiProStateMac expire 3 lines
07-20 09:30:16.951  1255  1327 I chatty  : uid=1000(system) PowerManagerSer expire 10 lines
07-20 09:30:18.267   729   729 E wificond: Failed to get NL80211_RATE_INFO_NOISE
07-20 09:30:18.267   729   729 E wificond: Failed to get NL80211_RATE_INFO_SNR
07-20 09:30:18.267   729   729 E wificond: Failed to get NL80211_STA_INFO_CNAHLOAD
07-20 09:30:21.283   729   729 E wificond: Failed to get NL80211_RATE_INFO_NOISE
07-20 09:30:21.283   729   729 E wificond: Failed to get NL80211_RATE_INFO_SNR
07-20 09:30:21.283   729   729 E wificond: Failed to get NL80211_STA_INFO_CNAHLOAD
07-20 09:30:21.918   729   729 E wificond: Failed to get NL80211_RATE_INFO_NOISE
07-20 09:30:21.919   729   729 E wificond: Failed to get NL80211_RATE_INFO_SNR
07-20 09:30:21.919   729   729 E wificond: Failed to get NL80211_STA_INFO_CNAHLOAD
07-20 09:30:21.921   729   729 E wificond: Failed to get NL80211_RATE_INFO_NOISE
07-20 09:30:21.921   729   729 E wificond: Failed to get NL80211_RATE_INFO_SNR
07-20 09:30:21.921   729   729 E wificond: Failed to get NL80211_STA_INFO_CNAHLOAD
07-20 09:30:24.294   729   729 E wificond: Failed to get NL80211_RATE_INFO_NOISE
07-20 09:30:24.296   729   729 E wificond: Failed to get NL80211_RATE_INFO_SNR
07-20 09:30:24.296   729   729 E wificond: Failed to get NL80211_STA_INFO_CNAHLOAD
07-20 09:30:27.142  1255  1667 I chatty  : uid=1000(system) watchdog expire 2 lines
07-20 09:30:27.305   729   729 E wificond: Failed to get NL80211_RATE_INFO_NOISE
07-20 09:30:27.305   729   729 E wificond: Failed to get NL80211_RATE_INFO_SNR
07-20 09:30:27.305   729   729 E wificond: Failed to get NL80211_STA_INFO_CNAHLOAD
07-20 09:30:29.932   729   729 E wificond: Failed to get NL80211_RATE_INFO_NOISE
07-20 09:30:29.932   729   729 E wificond: Failed to get NL80211_RATE_INFO_SNR
07-20 09:30:29.932   729   729 E wificond: Failed to get NL80211_STA_INFO_CNAHLOAD
07-20 09:30:29.934   729   729 E wificond: Failed to get NL80211_RATE_INFO_NOISE
07-20 09:30:29.934   729   729 E wificond: Failed to get NL80211_RATE_INFO_SNR
07-20 09:30:29.934   729   729 E wificond: Failed to get NL80211_STA_INFO_CNAHLOAD
07-20 09:30:30.310   729   729 E wificond: Failed to get NL80211_RATE_INFO_NOISE
07-20 09:30:30.310   729   729 E wificond: Failed to get NL80211_RATE_INFO_SNR
07-20 09:30:30.310   729   729 E wificond: Failed to get NL80211_STA_INFO_CNAHLOAD
07-20 09:30:33.319   729   729 E wificond: Failed to get NL80211_RATE_INFO_NOISE
07-20 09:30:33.319   729   729 E wificond: Failed to get NL80211_RATE_INFO_SNR
07-20 09:30:33.319   729   729 E wificond: Failed to get NL80211_STA_INFO_CNAHLOAD
07-20 09:30:35.312  1255  1327 I chatty  : uid=1000(system) PowerManagerSer expire 11 lines
07-20 09:30:36.335   729   729 E wificond: Failed to get NL80211_RATE_INFO_NOISE
07-20 09:30:36.335   729   729 E wificond: Failed to get NL80211_RATE_INFO_SNR
07-20 09:30:36.335   729   729 E wificond: Failed to get NL80211_STA_INFO_CNAHLOAD
07-20 09:30:37.940   729   729 E wificond: Failed to get NL80211_RATE_INFO_NOISE
07-20 09:30:37.940   729   729 E wificond: Failed to get NL80211_RATE_INFO_SNR
07-20 09:30:37.940   729   729 E wificond: Failed to get NL80211_STA_INFO_CNAHLOAD
07-20 09:30:37.942   729   729 E wificond: Failed to get NL80211_RATE_INFO_NOISE
07-20 09:30:37.942   729   729 E wificond: Failed to get NL80211_RATE_INFO_SNR
07-20 09:30:37.943   729   729 E wificond: Failed to get NL80211_STA_INFO_CNAHLOAD
07-20 09:30:39.350   729   729 E wificond: Failed to get NL80211_RATE_INFO_NOISE
07-20 09:30:39.350   729   729 E wificond: Failed to get NL80211_RATE_INFO_SNR
07-20 09:30:39.350   729   729 E wificond: Failed to get NL80211_STA_INFO_CNAHLOAD
07-20 09:30:42.358   729   729 E wificond: Failed to get NL80211_RATE_INFO_NOISE
07-20 09:30:42.358   729   729 E wificond: Failed to get NL80211_RATE_INFO_SNR
07-20 09:30:42.358   729   729 E wificond: Failed to get NL80211_STA_INFO_CNAHLOAD
07-20 09:30:45.376   729   729 E wificond: Failed to get NL80211_RATE_INFO_NOISE
07-20 09:30:45.376   729   729 E wificond: Failed to get NL80211_RATE_INFO_SNR
07-20 09:30:45.376   729   729 E wificond: Failed to get NL80211_STA_INFO_CNAHLOAD
07-20 09:30:45.940   729   729 E wificond: Failed to get NL80211_RATE_INFO_NOISE
07-20 09:30:45.940   729   729 E wificond: Failed to get NL80211_RATE_INFO_SNR
07-20 09:30:45.940   729   729 E wificond: Failed to get NL80211_STA_INFO_CNAHLOAD
07-20 09:30:45.942   729   729 E wificond: Failed to get NL80211_RATE_INFO_NOISE
07-20 09:30:45.942   729   729 E wificond: Failed to get NL80211_RATE_INFO_SNR
07-20 09:30:45.942   729   729 E wificond: Failed to get NL80211_STA_INFO_CNAHLOAD
07-20 09:30:48.392   729   729 E wificond: Failed to get NL80211_RATE_INFO_NOISE
07-20 09:30:48.392   729   729 E wificond: Failed to get NL80211_RATE_INFO_SNR
07-20 09:30:48.392   729   729 E wificond: Failed to get NL80211_STA_INFO_CNAHLOAD
07-20 09:30:51.408   729   729 E wificond: Failed to get NL80211_RATE_INFO_NOISE
07-20 09:30:51.408   729   729 E wificond: Failed to get NL80211_RATE_INFO_SNR
07-20 09:30:51.408   729   729 E wificond: Failed to get NL80211_STA_INFO_CNAHLOAD
07-20 09:30:53.950   729   729 E wificond: Failed to get NL80211_RATE_INFO_NOISE
07-20 09:30:53.950   729   729 E wificond: Failed to get NL80211_RATE_INFO_SNR
07-20 09:30:53.950   729   729 E wificond: Failed to get NL80211_STA_INFO_CNAHLOAD
07-20 09:30:53.952   729   729 E wificond: Failed to get NL80211_RATE_INFO_NOISE
07-20 09:30:53.952   729   729 E wificond: Failed to get NL80211_RATE_INFO_SNR
07-20 09:30:53.952   729   729 E wificond: Failed to get NL80211_STA_INFO_CNAHLOAD
07-20 09:30:54.413   729   729 E wificond: Failed to get NL80211_RATE_INFO_NOISE
07-20 09:30:54.413   729   729 E wificond: Failed to get NL80211_RATE_INFO_SNR
07-20 09:30:54.413   729   729 E wificond: Failed to get NL80211_STA_INFO_CNAHLOAD
07-20 09:30:55.711  1255  1327 I chatty  : uid=1000(system) PowerManagerSer expire 22 lines
07-20 09:30:56.058   496   632 W SocketListener: sending broadcast to Pid = 1255, Uid = 1000 
07-20 09:30:56.082  1255  1255 I chatty  : uid=1000 system_server expire 13 lines
07-20 09:30:57.422   729   729 E wificond: Failed to get NL80211_RATE_INFO_NOISE
07-20 09:30:57.422   729   729 E wificond: Failed to get NL80211_RATE_INFO_SNR
07-20 09:30:57.422   729   729 E wificond: Failed to get NL80211_STA_INFO_CNAHLOAD
07-20 09:31:00.103  1255  1287 I chatty  : uid=1000(system) Binder:1255_2 expire 5 lines
07-20 09:31:00.436   729   729 E wificond: Failed to get NL80211_RATE_INFO_NOISE
07-20 09:31:00.436   729   729 E wificond: Failed to get NL80211_RATE_INFO_SNR
07-20 09:31:00.436   729   729 E wificond: Failed to get NL80211_STA_INFO_CNAHLOAD
07-20 09:31:01.958   729   729 E wificond: Failed to get NL80211_RATE_INFO_NOISE
07-20 09:31:01.958   729   729 E wificond: Failed to get NL80211_RATE_INFO_SNR
07-20 09:31:01.958   729   729 E wificond: Failed to get NL80211_STA_INFO_CNAHLOAD
07-20 09:31:01.960   729   729 E wificond: Failed to get NL80211_RATE_INFO_NOISE
07-20 09:31:01.960   729   729 E wificond: Failed to get NL80211_RATE_INFO_SNR
07-20 09:31:01.960   729   729 E wificond: Failed to get NL80211_STA_INFO_CNAHLOAD
07-20 09:31:03.450   729   729 E wificond: Failed to get NL80211_RATE_INFO_NOISE
07-20 09:31:03.450   729   729 E wificond: Failed to get NL80211_RATE_INFO_SNR
07-20 09:31:03.450   729   729 E wificond: Failed to get NL80211_STA_INFO_CNAHLOAD
07-20 09:31:06.465   729   729 E wificond: Failed to get NL80211_RATE_INFO_NOISE
07-20 09:31:06.465   729   729 E wificond: Failed to get NL80211_RATE_INFO_SNR
07-20 09:31:06.465   729   729 E wificond: Failed to get NL80211_STA_INFO_CNAHLOAD
07-20 09:31:09.483   729   729 E wificond: Failed to get NL80211_RATE_INFO_NOISE
07-20 09:31:09.483   729   729 E wificond: Failed to get NL80211_RATE_INFO_SNR
07-20 09:31:09.483   729   729 E wificond: Failed to get NL80211_STA_INFO_CNAHLOAD
07-20 09:31:09.955   729   729 E wificond: Failed to get NL80211_RATE_INFO_NOISE
07-20 09:31:09.955   729   729 E wificond: Failed to get NL80211_RATE_INFO_SNR
07-20 09:31:09.955   729   729 E wificond: Failed to get NL80211_STA_INFO_CNAHLOAD
07-20 09:31:09.957   729   729 E wificond: Failed to get NL80211_RATE_INFO_NOISE
07-20 09:31:09.957   729   729 E wificond: Failed to get NL80211_RATE_INFO_SNR
07-20 09:31:09.957   729   729 E wificond: Failed to get NL80211_STA_INFO_CNAHLOAD
07-20 09:31:12.497   729   729 E wificond: Failed to get NL80211_RATE_INFO_NOISE
07-20 09:31:12.497   729   729 E wificond: Failed to get NL80211_RATE_INFO_SNR
07-20 09:31:12.497   729   729 E wificond: Failed to get NL80211_STA_INFO_CNAHLOAD
07-20 09:31:12.500  1255  1476 I chatty  : uid=1000(system) ConnectivitySer expire 14 lines
07-20 09:31:12.503  1255  1461 I chatty  : uid=1000(system) WifiStateMachin expire 6 lines
07-20 09:31:14.328  1255  1545 I chatty  : uid=1000(system) PhotonicModulat expire 23 lines
07-20 09:31:15.513   729   729 E wificond: Failed to get NL80211_RATE_INFO_NOISE
07-20 09:31:15.514   729   729 E wificond: Failed to get NL80211_RATE_INFO_SNR
07-20 09:31:15.514   729   729 E wificond: Failed to get NL80211_STA_INFO_CNAHLOAD
07-20 09:31:15.530  1255  1471 I chatty  : uid=1000(system) WifiScanningSer expire 5 lines
07-20 09:31:15.947  1255  1327 I chatty  : uid=1000(system) PowerManagerSer expire 17 lines
07-20 09:31:17.354   496   632 W SocketListener: sending broadcast to Pid = 1255, Uid = 1000 
07-20 09:31:17.967   729   729 E wificond: Failed to get NL80211_RATE_INFO_NOISE
07-20 09:31:17.967   729   729 E wificond: Failed to get NL80211_RATE_INFO_SNR
07-20 09:31:17.967   729   729 E wificond: Failed to get NL80211_STA_INFO_CNAHLOAD
07-20 09:31:17.969   729   729 E wificond: Failed to get NL80211_RATE_INFO_NOISE
07-20 09:31:17.969   729   729 E wificond: Failed to get NL80211_RATE_INFO_SNR
07-20 09:31:17.969   729   729 E wificond: Failed to get NL80211_STA_INFO_CNAHLOAD
07-20 09:31:18.022   496   631 W SocketListener: sending broadcast to Pid = 1255, Uid = 1000 
07-20 09:31:18.035  1255 10160 I chatty  : uid=1000(system) Binder:1255_1C expire 2 lines
07-20 09:31:18.519   729   729 E wificond: Failed to get NL80211_RATE_INFO_NOISE
07-20 09:31:18.519   729   729 E wificond: Failed to get NL80211_RATE_INFO_SNR
07-20 09:31:18.519   729   729 E wificond: Failed to get NL80211_STA_INFO_CNAHLOAD
07-20 09:31:20.955  1255  1255 I chatty  : uid=1000 system_server expire 23 lines
07-20 09:31:20.962  1255  1327 I chatty  : uid=1000(system) PowerManagerSer expire 50 lines
07-20 09:31:20.994  1255 10160 I chatty  : uid=1000(system) Binder:1255_1C expire 1 line
07-20 09:31:21.001  1255  1301 I chatty  : uid=1000(system) android.bg expire 1 line
07-20 09:31:21.031  1255  1287 I chatty  : uid=1000(system) Binder:1255_2 expire 10 lines
07-20 09:31:21.066  1255  5062 I chatty  : uid=1000(system) Binder:1255_11 expire 7 lines
07-20 09:31:21.080  1255  1739 I chatty  : uid=1000(system) Binder:1255_4 expire 2 lines
07-20 09:31:21.202 17637 17637 V ActivityThread: cancelCheckFreezeScreen for ActivityRecord{2d2374b token=android.os.BinderProxy@104a76b {de.mpg.mpdl.labcam/de.mpg.mpdl.labcam.MainActivity}}
07-20 09:31:21.210  1255  1545 I chatty  : uid=1000(system) PhotonicModulat expire 7 lines
07-20 09:31:21.224 17637 17637 V ActivityThread: Finishing stop of ActivityRecord{2d2374b token=android.os.BinderProxy@104a76b {de.mpg.mpdl.labcam/de.mpg.mpdl.labcam.MainActivity}}
07-20 09:31:21.237  1255  1304 I chatty  : uid=1000(system) ActivityManager expire 1 line
07-20 09:31:21.243  1255  1318 I chatty  : uid=1000(system) android.display expire 6 lines
07-20 09:31:21.287  1255  1473 I chatty  : uid=1000(system) WifiP2pService expire 6 lines
07-20 09:31:21.290  1255  1461 I chatty  : uid=1000(system) WifiStateMachin expire 5 lines
07-20 09:31:21.339  1255  1460 I chatty  : uid=1000(system) WifiService expire 1 line
07-20 09:31:21.374  1255  1456 I chatty  : uid=1000(system) NetdConnector expire 2 lines
07-20 09:31:21.435  1255  1305 I chatty  : uid=1000(system) android.ui expire 7 lines
07-20 09:31:21.535  1255  1327 I chatty  : uid=1000(system) PowerManagerSer expire 2 lines
07-20 09:31:21.632  1255  6226 I chatty  : uid=1000(system) Binder:1255_15 expire 6 lines
07-20 09:31:21.663  2620  5011 W ContextImpl: Calling a method in the system process without a qualified user: android.app.ContextImpl.bindService:1736 android.content.ContextWrapper.bindService:678 com.huawei.nb.dataservice.dsclient.RemoteServiceConnection.open:90 com.huawei.nb.dataservice.dsclient.DataServiceProxy.connect:105 com.huawei.nb.dataservice.rsclient.internal.RemoteRuleService.start:27 
07-20 09:31:21.741  1255  1287 I chatty  : uid=1000(system) Binder:1255_2 expire 12 lines
07-20 09:31:21.812  1255  1442 I chatty  : uid=1000(system) sManagerService expire 1 line
07-20 09:31:24.324  1255  1682 I chatty  : uid=1000(system) MultiTaskManage expire 15 lines
07-20 09:31:24.365  1255 22504 I chatty  : uid=1000(system) Binder:1255_20 expire 2 lines
07-20 09:31:24.367  1255  1476 I chatty  : uid=1000(system) ConnectivitySer expire 2 lines
07-20 09:31:24.590  1255  1255 I chatty  : uid=1000 system_server expire 24 lines
07-20 09:31:25.972   729   729 E wificond: Failed to get NL80211_RATE_INFO_NOISE
07-20 09:31:25.973   729   729 E wificond: Failed to get NL80211_RATE_INFO_SNR
07-20 09:31:25.973   729   729 E wificond: Failed to get NL80211_STA_INFO_CNAHLOAD
07-20 09:31:25.978   729   729 E wificond: Failed to get NL80211_RATE_INFO_NOISE
07-20 09:31:25.978   729   729 E wificond: Failed to get NL80211_RATE_INFO_SNR
07-20 09:31:25.978   729   729 E wificond: Failed to get NL80211_STA_INFO_CNAHLOAD
07-20 09:31:26.007  1255  1441 I chatty  : uid=1000(system) AlarmManager expire 4 lines
07-20 09:31:26.041  1255  1304 I chatty  : uid=1000(system) ActivityManager expire 1 line
07-20 09:31:26.079  1255  7259 I chatty  : uid=1000(system) Binder:1255_19 expire 58 lines
07-20 09:31:26.101  1255  7261 I chatty  : uid=1000(system) Binder:1255_1B expire 36 lines
07-20 09:31:26.401 32466 32466 V KeyguardStatusView: refresh statusview showing:true
07-20 09:31:26.410 32466 32466 V KeyguardDisplayManager: show
07-20 09:31:26.451  1255  5806 I chatty  : uid=1000(system) Binder:1255_12 expire 9 lines
07-20 09:31:26.499 17637 17637 V ActivityThread: Handle window ActivityRecord{2d2374b token=android.os.BinderProxy@104a76b {de.mpg.mpdl.labcam/de.mpg.mpdl.labcam.MainActivity}} visibility: false
07-20 09:31:26.548  1255  1318 I chatty  : uid=1000(system) android.display expire 2 lines
07-20 09:31:26.793  1255 10281 I chatty  : uid=1000(system) Binder:1255_1F expire 37 lines
07-20 09:31:26.794  1255  6173 I chatty  : uid=1000(system) Binder:1255_14 expire 34 lines
07-20 09:31:26.853  1255  5991 I chatty  : uid=1000(system) Binder:1255_13 expire 2 lines
07-20 09:31:26.860  1255  1408 I chatty  : uid=1000(system) android.anim expire 2 lines
07-20 09:31:27.145  1255  1667 I chatty  : uid=1000(system) watchdog expire 1 line
07-20 09:31:27.844  1255 10281 I chatty  : uid=1000(system) Binder:1255_1F expire 30 lines
07-20 09:31:27.849  1255  6173 I chatty  : uid=1000(system) Binder:1255_14 expire 27 lines
07-20 09:31:27.900  1255  7259 I chatty  : uid=1000(system) Binder:1255_19 expire 23 lines
07-20 09:31:28.175  1255  7261 I chatty  : uid=1000(system) Binder:1255_1B expire 15 lines
07-20 09:31:28.252  1255  5806 I chatty  : uid=1000(system) Binder:1255_12 expire 32 lines
07-20 09:31:28.387  1255  7261 I chatty  : uid=1000(system) Binder:1255_1B expire 16 lines
07-20 09:31:28.421  1255  6173 I chatty  : uid=1000(system) Binder:1255_14 expire 21 lines
07-20 09:31:28.425  1255 10281 I chatty  : uid=1000(system) Binder:1255_1F expire 69 lines
07-20 09:31:28.449  1255  7259 I chatty  : uid=1000(system) Binder:1255_19 expire 42 lines
07-20 09:31:29.931  1255  1338 I chatty  : uid=1000(system) PackageManager expire 4 lines
07-20 09:31:30.007  8776  8776 D ActivityThread: ActivityThread,attachApplication
07-20 09:31:30.372  8798  8798 D ActivityThread: ActivityThread,attachApplication
07-20 09:31:30.993  8798  8819 W ActivityThread: ClassLoader.getResources: The class loader returned by Thread.getContextClassLoader() may fail for processes that host multiple applications. You should explicitly specify a context class loader. For example: Thread.setContextClassLoader(getClass().getClassLoader());
07-20 09:31:33.985   729   729 E wificond: Failed to get NL80211_RATE_INFO_NOISE
07-20 09:31:33.985   729   729 E wificond: Failed to get NL80211_RATE_INFO_SNR
07-20 09:31:33.985   729   729 E wificond: Failed to get NL80211_STA_INFO_CNAHLOAD
07-20 09:31:33.990   729   729 E wificond: Failed to get NL80211_RATE_INFO_NOISE
07-20 09:31:33.990   729   729 E wificond: Failed to get NL80211_RATE_INFO_SNR
07-20 09:31:33.991   729   729 E wificond: Failed to get NL80211_STA_INFO_CNAHLOAD
07-20 09:31:36.081  1255  1301 I chatty  : uid=1000(system) android.bg expire 5 lines
07-20 09:31:41.989   729   729 E wificond: Failed to get NL80211_RATE_INFO_NOISE
07-20 09:31:41.989   729   729 E wificond: Failed to get NL80211_RATE_INFO_SNR
07-20 09:31:41.989   729   729 E wificond: Failed to get NL80211_STA_INFO_CNAHLOAD
07-20 09:31:41.994   729   729 E wificond: Failed to get NL80211_RATE_INFO_NOISE
07-20 09:31:41.994   729   729 E wificond: Failed to get NL80211_RATE_INFO_SNR
07-20 09:31:41.994   729   729 E wificond: Failed to get NL80211_STA_INFO_CNAHLOAD
07-20 09:31:42.393   496   631 W SocketListener: sending broadcast to Pid = 1255, Uid = 1000 
07-20 09:31:42.396  1255  1456 I chatty  : uid=1000(system) NetdConnector expire 8 lines
07-20 09:31:42.402  1255  1316 I chatty  : uid=1000(system) android.fg expire 12 lines
07-20 09:31:42.406  1255  1304 I chatty  : uid=1000(system) ActivityManager expire 4 lines
07-20 09:31:42.410  1255  5806 I chatty  : uid=1000(system) Binder:1255_12 expire 4 lines
07-20 09:31:44.761  1255  1412 I chatty  : uid=1000(system) UEventObserver expire 6 lines
07-20 09:31:44.787  1255  1327 I chatty  : uid=1000(system) PowerManagerSer expire 4 lines
07-20 09:31:44.791  1255  1255 I chatty  : uid=1000 system_server expire 12 lines
07-20 09:31:44.803  1255  1460 I chatty  : uid=1000(system) WifiService expire 9 lines
07-20 09:31:49.992   729   729 E wificond: Failed to get NL80211_RATE_INFO_NOISE
07-20 09:31:49.993   729   729 E wificond: Failed to get NL80211_RATE_INFO_SNR
07-20 09:31:49.993   729   729 E wificond: Failed to get NL80211_STA_INFO_CNAHLOAD
07-20 09:31:49.998   729   729 E wificond: Failed to get NL80211_RATE_INFO_NOISE
07-20 09:31:49.998   729   729 E wificond: Failed to get NL80211_RATE_INFO_SNR
07-20 09:31:49.998   729   729 E wificond: Failed to get NL80211_STA_INFO_CNAHLOAD
07-20 09:31:57.147  1255  1667 I chatty  : uid=1000(system) watchdog expire 2 lines
07-20 09:31:58.005   729   729 E wificond: Failed to get NL80211_RATE_INFO_NOISE
07-20 09:31:58.005   729   729 E wificond: Failed to get NL80211_RATE_INFO_SNR
07-20 09:31:58.005   729   729 E wificond: Failed to get NL80211_STA_INFO_CNAHLOAD
07-20 09:31:58.013   729   729 E wificond: Failed to get NL80211_RATE_INFO_NOISE
07-20 09:31:58.013   729   729 E wificond: Failed to get NL80211_RATE_INFO_SNR
07-20 09:31:58.013   729   729 E wificond: Failed to get NL80211_STA_INFO_CNAHLOAD
07-20 09:32:00.001  1255  1441 I chatty  : uid=1000(system) AlarmManager expire 1 line
07-20 09:32:06.013   729   729 E wificond: Failed to get NL80211_RATE_INFO_NOISE
07-20 09:32:06.014   729   729 E wificond: Failed to get NL80211_RATE_INFO_SNR
07-20 09:32:06.014   729   729 E wificond: Failed to get NL80211_STA_INFO_CNAHLOAD
07-20 09:32:06.018   729   729 E wificond: Failed to get NL80211_RATE_INFO_NOISE
07-20 09:32:06.018   729   729 E wificond: Failed to get NL80211_RATE_INFO_SNR
07-20 09:32:06.018   729   729 E wificond: Failed to get NL80211_STA_INFO_CNAHLOAD
07-20 09:32:14.021   729   729 E wificond: Failed to get NL80211_RATE_INFO_NOISE
07-20 09:32:14.021   729   729 E wificond: Failed to get NL80211_RATE_INFO_SNR
07-20 09:32:14.021   729   729 E wificond: Failed to get NL80211_STA_INFO_CNAHLOAD
07-20 09:32:14.026   729   729 E wificond: Failed to get NL80211_RATE_INFO_NOISE
07-20 09:32:14.026   729   729 E wificond: Failed to get NL80211_RATE_INFO_SNR
07-20 09:32:14.026   729   729 E wificond: Failed to get NL80211_STA_INFO_CNAHLOAD
07-20 09:32:14.980  1255  6173 I chatty  : uid=1000(system) Binder:1255_14 expire 3 lines
07-20 09:32:20.297   496   631 W SocketListener: sending broadcast to Pid = 1255, Uid = 1000 
07-20 09:32:22.023   729   729 E wificond: Failed to get NL80211_RATE_INFO_NOISE
07-20 09:32:22.023   729   729 E wificond: Failed to get NL80211_RATE_INFO_SNR
07-20 09:32:22.023   729   729 E wificond: Failed to get NL80211_STA_INFO_CNAHLOAD
07-20 09:32:22.028   729   729 E wificond: Failed to get NL80211_RATE_INFO_NOISE
07-20 09:32:22.028   729   729 E wificond: Failed to get NL80211_RATE_INFO_SNR
07-20 09:32:22.028   729   729 E wificond: Failed to get NL80211_STA_INFO_CNAHLOAD
07-20 09:32:30.031   729   729 E wificond: Failed to get NL80211_RATE_INFO_NOISE
07-20 09:32:30.031   729   729 E wificond: Failed to get NL80211_RATE_INFO_SNR
07-20 09:32:30.031   729   729 E wificond: Failed to get NL80211_STA_INFO_CNAHLOAD
07-20 09:32:30.037   729   729 E wificond: Failed to get NL80211_RATE_INFO_NOISE
07-20 09:32:30.037   729   729 E wificond: Failed to get NL80211_RATE_INFO_SNR
07-20 09:32:30.037   729   729 E wificond: Failed to get NL80211_STA_INFO_CNAHLOAD
07-20 09:32:35.706   496   631 W SocketListener: sending broadcast to Pid = 1255, Uid = 1000 
07-20 09:32:38.038   729   729 E wificond: Failed to get NL80211_RATE_INFO_NOISE
07-20 09:32:38.038   729   729 E wificond: Failed to get NL80211_RATE_INFO_SNR
07-20 09:32:38.039   729   729 E wificond: Failed to get NL80211_STA_INFO_CNAHLOAD
07-20 09:32:38.044   729   729 E wificond: Failed to get NL80211_RATE_INFO_NOISE
07-20 09:32:38.044   729   729 E wificond: Failed to get NL80211_RATE_INFO_SNR
07-20 09:32:38.045   729   729 E wificond: Failed to get NL80211_STA_INFO_CNAHLOAD
07-20 09:32:42.411   496   631 W SocketListener: sending broadcast to Pid = 1255, Uid = 1000 
07-20 09:32:42.421  1255  1316 I chatty  : uid=1000(system) android.fg expire 3 lines
07-20 09:32:45.188  1255 10281 I chatty  : uid=1000(system) Binder:1255_1F expire 1 line
07-20 09:32:45.197  1255  1255 I chatty  : uid=1000 system_server expire 15 lines
07-20 09:32:45.199  1255  1316 I chatty  : uid=1000(system) android.fg expire 12 lines
07-20 09:32:45.203  1255  1460 I chatty  : uid=1000(system) WifiService expire 12 lines
07-20 09:32:46.047   729   729 E wificond: Failed to get NL80211_RATE_INFO_NOISE
07-20 09:32:46.047   729   729 E wificond: Failed to get NL80211_RATE_INFO_SNR
07-20 09:32:46.047   729   729 E wificond: Failed to get NL80211_STA_INFO_CNAHLOAD
07-20 09:32:46.051   729   729 E wificond: Failed to get NL80211_RATE_INFO_NOISE
07-20 09:32:46.052   729   729 E wificond: Failed to get NL80211_RATE_INFO_SNR
07-20 09:32:46.052   729   729 E wificond: Failed to get NL80211_STA_INFO_CNAHLOAD
07-20 09:32:54.053   729   729 E wificond: Failed to get NL80211_RATE_INFO_NOISE
07-20 09:32:54.053   729   729 E wificond: Failed to get NL80211_RATE_INFO_SNR
07-20 09:32:54.053   729   729 E wificond: Failed to get NL80211_STA_INFO_CNAHLOAD
07-20 09:32:54.058   729   729 E wificond: Failed to get NL80211_RATE_INFO_NOISE
07-20 09:32:54.058   729   729 E wificond: Failed to get NL80211_RATE_INFO_SNR
07-20 09:32:54.058   729   729 E wificond: Failed to get NL80211_STA_INFO_CNAHLOAD
07-20 09:32:57.152  1255  1667 I chatty  : uid=1000(system) watchdog expire 3 lines
07-20 09:32:57.465   496   631 W SocketListener: sending broadcast to Pid = 1255, Uid = 1000 
07-20 09:32:57.469  1255  1456 I chatty  : uid=1000(system) NetdConnector expire 8 lines
07-20 09:32:57.483  1255  1304 I chatty  : uid=1000(system) ActivityManager expire 8 lines
07-20 09:32:57.488  1255  6173 I chatty  : uid=1000(system) Binder:1255_14 expire 32 lines
07-20 09:32:58.123  1255  1441 I chatty  : uid=1000(system) AlarmManager expire 23 lines
07-20 09:32:58.260  1255 10281 I chatty  : uid=1000(system) Binder:1255_1F expire 16 lines
07-20 09:32:58.299   496   631 W SocketListener: sending broadcast to Pid = 1255, Uid = 1000 
07-20 09:33:02.057   729   729 E wificond: Failed to get NL80211_RATE_INFO_NOISE
07-20 09:33:02.058   729   729 E wificond: Failed to get NL80211_RATE_INFO_SNR
07-20 09:33:02.058   729   729 E wificond: Failed to get NL80211_STA_INFO_CNAHLOAD
07-20 09:33:02.062   729   729 E wificond: Failed to get NL80211_RATE_INFO_NOISE
07-20 09:33:02.063   729   729 E wificond: Failed to get NL80211_RATE_INFO_SNR
07-20 09:33:02.063   729   729 E wificond: Failed to get NL80211_STA_INFO_CNAHLOAD
07-20 09:33:10.066   729   729 E wificond: Failed to get NL80211_RATE_INFO_NOISE
07-20 09:33:10.067   729   729 E wificond: Failed to get NL80211_RATE_INFO_SNR
07-20 09:33:10.067   729   729 E wificond: Failed to get NL80211_STA_INFO_CNAHLOAD
07-20 09:33:10.072   729   729 E wificond: Failed to get NL80211_RATE_INFO_NOISE
07-20 09:33:10.072   729   729 E wificond: Failed to get NL80211_RATE_INFO_SNR
07-20 09:33:10.072   729   729 E wificond: Failed to get NL80211_STA_INFO_CNAHLOAD
07-20 09:33:13.849   496   631 W SocketListener: sending broadcast to Pid = 1255, Uid = 1000 
07-20 09:33:13.880  1255  6226 I chatty  : uid=1000(system) Binder:1255_15 expire 10 lines
07-20 09:33:15.384  1255  1412 I chatty  : uid=1000(system) UEventObserver expire 4 lines
07-20 09:33:15.400  1255  1327 I chatty  : uid=1000(system) PowerManagerSer expire 3 lines
07-20 09:33:18.068   729   729 E wificond: Failed to get NL80211_RATE_INFO_NOISE
07-20 09:33:18.068   729   729 E wificond: Failed to get NL80211_RATE_INFO_SNR
07-20 09:33:18.069   729   729 E wificond: Failed to get NL80211_STA_INFO_CNAHLOAD
07-20 09:33:18.073   729   729 E wificond: Failed to get NL80211_RATE_INFO_NOISE
07-20 09:33:18.073   729   729 E wificond: Failed to get NL80211_RATE_INFO_SNR
07-20 09:33:18.073   729   729 E wificond: Failed to get NL80211_STA_INFO_CNAHLOAD
07-20 09:33:26.080   729   729 E wificond: Failed to get NL80211_RATE_INFO_NOISE
07-20 09:33:26.080   729   729 E wificond: Failed to get NL80211_RATE_INFO_SNR
07-20 09:33:26.080   729   729 E wificond: Failed to get NL80211_STA_INFO_CNAHLOAD
07-20 09:33:26.086   729   729 E wificond: Failed to get NL80211_RATE_INFO_NOISE
07-20 09:33:26.086   729   729 E wificond: Failed to get NL80211_RATE_INFO_SNR
07-20 09:33:26.086   729   729 E wificond: Failed to get NL80211_STA_INFO_CNAHLOAD
07-20 09:33:34.091   729   729 E wificond: Failed to get NL80211_RATE_INFO_NOISE
07-20 09:33:34.091   729   729 E wificond: Failed to get NL80211_RATE_INFO_SNR
07-20 09:33:34.091   729   729 E wificond: Failed to get NL80211_STA_INFO_CNAHLOAD
07-20 09:33:34.096   729   729 E wificond: Failed to get NL80211_RATE_INFO_NOISE
07-20 09:33:34.096   729   729 E wificond: Failed to get NL80211_RATE_INFO_SNR
07-20 09:33:34.096   729   729 E wificond: Failed to get NL80211_STA_INFO_CNAHLOAD
07-20 09:33:41.751   496   631 W SocketListener: sending broadcast to Pid = 1255, Uid = 1000 
07-20 09:33:41.767  1255  1316 I chatty  : uid=1000(system) android.fg expire 4 lines
07-20 09:33:42.093   729   729 E wificond: Failed to get NL80211_RATE_INFO_NOISE
07-20 09:33:42.094   729   729 E wificond: Failed to get NL80211_RATE_INFO_SNR
07-20 09:33:42.094   729   729 E wificond: Failed to get NL80211_STA_INFO_CNAHLOAD
07-20 09:33:42.099   729   729 E wificond: Failed to get NL80211_RATE_INFO_NOISE
07-20 09:33:42.100   729   729 E wificond: Failed to get NL80211_RATE_INFO_SNR
07-20 09:33:42.100   729   729 E wificond: Failed to get NL80211_STA_INFO_CNAHLOAD
07-20 09:33:45.622  1255  1255 I chatty  : uid=1000 system_server expire 33 lines
07-20 09:33:50.106   729   729 E wificond: Failed to get NL80211_RATE_INFO_NOISE
07-20 09:33:50.106   729   729 E wificond: Failed to get NL80211_RATE_INFO_SNR
07-20 09:33:50.106   729   729 E wificond: Failed to get NL80211_STA_INFO_CNAHLOAD
07-20 09:33:50.111   729   729 E wificond: Failed to get NL80211_RATE_INFO_NOISE
07-20 09:33:50.111   729   729 E wificond: Failed to get NL80211_RATE_INFO_SNR
07-20 09:33:50.111   729   729 E wificond: Failed to get NL80211_STA_INFO_CNAHLOAD
07-20 09:33:55.471  1255  1461 I chatty  : uid=1000(system) WifiStateMachin expire 1 line
07-20 09:33:55.538  1255  1301 I chatty  : uid=1000(system) android.bg expire 2 lines
07-20 09:33:55.612  1255  5806 I chatty  : uid=1000(system) Binder:1255_12 expire 19 lines
07-20 09:33:55.827  1255 10281 I chatty  : uid=1000(system) Binder:1255_1F expire 28 lines
07-20 09:33:55.902  8951  8951 D ActivityThread: ActivityThread,attachApplication
07-20 09:33:56.668  1255  1255 I chatty  : uid=1000 system_server expire 16 lines
07-20 09:33:57.013  8951  8980 E ActivityThread: Failed to find provider info for com.facebook.appmanager.oxygen.nekodirect.progress
07-20 09:33:57.172  1255  8684 I chatty  : uid=1000(system) Binder:1255_1D expire 20 lines
07-20 09:33:58.113   729   729 E wificond: Failed to get NL80211_RATE_INFO_NOISE
07-20 09:33:58.113   729   729 E wificond: Failed to get NL80211_RATE_INFO_SNR
07-20 09:33:58.113   729   729 E wificond: Failed to get NL80211_STA_INFO_CNAHLOAD
07-20 09:33:58.124   729   729 E wificond: Failed to get NL80211_RATE_INFO_NOISE
07-20 09:33:58.124   729   729 E wificond: Failed to get NL80211_RATE_INFO_SNR
07-20 09:33:58.124   729   729 E wificond: Failed to get NL80211_STA_INFO_CNAHLOAD
07-20 09:34:00.000  1255  1441 I chatty  : uid=1000(system) AlarmManager expire 6 lines
07-20 09:34:06.124   729   729 E wificond: Failed to get NL80211_RATE_INFO_NOISE
07-20 09:34:06.124   729   729 E wificond: Failed to get NL80211_RATE_INFO_SNR
07-20 09:34:06.124   729   729 E wificond: Failed to get NL80211_STA_INFO_CNAHLOAD
07-20 09:34:06.129   729   729 E wificond: Failed to get NL80211_RATE_INFO_NOISE
07-20 09:34:06.129   729   729 E wificond: Failed to get NL80211_RATE_INFO_SNR
